Component: ARM Compiler 5.06 update 6 (build 750) Tool: armlink [4d35ed]

==============================================================================

Section Cross References

    main.o(i.main) refers to eeprom_i2c.o(i.EEP_Init) for EEP_Init
    main.o(i.main) refers to gpio.o(i.IO_Init) for IO_Init
    main.o(i.main) refers to srf05.o(i.SRF05_Init) for SRF05_Init
    main.o(i.main) refers to pwm.o(i.PWM_Gripper_Init) for PWM_Gripper_Init
    main.o(i.main) refers to pwm.o(i.PWM_Left_Wheel_Init) for PWM_Left_Wheel_Init
    main.o(i.main) refers to pwm.o(i.PWM_Right_Wheel_Init) for PWM_Right_Wheel_Init
    main.o(i.main) refers to fsmc.o(i.FSMC_Init) for FSMC_Init
    main.o(i.main) refers to control.o(i.ARM_Servo_Move_To_Defined_Home_Start) for ARM_Servo_Move_To_Defined_Home_Start
    main.o(i.main) refers to uart.o(i.UART_USR_Init) for UART_USR_Init
    main.o(i.main) refers to utils.o(i.delay_01ms) for delay_01ms
    main.o(i.main) refers to uart.o(i.UART_USR_Send_Vel) for UART_USR_Send_Vel
    main.o(i.main) refers to control.o(i.Is_Connection_Timeout) for Is_Connection_Timeout
    main.o(i.main) refers to control.o(i.Stop_Process) for Stop_Process
    main.o(i.main) refers to control.o(i.System_Process) for System_Process
    main.o(i.main) refers to system_stm32f4xx.o(.data) for SystemCoreClock
    main.o(i.main) refers to system_timetick.o(.data) for tick_flag
    main.o(i.main) refers to main.o(.data) for cnt
    system_stm32f4xx.o(i.SystemCoreClockUpdate) refers to system_stm32f4xx.o(.data) for SystemCoreClock
    system_stm32f4xx.o(i.SystemInit) refers to system_stm32f4xx.o(i.SetSysClock) for SetSysClock
    system_timetick.o(i.SysTick_Handler) refers to system_timetick.o(.data) for tick_flag
    startup_stm32f40_41xxx.o(STACK) refers (Special) to heapauxi.o(.text) for __use_two_region_memory
    startup_stm32f40_41xxx.o(HEAP) refers (Special) to heapauxi.o(.text) for __use_two_region_memory
    startup_stm32f40_41xxx.o(RESET) refers (Special) to heapauxi.o(.text) for __use_two_region_memory
    startup_stm32f40_41xxx.o(RESET) refers to startup_stm32f40_41xxx.o(STACK) for __initial_sp
    startup_stm32f40_41xxx.o(RESET) refers to startup_stm32f40_41xxx.o(.text) for Reset_Handler
    startup_stm32f40_41xxx.o(RESET) refers to system_timetick.o(i.NMI_Handler) for NMI_Handler
    startup_stm32f40_41xxx.o(RESET) refers to system_timetick.o(i.HardFault_Handler) for HardFault_Handler
    startup_stm32f40_41xxx.o(RESET) refers to system_timetick.o(i.MemManage_Handler) for MemManage_Handler
    startup_stm32f40_41xxx.o(RESET) refers to system_timetick.o(i.BusFault_Handler) for BusFault_Handler
    startup_stm32f40_41xxx.o(RESET) refers to system_timetick.o(i.UsageFault_Handler) for UsageFault_Handler
    startup_stm32f40_41xxx.o(RESET) refers to system_timetick.o(i.SVC_Handler) for SVC_Handler
    startup_stm32f40_41xxx.o(RESET) refers to system_timetick.o(i.DebugMon_Handler) for DebugMon_Handler
    startup_stm32f40_41xxx.o(RESET) refers to system_timetick.o(i.PendSV_Handler) for PendSV_Handler
    startup_stm32f40_41xxx.o(RESET) refers to system_timetick.o(i.SysTick_Handler) for SysTick_Handler
    startup_stm32f40_41xxx.o(RESET) refers to srf05.o(i.EXTI2_IRQHandler) for EXTI2_IRQHandler
    startup_stm32f40_41xxx.o(RESET) refers to srf05.o(i.EXTI3_IRQHandler) for EXTI3_IRQHandler
    startup_stm32f40_41xxx.o(RESET) refers to uart.o(i.DMA1_Stream2_IRQHandler) for DMA1_Stream2_IRQHandler
    startup_stm32f40_41xxx.o(RESET) refers to srf05.o(i.EXTI9_5_IRQHandler) for EXTI9_5_IRQHandler
    startup_stm32f40_41xxx.o(.text) refers (Special) to heapauxi.o(.text) for __use_two_region_memory
    startup_stm32f40_41xxx.o(.text) refers to system_stm32f4xx.o(i.SystemInit) for SystemInit
    startup_stm32f40_41xxx.o(.text) refers to __main.o(!!!main) for __main
    startup_stm32f40_41xxx.o(.text) refers to startup_stm32f40_41xxx.o(HEAP) for Heap_Mem
    startup_stm32f40_41xxx.o(.text) refers to startup_stm32f40_41xxx.o(STACK) for Stack_Mem
    stm32f4xx_rcc.o(i.RCC_GetClocksFreq) refers to stm32f4xx_rcc.o(.data) for APBAHBPrescTable
    stm32f4xx_rcc.o(i.RCC_WaitForHSEStartUp) refers to stm32f4xx_rcc.o(i.RCC_GetFlagStatus) for RCC_GetFlagStatus
    stm32f4xx_usart.o(i.USART_DeInit) refers to stm32f4xx_rcc.o(i.RCC_APB2PeriphResetCmd) for RCC_APB2PeriphResetCmd
    stm32f4xx_usart.o(i.USART_DeInit) refers to stm32f4xx_rcc.o(i.RCC_APB1PeriphResetCmd) for RCC_APB1PeriphResetCmd
    stm32f4xx_usart.o(i.USART_Init) refers to stm32f4xx_rcc.o(i.RCC_GetClocksFreq) for RCC_GetClocksFreq
    stm32f4xx_tim.o(i.TIM_DeInit) refers to stm32f4xx_rcc.o(i.RCC_APB2PeriphResetCmd) for RCC_APB2PeriphResetCmd
    stm32f4xx_tim.o(i.TIM_DeInit) refers to stm32f4xx_rcc.o(i.RCC_APB1PeriphResetCmd) for RCC_APB1PeriphResetCmd
    stm32f4xx_tim.o(i.TIM_ETRClockMode1Config) refers to stm32f4xx_tim.o(i.TIM_ETRConfig) for TIM_ETRConfig
    stm32f4xx_tim.o(i.TIM_ETRClockMode2Config) refers to stm32f4xx_tim.o(i.TIM_ETRConfig) for TIM_ETRConfig
[...]
    .ARM.Collect$$rtexit$$00000000           0x0800021a   Section        2  rtexit.o(.ARM.Collect$$rtexit$$00000000)
    .ARM.Collect$$rtexit$$00000002           0x0800021c   Section        0  rtexit2.o(.ARM.Collect$$rtexit$$00000002)
    .ARM.Collect$$rtexit$$00000003           0x0800021c   Section        4  rtexit2.o(.ARM.Collect$$rtexit$$00000003)
    .ARM.Collect$$rtexit$$00000004           0x08000220   Section        6  rtexit2.o(.ARM.Collect$$rtexit$$00000004)
    .text                                    0x08000228   Section       64  startup_stm32f40_41xxx.o(.text)
    $v0                                      0x08000228   Number         0  startup_stm32f40_41xxx.o(.text)
    .text                                    0x08000268   Section      138  rt_memcpy_v6.o(.text)
    .text                                    0x080002f2   Section        0  heapauxi.o(.text)
    .text                                    0x080002f8   Section        0  _rserrno.o(.text)
    .text                                    0x0800030e   Section      100  rt_memcpy_w.o(.text)
    .text                                    0x08000374   Section        8  rt_errno_addr_intlibspace.o(.text)
    .text                                    0x0800037c   Section        8  libspace.o(.text)
    .text                                    0x08000384   Section       74  sys_stackheap_outer.o(.text)
    .text                                    0x080003ce   Section        0  exit.o(.text)
    .text                                    0x080003e0   Section        0  sys_exit.o(.text)
    .text                                    0x080003ec   Section        2  use_no_semi.o(.text)
    .text                                    0x080003ee   Section        0  indicate_semi.o(.text)
    i.ARM_Servo_Move_To_Defined_Home         0x080003f0   Section        0  control.o(i.ARM_Servo_Move_To_Defined_Home)
    i.ARM_Servo_Move_To_Defined_Home_Start   0x0800050c   Section        0  control.o(i.ARM_Servo_Move_To_Defined_Home_Start)
    i.Arm_Servo_Move                         0x08000610   Section        0  control.o(i.Arm_Servo_Move)
    i.Arm_Servo_Write_Pulse                  0x08000858   Section        0  control.o(i.Arm_Servo_Write_Pulse)
    i.BusFault_Handler                       0x080008ac   Section        0  system_timetick.o(i.BusFault_Handler)
    i.Cal_Arm_Num_Pulse                      0x080008b0   Section        0  utils.o(i.Cal_Arm_Num_Pulse)
    i.Cal_Gripper_Pulse_Width                0x080008e8   Section        0  utils.o(i.Cal_Gripper_Pulse_Width)
    i.Cal_Test_Wheel_Speed_Setpoint          0x08000906   Section        0  utils.o(i.Cal_Test_Wheel_Speed_Setpoint)
    i.Cal_Wheel_Speed_Setpoint               0x0800095c   Section        0  utils.o(i.Cal_Wheel_Speed_Setpoint)
    i.Calculate_PID_Value_Wheel              0x08000a1c   Section        0  control.o(i.Calculate_PID_Value_Wheel)
    i.DMA1_Stream2_IRQHandler                0x08000d08   Section        0  uart.o(i.DMA1_Stream2_IRQHandler)
    i.DMA_ClearFlag                          0x08000d40   Section        0  stm32f4xx_dma.o(i.DMA_ClearFlag)
    i.DMA_ClearITPendingBit                  0x08000d74   Section        0  stm32f4xx_dma.o(i.DMA_ClearITPendingBit)
    i.DMA_Cmd                                0x08000da8   Section        0  stm32f4xx_dma.o(i.DMA_Cmd)
    i.DMA_ITConfig                           0x08000dbe   Section        0  stm32f4xx_dma.o(i.DMA_ITConfig)
    i.DMA_Init                               0x08000df8   Section        0  stm32f4xx_dma.o(i.DMA_Init)
    i.DebugMon_Handler                       0x08000e50   Section        0  system_timetick.o(i.DebugMon_Handler)
    i.EEP_Init                               0x08000e54   Section        0  eeprom_i2c.o(i.EEP_Init)
    i.EXTI2_IRQHandler                       0x08000eec   Section        0  srf05.o(i.EXTI2_IRQHandler)
    i.EXTI3_IRQHandler                       0x08000f78   Section        0  srf05.o(i.EXTI3_IRQHandler)
    i.EXTI9_5_IRQHandler                     0x08001004   Section        0  srf05.o(i.EXTI9_5_IRQHandler)
    i.EXTI_ClearITPendingBit                 0x08001090   Section        0  stm32f4xx_exti.o(i.EXTI_ClearITPendingBit)
    i.EXTI_GetITStatus                       0x0800109c   Section        0  stm32f4xx_exti.o(i.EXTI_GetITStatus)
    i.EXTI_Init                              0x080010b4   Section        0  stm32f4xx_exti.o(i.EXTI_Init)
    i.FSMC_Init                              0x08001148   Section        0  fsmc.o(i.FSMC_Init)
    i.FSMC_NORSRAMCmd                        0x08001358   Section        0  stm32f4xx_fsmc.o(i.FSMC_NORSRAMCmd)
    i.FSMC_NORSRAMInit                       0x0800138c   Section        0  stm32f4xx_fsmc.o(i.FSMC_NORSRAMInit)
    i.FSMC_Read                              0x08001474   Section        0  fsmc.o(i.FSMC_Read)
    i.FSMC_Write                             0x08001488   Section        0  fsmc.o(i.FSMC_Write)
    i.GPIO_Init                              0x0800148c   Section        0  stm32f4xx_gpio.o(i.GPIO_Init)
    i.GPIO_PinAFConfig                       0x0800151c   Section        0  stm32f4xx_gpio.o(i.GPIO_PinAFConfig)
    i.GPIO_ReadInputDataBit                  0x08001562   Section        0  stm32f4xx_gpio.o(i.GPIO_ReadInputDataBit)
    i.GPIO_ResetBits                         0x08001574   Section        0  stm32f4xx_gpio.o(i.GPIO_ResetBits)
    i.GPIO_SetBits                           0x08001578   Section        0  stm32f4xx_gpio.o(i.GPIO_SetBits)
    i.Gripper_RC_Servo_Write_PWM             0x0800157c   Section        0  control.o(i.Gripper_RC_Servo_Write_PWM)
    i.HardFault_Handler                      0x08001608   Section        0  system_timetick.o(i.HardFault_Handler)
    i.I2C_Cmd                                0x0800160c   Section        0  stm32f4xx_i2c.o(i.I2C_Cmd)
    i.I2C_DeInit                             0x08001624   Section        0  stm32f4xx_i2c.o(i.I2C_DeInit)
    i.I2C_Init                               0x08001684   Section        0  stm32f4xx_i2c.o(i.I2C_Init)
    i.IO_Init                                0x0800176c   Section        0  gpio.o(i.IO_Init)
    i.IntToStr_len                           0x08001814   Section        0  utils.o(i.IntToStr_len)
    i.Is_Connection_Timeout                  0x0800184c   Section        0  control.o(i.Is_Connection_Timeout)
    i.LPF_Vel_Feedback                       0x08001884   Section        0  control.o(i.LPF_Vel_Feedback)
    i.LPF_Wheel_PID_Setpoint                 0x08001940   Section        0  control.o(i.LPF_Wheel_PID_Setpoint)
    i.MemManage_Handler                      0x080019e0   Section        0  system_timetick.o(i.MemManage_Handler)
    i.NMI_Handler                            0x080019e4   Section        0  system_timetick.o(i.NMI_Handler)
    i.NVIC_Init                              0x080019e8   Section        0  misc.o(i.NVIC_Init)
    i.PWM_Gripper_Init                       0x08001a60   Section        0  pwm.o(i.PWM_Gripper_Init)
    i.PWM_Left_Wheel_Init                    0x08001b04   Section        0  pwm.o(i.PWM_Left_Wheel_Init)
    i.PWM_Right_Wheel_Init                   0x08001bc8   Section        0  pwm.o(i.PWM_Right_Wheel_Init)
    i.PendSV_Handler                         0x08001c8c   Section        0  system_timetick.o(i.PendSV_Handler)
    i.RCC_AHB1PeriphClockCmd                 0x08001c90   Section        0  stm32f4xx_rcc.o(i.RCC_AHB1PeriphClockCmd)
    i.RCC_AHB3PeriphClockCmd                 0x08001cb0   Section        0  stm32f4xx_rcc.o(i.RCC_AHB3PeriphClockCmd)
    i.RCC_APB1PeriphClockCmd                 0x08001cd0   Section        0  stm32f4xx_rcc.o(i.RCC_APB1PeriphClockCmd)
    i.RCC_APB1PeriphResetCmd                 0x08001cf0   Section        0  stm32f4xx_rcc.o(i.RCC_APB1PeriphResetCmd)
    i.RCC_APB2PeriphClockCmd                 0x08001d10   Section        0  stm32f4xx_rcc.o(i.RCC_APB2PeriphClockCmd)
    i.RCC_GetClocksFreq                      0x08001d30   Section        0  stm32f4xx_rcc.o(i.RCC_GetClocksFreq)
    i.SRF05_Init                             0x08001e18   Section        0  srf05.o(i.SRF05_Init)
    i.SVC_Handler                            0x08001fd8   Section        0  system_timetick.o(i.SVC_Handler)
    i.SYSCFG_EXTILineConfig                  0x08001fdc   Section        0  stm32f4xx_syscfg.o(i.SYSCFG_EXTILineConfig)
    i.SetSysClock                            0x0800201c   Section        0  system_stm32f4xx.o(i.SetSysClock)
    SetSysClock                              0x0800201d   Thumb Code   220  system_stm32f4xx.o(i.SetSysClock)
    i.Stop_Process                           0x08002108   Section        0  control.o(i.Stop_Process)
    i.Stop_Wheels_Motor                      0x08002178   Section        0  control.o(i.Stop_Wheels_Motor)
    i.StrToFloat_PID_Para                    0x080021d0   Section        0  utils.o(i.StrToFloat_PID_Para)
    i.StrToFloat_PID_SetPoint                0x080022f4   Section        0  utils.o(i.StrToFloat_PID_SetPoint)
    i.SysTick_Handler                        0x080023c4   Section        0  system_timetick.o(i.SysTick_Handler)
    i.SystemInit                             0x080023e0   Section        0  system_stm32f4xx.o(i.SystemInit)
    i.System_Process                         0x08002448   Section        0  control.o(i.System_Process)
    i.TIM_Cmd                                0x080027a4   Section        0  stm32f4xx_tim.o(i.TIM_Cmd)
    i.TIM_GetCounter                         0x080027bc   Section        0  stm32f4xx_tim.o(i.TIM_GetCounter)
    i.TIM_OC1Init                            0x080027c4   Section        0  stm32f4xx_tim.o(i.TIM_OC1Init)
    i.TIM_OC1PreloadConfig                   0x08002840   Section        0  stm32f4xx_tim.o(i.TIM_OC1PreloadConfig)
    i.TIM_SetCompare1                        0x08002852   Section        0  stm32f4xx_tim.o(i.TIM_SetCompare1)
    i.TIM_SetCounter                         0x08002856   Section        0  stm32f4xx_tim.o(i.TIM_SetCounter)
    i.TIM_TimeBaseInit                       0x0800285c   Section        0  stm32f4xx_tim.o(i.TIM_TimeBaseInit)
    i.Trigger_P_Write_Pin                    0x080028e0   Section        0  control.o(i.Trigger_P_Write_Pin)
    i.UART_USR_Init                          0x08002908   Section        0  uart.o(i.UART_USR_Init)
    i.UART_USR_Send                          0x08002ab4   Section        0  uart.o(i.UART_USR_Send)
    i.UART_USR_Send_Vel                      0x08002af0   Section        0  uart.o(i.UART_USR_Send_Vel)
    i.USART_ClearFlag                        0x08003180   Section        0  stm32f4xx_usart.o(i.USART_ClearFlag)
    i.USART_Cmd                              0x08003192   Section        0  stm32f4xx_usart.o(i.USART_Cmd)
    i.USART_DMACmd                           0x080031aa   Section        0  stm32f4xx_usart.o(i.USART_DMACmd)
    i.USART_Init                             0x080031bc   Section        0  stm32f4xx_usart.o(i.USART_Init)
    i.UsageFault_Handler                     0x08003290   Section        0  system_timetick.o(i.UsageFault_Handler)
    i.Wheel_ENC_Update                       0x08003294   Section        0  control.o(i.Wheel_ENC_Update)
    i.Wheel_Get_Velocity                     0x0800335c   Section        0  control.o(i.Wheel_Get_Velocity)
    i.Wheel_Servo_Write_PWM                  0x080033b8   Section        0  control.o(i.Wheel_Servo_Write_PWM)
    i.XY_Axes_StrToFloat                     0x080034e8   Section        0  utils.o(i.XY_Axes_StrToFloat)
    i.__ARM_fpclassify                       0x080035ac   Section        0  fpclassify.o(i.__ARM_fpclassify)
    i.__ARM_fpclassifyf                      0x080035dc   Section        0  fpclassifyf.o(i.__ARM_fpclassifyf)
    i.__hardfp_cosf                          0x08003604   Section        0  cosf.o(i.__hardfp_cosf)
    i.__hardfp_fabs                          0x08003754   Section        0  fabs.o(i.__hardfp_fabs)
    i.__hardfp_pow                           0x08003768   Section        0  pow.o(i.__hardfp_pow)
    i.__hardfp_sinf                          0x080043b8   Section        0  sinf.o(i.__hardfp_sinf)
    i.__kernel_poly                          0x08004548   Section        0  poly.o(i.__kernel_poly)
    i.__mathlib_dbl_divzero                  0x08004640   Section        0  dunder.o(i.__mathlib_dbl_divzero)
    i.__mathlib_dbl_infnan2                  0x08004670   Section        0  dunder.o(i.__mathlib_dbl_infnan2)
    i.__mathlib_dbl_invalid                  0x08004688   Section        0  dunder.o(i.__mathlib_dbl_invalid)
    i.__mathlib_dbl_overflow                 0x080046a8   Section        0  dunder.o(i.__mathlib_dbl_overflow)
    i.__mathlib_dbl_underflow                0x080046c8   Section        0  dunder.o(i.__mathlib_dbl_underflow)
    i.__mathlib_flt_infnan                   0x080046e8   Section        0  funder.o(i.__mathlib_flt_infnan)
    i.__mathlib_flt_invalid                  0x080046f0   Section        0  funder.o(i.__mathlib_flt_invalid)
    i.__mathlib_flt_underflow                0x08004700   Section        0  funder.o(i.__mathlib_flt_underflow)
    i.__mathlib_rredf2                       0x08004710   Section        0  rredf.o(i.__mathlib_rredf2)
    i.delay_01ms                             0x08004864   Section        0  utils.o(i.delay_01ms)
    i.fabs                                   0x080048ac   Section        0  fabs.o(i.fabs)
    i.main                                   0x080048c4   Section        0  main.o(i.main)
    i.sqrt                                   0x080049b4   Section        0  sqrt.o(i.sqrt)
    x$fpl$basic                              0x08004a22   Section       24  basic.o(x$fpl$basic)
    $v0                                      0x08004a22   Number         0  basic.o(x$fpl$basic)
    x$fpl$d2f                                0x08004a3c   Section       98  d2f.o(x$fpl$d2f)
    $v0                                      0x08004a3c   Number         0  d2f.o(x$fpl$d2f)
    x$fpl$dadd                               0x08004aa0   Section      336  daddsub_clz.o(x$fpl$dadd)
    $v0                                      0x08004aa0   Number         0  daddsub_clz.o(x$fpl$dadd)
    _dadd1                                   0x08004ab1   Thumb Code     0  daddsub_clz.o(x$fpl$dadd)
    x$fpl$dcheck1                            0x08004bf0   Section       16  dcheck1.o(x$fpl$dcheck1)
    $v0                                      0x08004bf0   Number         0  dcheck1.o(x$fpl$dcheck1)
    x$fpl$dcmpinf                            0x08004c00   Section       24  dcmpi.o(x$fpl$dcmpinf)
    $v0                                      0x08004c00   Number         0  dcmpi.o(x$fpl$dcmpinf)
    x$fpl$ddiv                               0x08004c18   Section      688  ddiv.o(x$fpl$ddiv)
    $v0                                      0x08004c18   Number         0  ddiv.o(x$fpl$ddiv)
    ddiv_entry                               0x08004c1f   Thumb Code     0  ddiv.o(x$fpl$ddiv)
    x$fpl$dfixu                              0x08004ec8   Section       90  dfixu.o(x$fpl$dfixu)
    $v0                                      0x08004ec8   Number         0  dfixu.o(x$fpl$dfixu)
    x$fpl$dflt                               0x08004f22   Section       46  dflt_clz.o(x$fpl$dflt)
    $v0                                      0x08004f22   Number         0  dflt_clz.o(x$fpl$dflt)
    x$fpl$dleqf                              0x08004f50   Section      120  dleqf.o(x$fpl$dleqf)
    $v0                                      0x08004f50   Number         0  dleqf.o(x$fpl$dleqf)
    x$fpl$dmul                               0x08004fc8   Section      340  dmul.o(x$fpl$dmul)
    $v0                                      0x08004fc8   Number         0  dmul.o(x$fpl$dmul)
    x$fpl$dnaninf                            0x0800511c   Section      156  dnaninf.o(x$fpl$dnaninf)
    $v0                                      0x0800511c   Number         0  dnaninf.o(x$fpl$dnaninf)
    x$fpl$dretinf                            0x080051b8   Section       12  dretinf.o(x$fpl$dretinf)
    $v0                                      0x080051b8   Number         0  dretinf.o(x$fpl$dretinf)
    x$fpl$drleqf                             0x080051c4   Section      108  drleqf.o(x$fpl$drleqf)
    $v0                                      0x080051c4   Number         0  drleqf.o(x$fpl$drleqf)
    x$fpl$drsb                               0x08005230   Section       22  daddsub_clz.o(x$fpl$drsb)
    $v0                                      0x08005230   Number         0  daddsub_clz.o(x$fpl$drsb)
    x$fpl$dsqrt                              0x08005248   Section      408  dsqrt_umaal.o(x$fpl$dsqrt)
    $v0                                      0x08005248   Number         0  dsqrt_umaal.o(x$fpl$dsqrt)
    x$fpl$dsub                               0x080053e0   Section      468  daddsub_clz.o(x$fpl$dsub)
    $v0                                      0x080053e0   Number         0  daddsub_clz.o(x$fpl$dsub)
    _dsub1                                   0x080053f1   Thumb Code     0  daddsub_clz.o(x$fpl$dsub)
    x$fpl$f2d                                0x080055b4   Section       86  f2d.o(x$fpl$f2d)
    $v0                                      0x080055b4   Number         0  f2d.o(x$fpl$f2d)
    x$fpl$fnaninf                            0x0800560a   Section      140  fnaninf.o(x$fpl$fnaninf)
    $v0                                      0x0800560a   Number         0  fnaninf.o(x$fpl$fnaninf)
    x$fpl$fpinit                             0x08005696   Section       10  fpinit.o(x$fpl$fpinit)
    $v0                                      0x08005696   Number         0  fpinit.o(x$fpl$fpinit)
    x$fpl$fretinf                            0x080056a0   Section       10  fretinf.o(x$fpl$fretinf)
    $v0                                      0x080056a0   Number         0  fretinf.o(x$fpl$fretinf)
    x$fpl$retnan                             0x080056aa   Section      100  retnan.o(x$fpl$retnan)
    $v0                                      0x080056aa   Number         0  retnan.o(x$fpl$retnan)
    x$fpl$scalbn                             0x0800570e   Section       92  scalbn.o(x$fpl$scalbn)
    $v0                                      0x0800570e   Number         0  scalbn.o(x$fpl$scalbn)
    x$fpl$trapveneer                         0x0800576a   Section       48  trapv.o(x$fpl$trapveneer)
    $v0                                      0x0800576a   Number         0  trapv.o(x$fpl$trapveneer)
    x$fpl$usenofp                            0x0800579a   Section        0  usenofp.o(x$fpl$usenofp)
    .constdata                               0x080057a0   Section      136  pow.o(.constdata)
    bp                                       0x080057a0   Data          16  pow.o(.constdata)
    dp_h                                     0x080057b0   Data          16  pow.o(.constdata)
    dp_l                                     0x080057c0   Data          16  pow.o(.constdata)
    L                                        0x080057d0   Data          48  pow.o(.constdata)
    P                                        0x08005800   Data          40  pow.o(.constdata)
    .constdata                               0x08005828   Section        8  qnan.o(.constdata)
    .constdata                               0x08005830   Section       32  rredf.o(.constdata)
    twooverpi                                0x08005830   Data          32  rredf.o(.constdata)
    .data                                    0x20000000   Section        8  main.o(.data)
    .data                                    0x20000008   Section       20  system_stm32f4xx.o(.data)
    .data                                    0x2000001c   Section        8  system_timetick.o(.data)
    .data                                    0x20000024   Section       16  stm32f4xx_rcc.o(.data)
    APBAHBPrescTable                         0x20000024   Data          16  stm32f4xx_rcc.o(.data)
    .data                                    0x20000034   Section       12  srf05.o(.data)
    .data                                    0x20000040   Section      232  control.o(.data)
    temp3                                    0x20000120   Data           4  control.o(.data)
    f_Gripper_TIM_Pulse                      0x20000124   Data           4  control.o(.data)
    .bss                                     0x20000128   Section      188  uart.o(.bss)
    .bss                                     0x200001e4   Section       96  libspace.o(.bss)
    HEAP                                     0x20000248   Section      512  startup_stm32f40_41xxx.o(HEAP)
    Heap_Mem                                 0x20000248   Data         512  startup_stm32f40_41xxx.o(HEAP)
    STACK                                    0x20000448   Section     1024  startup_stm32f40_41xxx.o(STACK)
    Stack_Mem                                0x20000448   Data        1024  startup_stm32f40_41xxx.o(STACK)
    __initial_sp                             0x20000848   Data           0  startup_stm32f40_41xxx.o(STACK)

    Global Symbols

    Symbol Name                              Value     Ov Type        Size  Object(Section)

    BuildAttributes$$THM_ISAv4$E$P$D$K$B$S$7EM$VFPi3$EXTD16$VFPS$VFMA$PE$A:L22UL41UL21$X:L11$S22US41US21$IEEE1$IW$USESV6$~STKCKD$USESV7$~SHL$OTIME$ROPI$IEEEX$EBA8$UX$STANDARDLIB$REQ8$PRES8$EABIv2 0x00000000   Number         0  anon$$obj.o ABSOLUTE
    __ARM_use_no_argv                        0x00000000   Number         0  main.o ABSOLUTE
    __ARM_exceptions_init                     - Undefined Weak Reference
    __alloca_initialize                       - Undefined Weak Reference
    __arm_preinit_                            - Undefined Weak Reference
    __cpp_initialize__aeabi_                  - Undefined Weak Reference
    __cxa_finalize                            - Undefined Weak Reference
    __rt_locale                               - Undefined Weak Reference
    __sigvec_lookup                           - Undefined Weak Reference
    _atexit_init                              - Undefined Weak Reference
    _call_atexit_fns                          - Undefined Weak Reference
    _clock_init                               - Undefined Weak Reference
    _fp_trap_init                             - Undefined Weak Reference
    _fp_trap_shutdown                         - Undefined Weak Reference
    _get_lc_collate                           - Undefined Weak Reference
    _get_lc_ctype                             - Undefined Weak Reference
    _get_lc_monetary                          - Undefined Weak Reference
    _get_lc_numeric                           - Undefined Weak Reference
    _get_lc_time                              - Undefined Weak Reference
    _getenv_init                              - Undefined Weak Reference
    _handle_redirection                       - Undefined Weak Reference
    _init_alloc                               - Undefined Weak Reference
    _init_user_alloc                          - Undefined Weak Reference
    _initio                                   - Undefined Weak Reference
    _rand_init                                - Undefined Weak Reference
    _signal_finish                            - Undefined Weak Reference
    _signal_init                              - Undefined Weak Reference
    _terminate_alloc                          - Undefined Weak Reference
    _terminate_user_alloc                     - Undefined Weak Reference
    _terminateio                              - Undefined Weak Reference
    __Vectors_Size                           0x00000188   Number         0  startup_stm32f40_41xxx.o ABSOLUTE
    __Vectors                                0x08000000   Data           4  startup_stm32f40_41xxx.o(RESET)
    __Vectors_End                            0x08000188   Data           0  startup_stm32f40_41xxx.o(RESET)
    __main                                   0x08000189   Thumb Code     8  __main.o(!!!main)
    __scatterload                            0x08000191   Thumb Code     0  __scatter.o(!!!scatter)
    __scatterload_rt2                        0x08000191   Thumb Code    44  __scatter.o(!!!scatter)
    __scatterload_rt2_thumb_only             0x08000191   Thumb Code     0  __scatter.o(!!!scatter)
    __scatterload_null                       0x0800019f   Thumb Code     0  __scatter.o(!!!scatter)
    __scatterload_copy                       0x080001c5   Thumb Code    26  __scatter_copy.o(!!handler_copy)
    __scatterload_zeroinit                   0x080001e1   Thumb Code    28  __scatter_zi.o(!!handler_zi)
    __rt_lib_init                            0x080001fd   Thumb Code     0  libinit.o(.ARM.Collect$$libinit$$00000000)
    __rt_lib_init_fp_1                       0x080001ff   Thumb Code     0  libinit2.o(.ARM.Collect$$libinit$$00000001)
    __rt_lib_init_alloca_1                   0x08000203   Thumb Code     0  libinit2.o(.ARM.Collect$$libinit$$0000002E)
    __rt_lib_init_argv_1                     0x08000203   Thumb Code     0  libinit2.o(.ARM.Collect$$libinit$$0000002C)
    __rt_lib_init_atexit_1                   0x08000203   Thumb Code     0  libinit2.o(.ARM.Collect$$libinit$$0000001B)
    __rt_lib_init_clock_1                    0x08000203   Thumb Code     0  libinit2.o(.ARM.Collect$$libinit$$00000021)
    __rt_lib_init_cpp_1                      0x08000203   Thumb Code     0  libinit2.o(.ARM.Collect$$libinit$$00000032)
    __rt_lib_init_exceptions_1               0x08000203   Thumb Code     0  libinit2.o(.ARM.Collect$$libinit$$00000030)
    __rt_lib_init_fp_trap_1                  0x08000203   Thumb Code     0  libinit2.o(.ARM.Collect$$libinit$$0000001F)
    __rt_lib_init_getenv_1                   0x08000203   Thumb Code     0  libinit2.o(.ARM.Collect$$libinit$$00000023)
    __rt_lib_init_heap_1                     0x08000203   Thumb Code     0  libinit2.o(.ARM.Collect$$libinit$$0000000A)
    __rt_lib_init_lc_collate_1               0x08000203   Thumb Code     0  libinit2.o(.ARM.Collect$$libinit$$00000011)
    __rt_lib_init_lc_ctype_1                 0x08000203   Thumb Code     0  libinit2.o(.ARM.Collect$$libinit$$00000013)
    __rt_lib_init_lc_monetary_1              0x08000203   Thumb Code     0  libinit2.o(.ARM.Collect$$libinit$$00000015)
    __rt_lib_init_lc_numeric_1               0x08000203   Thumb Code     0  libinit2.o(.ARM.Collect$$libinit$$00000017)
    __rt_lib_init_lc_time_1                  0x08000203   Thumb Code     0  libinit2.o(.ARM.Collect$$libinit$$00000019)
    __rt_lib_init_preinit_1                  0x08000203   Thumb Code     0  libinit2.o(.ARM.Collect$$libinit$$00000004)
    __rt_lib_init_rand_1                     0x08000203   Thumb Code     0  libinit2.o(.ARM.Collect$$libinit$$0000000E)
    __rt_lib_init_return                     0x08000203   Thumb Code     0  libinit2.o(.ARM.Collect$$libinit$$00000033)
    __rt_lib_init_signal_1                   0x08000203   Thumb Code     0  libinit2.o(.ARM.Collect$$libinit$$0000001D)
    __rt_lib_init_stdio_1                    0x08000203   Thumb Code     0  libinit2.o(.ARM.Collect$$libinit$$00000025)
    __rt_lib_init_user_alloc_1               0x08000203   Thumb Code     0  libinit2.o(.ARM.Collect$$libinit$$0000000C)
    __rt_lib_shutdown                        0x08000205   Thumb Code     0  libshutdown.o(.ARM.Collect$$libshutdown$$00000000)
    __rt_lib_shutdown_cpp_1                  0x08000207   Thumb Code     0  libshutdown2.o(.ARM.Collect$$libshutdown$$00000002)
    __rt_lib_shutdown_fp_trap_1              0x08000207   Thumb Code     0  libshutdown2.o(.ARM.Collect$$libshutdown$$00000007)
    __rt_lib_shutdown_heap_1                 0x08000207   Thumb Code     0  libshutdown2.o(.ARM.Collect$$libshutdown$$0000000F)
    __rt_lib_shutdown_return                 0x08000207   Thumb Code     0  libshutdown2.o(.ARM.Collect$$libshutdown$$00000010)
    __rt_lib_shutdown_signal_1               0x08000207   Thumb Code     0  libshutdown2.o(.ARM.Collect$$libshutdown$$0000000A)
    __rt_lib_shutdown_stdio_1                0x08000207   Thumb Code     0  libshutdown2.o(.ARM.Collect$$libshutdown$$00000004)
    __rt_lib_shutdown_user_alloc_1           0x08000207   Thumb Code     0  libshutdown2.o(.ARM.Collect$$libshutdown$$0000000C)
    __rt_entry                               0x08000209   Thumb Code     0  __rtentry.o(.ARM.Collect$$rtentry$$00000000)
    __rt_entry_presh_1                       0x08000209   Thumb Code     0  __rtentry2.o(.ARM.Collect$$rtentry$$00000002)
    __rt_entry_sh                            0x08000209   Thumb Code     0  __rtentry4.o(.ARM.Collect$$rtentry$$00000004)
    __rt_entry_li                            0x0800020f   Thumb Code     0  __rtentry2.o(.ARM.Collect$$rtentry$$0000000A)
    __rt_entry_postsh_1                      0x0800020f   Thumb Code     0  __rtentry2.o(.ARM.Collect$$rtentry$$00000009)
    __rt_entry_main                          0x08000213   Thumb Code     0  __rtentry2.o(.ARM.Collect$$rtentry$$0000000D)
    __rt_entry_postli_1                      0x08000213   Thumb Code     0  __rtentry2.o(.ARM.Collect$$rtentry$$0000000C)
    __rt_exit                                0x0800021b   Thumb Code     0  rtexit.o(.ARM.Collect$$rtexit$$00000000)
    __rt_exit_ls                             0x0800021d   Thumb Code     0  rtexit2.o(.ARM.Collect$$rtexit$$00000003)
    __rt_exit_prels_1                        0x0800021d   Thumb Code     0  rtexit2.o(.ARM.Collect$$rtexit$$00000002)
    __rt_exit_exit                           0x08000221   Thumb Code     0  rtexit2.o(.ARM.Collect$$rtexit$$00000004)
    Reset_Handler                            0x08000229   Thumb Code     8  startup_stm32f40_41xxx.o(.text)
    ADC_IRQHandler                           0x08000243   Thumb Code     0  startup_stm32f40_41xxx.o(.text)
    CAN1_RX0_IRQHandler                      0x08000243   Thumb Code     0  startup_stm32f40_41xxx.o(.text)
    CAN1_RX1_IRQHandler                      0x08000243   Thumb Code     0  startup_stm32f40_41xxx.o(.text)
    CAN1_SCE_IRQHandler                      0x08000243   Thumb Code     0  startup_stm32f40_41xxx.o(.text)
    CAN1_TX_IRQHandler                       0x08000243   Thumb Code     0  startup_stm32f40_41xxx.o(.text)
    CAN2_RX0_IRQHandler                      0x08000243   Thumb Code     0  startup_stm32f40_41xxx.o(.text)
    CAN2_RX1_IRQHandler                      0x08000243   Thumb Code     0  startup_stm32f40_41xxx.o(.text)
    CAN2_SCE_IRQHandler                      0x08000243   Thumb Code     0  startup_stm32f40_41xxx.o(.text)
    CAN2_TX_IRQHandler                       0x08000243   Thumb Code     0  startup_stm32f40_41xxx.o(.text)
    CRYP_IRQHandler                          0x08000243   Thumb Code     0  startup_stm32f40_41xxx.o(.text)
    DCMI_IRQHandler                          0x08000243   Thumb Code     0  startup_stm32f40_41xxx.o(.text)
    DMA1_Stream0_IRQHandler                  0x08000243   Thumb Code     0  startup_stm32f40_41xxx.o(.text)
    DMA1_Stream1_IRQHandler                  0x08000243   Thumb Code     0  startup_stm32f40_41xxx.o(.text)
    DMA1_Stream3_IRQHandler                  0x08000243   Thumb Code     0  startup_stm32f40_41xxx.o(.text)
    DMA1_Stream4_IRQHandler                  0x08000243   Thumb Code     0  startup_stm32f40_41xxx.o(.text)
    DMA1_Stream5_IRQHandler                  0x08000243   Thumb Code     0  startup_stm32f40_41xxx.o(.text)
    DMA1_Stream6_IRQHandler                  0x08000243   Thumb Code     0  startup_stm32f40_41xxx.o(.text)
    DMA1_Stream7_IRQHandler                  0x08000243   Thumb Code     0  startup_stm32f40_41xxx.o(.text)
    DMA2_Stream0_IRQHandler                  0x08000243   Thumb Code     0  startup_stm32f40_41xxx.o(.text)
    DMA2_Stream1_IRQHandler                  0x08000243   Thumb Code     0  startup_stm32f40_41xxx.o(.text)
    DMA2_Stream2_IRQHandler                  0x08000243   Thumb Code     0  startup_stm32f40_41xxx.o(.text)
    DMA2_Stream3_IRQHandler                  0x08000243   Thumb Code     0  startup_stm32f40_41xxx.o(.text)
    DMA2_Stream4_IRQHandler                  0x08000243   Thumb Code     0  startup_stm32f40_41xxx.o(.text)
    DMA2_Stream5_IRQHandler                  0x08000243   Thumb Code     0  startup_stm32f40_41xxx.o(.text)
    DMA2_Stream6_IRQHandler                  0x08000243   Thumb Code     0  startup_stm32f40_41xxx.o(.text)
    DMA2_Stream7_IRQHandler                  0x08000243   Thumb Code     0  startup_stm32f40_41xxx.o(.text)
    ETH_IRQHandler                           0x08000243   Thumb Code     0  startup_stm32f40_41xxx.o(.text)
    ETH_WKUP_IRQHandler                      0x08000243   Thumb Code     0  startup_stm32f40_41xxx.o(.text)
    EXTI0_IRQHandler                         0x08000243   Thumb Code     0  startup_stm32f40_41xxx.o(.text)
    EXTI15_10_IRQHandler                     0x08000243   Thumb Code     0  startup_stm32f40_41xxx.o(.text)
    EXTI1_IRQHandler                         0x08000243   Thumb Code     0  startup_stm32f40_41xxx.o(.text)
    EXTI4_IRQHandler                         0x08000243   Thumb Code     0  startup_stm32f40_41xxx.o(.text)
    FLASH_IRQHandler                         0x08000243   Thumb Code     0  startup_stm32f40_41xxx.o(.text)
    FPU_IRQHandler                           0x08000243   Thumb Code     0  startup_stm32f40_41xxx.o(.text)
    FSMC_IRQHandler                          0x08000243   Thumb Code     0  startup_stm32f40_41xxx.o(.text)
    HASH_RNG_IRQHandler                      0x08000243   Thumb Code     0  startup_stm32f40_41xxx.o(.text)
    I2C1_ER_IRQHandler                       0x08000243   Thumb Code     0  startup_stm32f40_41xxx.o(.text)
    I2C1_EV_IRQHandler                       0x08000243   Thumb Code     0  startup_stm32f40_41xxx.o(.text)
    I2C2_ER_IRQHandler                       0x08000243   Thumb Code     0  startup_stm32f40_41xxx.o(.text)
    I2C2_EV_IRQHandler                       0x08000243   Thumb Code     0  startup_stm32f40_41xxx.o(.text)
    I2C3_ER_IRQHandler                       0x08000243   Thumb Code     0  startup_stm32f40_41xxx.o(.text)
    I2C3_EV_IRQHandler                       0x08000243   Thumb Code     0  startup_stm32f40_41xxx.o(.text)
    OTG_FS_IRQHandler                        0x08000243   Thumb Code     0  startup_stm32f40_41xxx.o(.text)
    OTG_FS_WKUP_IRQHandler                   0x08000243   Thumb Code     0  startup_stm32f40_41xxx.o(.text)
    OTG_HS_EP1_IN_IRQHandler                 0x08000243   Thumb Code     0  startup_stm32f40_41xxx.o(.text)
    OTG_HS_EP1_OUT_IRQHandler                0x08000243   Thumb Code     0  startup_stm32f40_41xxx.o(.text)
    OTG_HS_IRQHandler                        0x08000243   Thumb Code     0  startup_stm32f40_41xxx.o(.text)
    OTG_HS_WKUP_IRQHandler                   0x08000243   Thumb Code     0  startup_stm32f40_41xxx.o(.text)
    PVD_IRQHandler                           0x08000243   Thumb Code     0  startup_stm32f40_41xxx.o(.text)
    RCC_IRQHandler                           0x08000243   Thumb Code     0  startup_stm32f40_41xxx.o(.text)
    RTC_Alarm_IRQHandler                     0x08000243   Thumb Code     0  startup_stm32f40_41xxx.o(.text)
    RTC_WKUP_IRQHandler                      0x08000243   Thumb Code     0  startup_stm32f40_41xxx.o(.text)
    SDIO_IRQHandler                          0x08000243   Thumb Code     0  startup_stm32f40_41xxx.o(.text)
    SPI1_IRQHandler                          0x08000243   Thumb Code     0  startup_stm32f40_41xxx.o(.text)
    SPI2_IRQHandler                          0x08000243   Thumb Code     0  startup_stm32f40_41xxx.o(.text)
    SPI3_IRQHandler                          0x08000243   Thumb Code     0  startup_stm32f40_41xxx.o(.text)
    TAMP_STAMP_IRQHandler                    0x08000243   Thumb Code     0  startup_stm32f40_41xxx.o(.text)
    TIM1_BRK_TIM9_IRQHandler                 0x08000243   Thumb Code     0  startup_stm32f40_41xxx.o(.text)
    TIM1_CC_IRQHandler                       0x08000243   Thumb Code     0  startup_stm32f40_41xxx.o(.text)
    TIM1_TRG_COM_TIM11_IRQHandler            0x08000243   Thumb Code     0  startup_stm32f40_41xxx.o(.text)
    TIM1_UP_TIM10_IRQHandler                 0x08000243   Thumb Code     0  startup_stm32f40_41xxx.o(.text)
    TIM2_IRQHandler                          0x08000243   Thumb Code     0  startup_stm32f40_41xxx.o(.text)
    TIM3_IRQHandler                          0x08000243   Thumb Code     0  startup_stm32f40_41xxx.o(.text)
    TIM4_IRQHandler                          0x08000243   Thumb Code     0  startup_stm32f40_41xxx.o(.text)
    TIM5_IRQHandler                          0x08000243   Thumb Code     0  startup_stm32f40_41xxx.o(.text)
    TIM6_DAC_IRQHandler                      0x08000243   Thumb Code     0  startup_stm32f40_41xxx.o(.text)
    TIM7_IRQHandler                          0x08000243   Thumb Code     0  startup_stm32f40_41xxx.o(.text)
    TIM8_BRK_TIM12_IRQHandler                0x08000243   Thumb Code     0  startup_stm32f40_41xxx.o(.text)
    TIM8_CC_IRQHandler                       0x08000243   Thumb Code     0  startup_stm32f40_41xxx.o(.text)
    TIM8_TRG_COM_TIM14_IRQHandler            0x08000243   Thumb Code     0  startup_stm32f40_41xxx.o(.text)
    TIM8_UP_TIM13_IRQHandler                 0x08000243   Thumb Code     0  startup_stm32f40_41xxx.o(.text)
    UART4_IRQHandler                         0x08000243   Thumb Code     0  startup_stm32f40_41xxx.o(.text)
    UART5_IRQHandler                         0x08000243   Thumb Code     0  startup_stm32f40_41xxx.o(.text)
    USART1_IRQHandler                        0x08000243   Thumb Code     0  startup_stm32f40_41xxx.o(.text)
    USART2_IRQHandler                        0x08000243   Thumb Code     0  startup_stm32f40_41xxx.o(.text)
    USART3_IRQHandler                        0x08000243   Thumb Code     0  startup_stm32f40_41xxx.o(.text)
    USART6_IRQHandler                        0x08000243   Thumb Code     0  startup_stm32f40_41xxx.o(.text)
    WWDG_IRQHandler                          0x08000243   Thumb Code     0  startup_stm32f40_41xxx.o(.text)
    __user_initial_stackheap                 0x08000245   Thumb Code     0  startup_stm32f40_41xxx.o(.text)
    __aeabi_memcpy                           0x08000269   Thumb Code     0  rt_memcpy_v6.o(.text)
    __rt_memcpy                              0x08000269   Thumb Code   138  rt_memcpy_v6.o(.text)
    _memcpy_lastbytes                        0x080002cf   Thumb Code     0  rt_memcpy_v6.o(.text)
    __use_two_region_memory                  0x080002f3   Thumb Code     2  heapauxi.o(.text)
    __rt_heap_escrow$2region                 0x080002f5   Thumb Code     2  heapauxi.o(.text)
    __rt_heap_expand$2region                 0x080002f7   Thumb Code     2  heapauxi.o(.text)
    __read_errno                             0x080002f9   Thumb Code    10  _rserrno.o(.text)
    __set_errno                              0x08000303   Thumb Code    12  _rserrno.o(.text)
    __aeabi_memcpy4                          0x0800030f   Thumb Code     0  rt_memcpy_w.o(.text)
    __aeabi_memcpy8                          0x0800030f   Thumb Code     0  rt_memcpy_w.o(.text)
    __rt_memcpy_w                            0x0800030f   Thumb Code   100  rt_memcpy_w.o(.text)
    _memcpy_lastbytes_aligned                0x08000357   Thumb Code     0  rt_memcpy_w.o(.text)
    __aeabi_errno_addr                       0x08000375   Thumb Code     8  rt_errno_addr_intlibspace.o(.text)
    __errno$intlibspace                      0x08000375   Thumb Code     0  rt_errno_addr_intlibspace.o(.text)
    __rt_errno_addr$intlibspace              0x08000375   Thumb Code     0  rt_errno_addr_intlibspace.o(.text)
    __user_libspace                          0x0800037d   Thumb Code     8  libspace.o(.text)
    __user_perproc_libspace                  0x0800037d   Thumb Code     0  libspace.o(.text)
    __user_perthread_libspace                0x0800037d   Thumb Code     0  libspace.o(.text)
    __user_setup_stackheap                   0x08000385   Thumb Code    74  sys_stackheap_outer.o(.text)
    exit                                     0x080003cf   Thumb Code    18  exit.o(.text)
    _sys_exit                                0x080003e1   Thumb Code     8  sys_exit.o(.text)
    __I$use$semihosting                      0x080003ed   Thumb Code     0  use_no_semi.o(.text)
    __use_no_semihosting_swi                 0x080003ed   Thumb Code     2  use_no_semi.o(.text)
    __semihosting_library_function           0x080003ef   Thumb Code     0  indicate_semi.o(.text)
    ARM_Servo_Move_To_Defined_Home           0x080003f1   Thumb Code   238  control.o(i.ARM_Servo_Move_To_Defined_Home)
    ARM_Servo_Move_To_Defined_Home_Start     0x0800050d   Thumb Code   214  control.o(i.ARM_Servo_Move_To_Defined_Home_Start)
    Arm_Servo_Move                           0x08000611   Thumb Code   512  control.o(i.Arm_Servo_Move)
    Arm_Servo_Write_Pulse                    0x08000859   Thumb Code    80  control.o(i.Arm_Servo_Write_Pulse)
    BusFault_Handler                         0x080008ad   Thumb Code     4  system_timetick.o(i.BusFault_Handler)
    Cal_Arm_Num_Pulse                        0x080008b1   Thumb Code    50  utils.o(i.Cal_Arm_Num_Pulse)
    Cal_Gripper_Pulse_Width                  0x080008e9   Thumb Code    30  utils.o(i.Cal_Gripper_Pulse_Width)
    Cal_Test_Wheel_Speed_Setpoint            0x08000907   Thumb Code    84  utils.o(i.Cal_Test_Wheel_Speed_Setpoint)
    Cal_Wheel_Speed_Setpoint                 0x0800095d   Thumb Code   180  utils.o(i.Cal_Wheel_Speed_Setpoint)
    Calculate_PID_Value_Wheel                0x08000a1d   Thumb Code   666  control.o(i.Calculate_PID_Value_Wheel)
    DMA1_Stream2_IRQHandler                  0x08000d09   Thumb Code    48  uart.o(i.DMA1_Stream2_IRQHandler)
    DMA_ClearFlag                            0x08000d41   Thumb Code    38  stm32f4xx_dma.o(i.DMA_ClearFlag)
    DMA_ClearITPendingBit                    0x08000d75   Thumb Code    38  stm32f4xx_dma.o(i.DMA_ClearITPendingBit)
    DMA_Cmd                                  0x08000da9   Thumb Code    22  stm32f4xx_dma.o(i.DMA_Cmd)
    DMA_ITConfig                             0x08000dbf   Thumb Code    58  stm32f4xx_dma.o(i.DMA_ITConfig)
    DMA_Init                                 0x08000df9   Thumb Code    82  stm32f4xx_dma.o(i.DMA_Init)
    DebugMon_Handler                         0x08000e51   Thumb Code     2  system_timetick.o(i.DebugMon_Handler)
    EEP_Init                                 0x08000e55   Thumb Code   138  eeprom_i2c.o(i.EEP_Init)
    EXTI2_IRQHandler                         0x08000eed   Thumb Code   116  srf05.o(i.EXTI2_IRQHandler)
    EXTI3_IRQHandler                         0x08000f79   Thumb Code   116  srf05.o(i.EXTI3_IRQHandler)
    EXTI9_5_IRQHandler                       0x08001005   Thumb Code   116  srf05.o(i.EXTI9_5_IRQHandler)
    EXTI_ClearITPendingBit                   0x08001091   Thumb Code     6  stm32f4xx_exti.o(i.EXTI_ClearITPendingBit)
    EXTI_GetITStatus                         0x0800109d   Thumb Code    20  stm32f4xx_exti.o(i.EXTI_GetITStatus)
    EXTI_Init                                0x080010b5   Thumb Code   142  stm32f4xx_exti.o(i.EXTI_Init)
    FSMC_Init                                0x08001149   Thumb Code   512  fsmc.o(i.FSMC_Init)
    FSMC_NORSRAMCmd                          0x08001359   Thumb Code    46  stm32f4xx_fsmc.o(i.FSMC_NORSRAMCmd)
    FSMC_NORSRAMInit                         0x0800138d   Thumb Code   230  stm32f4xx_fsmc.o(i.FSMC_NORSRAMInit)
    FSMC_Read                                0x08001475   Thumb Code    14  fsmc.o(i.FSMC_Read)
    FSMC_Write                               0x08001489   Thumb Code     4  fsmc.o(i.FSMC_Write)
    GPIO_Init                                0x0800148d   Thumb Code   144  stm32f4xx_gpio.o(i.GPIO_Init)
    GPIO_PinAFConfig                         0x0800151d   Thumb Code    70  stm32f4xx_gpio.o(i.GPIO_PinAFConfig)
    GPIO_ReadInputDataBit                    0x08001563   Thumb Code    18  stm32f4xx_gpio.o(i.GPIO_ReadInputDataBit)
    GPIO_ResetBits                           0x08001575   Thumb Code     4  stm32f4xx_gpio.o(i.GPIO_ResetBits)
    GPIO_SetBits                             0x08001579   Thumb Code     4  stm32f4xx_gpio.o(i.GPIO_SetBits)
    Gripper_RC_Servo_Write_PWM               0x0800157d   Thumb Code   118  control.o(i.Gripper_RC_Servo_Write_PWM)
    HardFault_Handler                        0x08001609   Thumb Code     4  system_timetick.o(i.HardFault_Handler)
    I2C_Cmd                                  0x0800160d   Thumb Code    24  stm32f4xx_i2c.o(i.I2C_Cmd)
    I2C_DeInit                               0x08001625   Thumb Code    82  stm32f4xx_i2c.o(i.I2C_DeInit)
    I2C_Init                                 0x08001685   Thumb Code   218  stm32f4xx_i2c.o(i.I2C_Init)
    IO_Init                                  0x0800176d   Thumb Code   154  gpio.o(i.IO_Init)
    IntToStr_len                             0x08001815   Thumb Code    56  utils.o(i.IntToStr_len)
    Is_Connection_Timeout                    0x0800184d   Thumb Code    50  control.o(i.Is_Connection_Timeout)
    LPF_Vel_Feedback                         0x08001885   Thumb Code   148  control.o(i.LPF_Vel_Feedback)
    LPF_Wheel_PID_Setpoint                   0x08001941   Thumb Code   118  control.o(i.LPF_Wheel_PID_Setpoint)
    MemManage_Handler                        0x080019e1   Thumb Code     4  system_timetick.o(i.MemManage_Handler)
    NMI_Handler                              0x080019e5   Thumb Code     2  system_timetick.o(i.NMI_Handler)
    NVIC_Init                                0x080019e9   Thumb Code   106  misc.o(i.NVIC_Init)
    PWM_Gripper_Init                         0x08001a61   Thumb Code   154  pwm.o(i.PWM_Gripper_Init)
    PWM_Left_Wheel_Init                      0x08001b05   Thumb Code   182  pwm.o(i.PWM_Left_Wheel_Init)
    PWM_Right_Wheel_Init                     0x08001bc9   Thumb Code   182  pwm.o(i.PWM_Right_Wheel_Init)
    PendSV_Handler                           0x08001c8d   Thumb Code     2  system_timetick.o(i.PendSV_Handler)
    RCC_AHB1PeriphClockCmd                   0x08001c91   Thumb Code    26  stm32f4xx_rcc.o(i.RCC_AHB1PeriphClockCmd)
    RCC_AHB3PeriphClockCmd                   0x08001cb1   Thumb Code    26  stm32f4xx_rcc.o(i.RCC_AHB3PeriphClockCmd)
    RCC_APB1PeriphClockCmd                   0x08001cd1   Thumb Code    26  stm32f4xx_rcc.o(i.RCC_APB1PeriphClockCmd)
    RCC_APB1PeriphResetCmd                   0x08001cf1   Thumb Code    26  stm32f4xx_rcc.o(i.RCC_APB1PeriphResetCmd)
    RCC_APB2PeriphClockCmd                   0x08001d11   Thumb Code    26  stm32f4xx_rcc.o(i.RCC_APB2PeriphClockCmd)
    RCC_GetClocksFreq                        0x08001d31   Thumb Code   214  stm32f4xx_rcc.o(i.RCC_GetClocksFreq)
    SRF05_Init                               0x08001e19   Thumb Code   428  srf05.o(i.SRF05_Init)
    SVC_Handler                              0x08001fd9   Thumb Code     2  system_timetick.o(i.SVC_Handler)
    SYSCFG_EXTILineConfig                    0x08001fdd   Thumb Code    60  stm32f4xx_syscfg.o(i.SYSCFG_EXTILineConfig)
    Stop_Process                             0x08002109   Thumb Code    94  control.o(i.Stop_Process)
    Stop_Wheels_Motor                        0x08002179   Thumb Code    60  control.o(i.Stop_Wheels_Motor)
    StrToFloat_PID_Para                      0x080021d1   Thumb Code   262  utils.o(i.StrToFloat_PID_Para)
    StrToFloat_PID_SetPoint                  0x080022f5   Thumb Code   186  utils.o(i.StrToFloat_PID_SetPoint)
    SysTick_Handler                          0x080023c5   Thumb Code    18  system_timetick.o(i.SysTick_Handler)
    SystemInit                               0x080023e1   Thumb Code    88  system_stm32f4xx.o(i.SystemInit)
    System_Process                           0x08002449   Thumb Code   758  control.o(i.System_Process)
    TIM_Cmd                                  0x080027a5   Thumb Code    24  stm32f4xx_tim.o(i.TIM_Cmd)
    TIM_GetCounter                           0x080027bd   Thumb Code     6  stm32f4xx_tim.o(i.TIM_GetCounter)
    TIM_OC1Init                              0x080027c5   Thumb Code   114  stm32f4xx_tim.o(i.TIM_OC1Init)
    TIM_OC1PreloadConfig                     0x08002841   Thumb Code    18  stm32f4xx_tim.o(i.TIM_OC1PreloadConfig)
    TIM_SetCompare1                          0x08002853   Thumb Code     4  stm32f4xx_tim.o(i.TIM_SetCompare1)
    TIM_SetCounter                           0x08002857   Thumb Code     4  stm32f4xx_tim.o(i.TIM_SetCounter)
    TIM_TimeBaseInit                         0x0800285d   Thumb Code   104  stm32f4xx_tim.o(i.TIM_TimeBaseInit)
    Trigger_P_Write_Pin                      0x080028e1   Thumb Code    36  control.o(i.Trigger_P_Write_Pin)
    UART_USR_Init                            0x08002909   Thumb Code   404  uart.o(i.UART_USR_Init)
    UART_USR_Send                            0x08002ab5   Thumb Code    48  uart.o(i.UART_USR_Send)
    UART_USR_Send_Vel                        0x08002af1   Thumb Code  1662  uart.o(i.UART_USR_Send_Vel)
    USART_ClearFlag                          0x08003181   Thumb Code    18  stm32f4xx_usart.o(i.USART_ClearFlag)
    USART_Cmd                                0x08003193   Thumb Code    24  stm32f4xx_usart.o(i.USART_Cmd)
    USART_DMACmd                             0x080031ab   Thumb Code    18  stm32f4xx_usart.o(i.USART_DMACmd)
    USART_Init                               0x080031bd   Thumb Code   204  stm32f4xx_usart.o(i.USART_Init)
    UsageFault_Handler                       0x08003291   Thumb Code     4  system_timetick.o(i.UsageFault_Handler)
    Wheel_ENC_Update                         0x08003295   Thumb Code   176  control.o(i.Wheel_ENC_Update)
    Wheel_Get_Velocity                       0x0800335d   Thumb Code    74  control.o(i.Wheel_Get_Velocity)
    Wheel_Servo_Write_PWM                    0x080033b9   Thumb Code   276  control.o(i.Wheel_Servo_Write_PWM)
    XY_Axes_StrToFloat                       0x080034e9   Thumb Code   170  utils.o(i.XY_Axes_StrToFloat)
    __ARM_fpclassify                         0x080035ad   Thumb Code    48  fpclassify.o(i.__ARM_fpclassify)
    __ARM_fpclassifyf                        0x080035dd   Thumb Code    38  fpclassifyf.o(i.__ARM_fpclassifyf)
    __hardfp_cosf                            0x08003605   Thumb Code   280  cosf.o(i.__hardfp_cosf)
    __hardfp_fabs                            0x08003755   Thumb Code    20  fabs.o(i.__hardfp_fabs)
    __hardfp_pow                             0x08003769   Thumb Code  3072  pow.o(i.__hardfp_pow)
    __hardfp_sinf                            0x080043b9   Thumb Code   344  sinf.o(i.__hardfp_sinf)
    __kernel_poly                            0x08004549   Thumb Code   248  poly.o(i.__kernel_poly)
    __mathlib_dbl_divzero                    0x08004641   Thumb Code    28  dunder.o(i.__mathlib_dbl_divzero)
    __mathlib_dbl_infnan2                    0x08004671   Thumb Code    20  dunder.o(i.__mathlib_dbl_infnan2)
    __mathlib_dbl_invalid                    0x08004689   Thumb Code    24  dunder.o(i.__mathlib_dbl_invalid)
    __mathlib_dbl_overflow                   0x080046a9   Thumb Code    24  dunder.o(i.__mathlib_dbl_overflow)
    __mathlib_dbl_underflow                  0x080046c9   Thumb Code    24  dunder.o(i.__mathlib_dbl_underflow)
    __mathlib_flt_infnan                     0x080046e9   Thumb Code     6  funder.o(i.__mathlib_flt_infnan)
    __mathlib_flt_invalid                    0x080046f1   Thumb Code    10  funder.o(i.__mathlib_flt_invalid)
    __mathlib_flt_underflow                  0x08004701   Thumb Code    10  funder.o(i.__mathlib_flt_underflow)
    __mathlib_rredf2                         0x08004711   Thumb Code   316  rredf.o(i.__mathlib_rredf2)
    delay_01ms                               0x08004865   Thumb Code    66  utils.o(i.delay_01ms)
    fabs                                     0x080048ad   Thumb Code    24  fabs.o(i.fabs)
    main                                     0x080048c5   Thumb Code   210  main.o(i.main)
    sqrt                                     0x080049b5   Thumb Code   110  sqrt.o(i.sqrt)
    __aeabi_dneg                             0x08004a23   Thumb Code     0  basic.o(x$fpl$basic)
    _dneg                                    0x08004a23   Thumb Code     6  basic.o(x$fpl$basic)
    __aeabi_fneg                             0x08004a29   Thumb Code     0  basic.o(x$fpl$basic)
    _fneg                                    0x08004a29   Thumb Code     6  basic.o(x$fpl$basic)
    _dabs                                    0x08004a2f   Thumb Code     6  basic.o(x$fpl$basic)
    _fabs                                    0x08004a35   Thumb Code     6  basic.o(x$fpl$basic)
    __aeabi_d2f                              0x08004a3d   Thumb Code     0  d2f.o(x$fpl$d2f)
    _d2f                                     0x08004a3d   Thumb Code    98  d2f.o(x$fpl$d2f)
    __aeabi_dadd                             0x08004aa1   Thumb Code     0  daddsub_clz.o(x$fpl$dadd)
    _dadd                                    0x08004aa1   Thumb Code   332  daddsub_clz.o(x$fpl$dadd)
    __fpl_dcheck_NaN1                        0x08004bf1   Thumb Code    10  dcheck1.o(x$fpl$dcheck1)
    __fpl_dcmp_Inf                           0x08004c01   Thumb Code    24  dcmpi.o(x$fpl$dcmpinf)
    __aeabi_ddiv                             0x08004c19   Thumb Code     0  ddiv.o(x$fpl$ddiv)
    _ddiv                                    0x08004c19   Thumb Code   552  ddiv.o(x$fpl$ddiv)
    __aeabi_d2uiz                            0x08004ec9   Thumb Code     0  dfixu.o(x$fpl$dfixu)
    _dfixu                                   0x08004ec9   Thumb Code    90  dfixu.o(x$fpl$dfixu)
    __aeabi_i2d                              0x08004f23   Thumb Code     0  dflt_clz.o(x$fpl$dflt)
    _dflt                                    0x08004f23   Thumb Code    46  dflt_clz.o(x$fpl$dflt)
    __aeabi_cdcmple                          0x08004f51   Thumb Code     0  dleqf.o(x$fpl$dleqf)
    _dcmple                                  0x08004f51   Thumb Code   120  dleqf.o(x$fpl$dleqf)
    __fpl_dcmple_InfNaN                      0x08004fb3   Thumb Code     0  dleqf.o(x$fpl$dleqf)
    __aeabi_dmul                             0x08004fc9   Thumb Code     0  dmul.o(x$fpl$dmul)
    _dmul                                    0x08004fc9   Thumb Code   332  dmul.o(x$fpl$dmul)
    __fpl_dnaninf                            0x0800511d   Thumb Code   156  dnaninf.o(x$fpl$dnaninf)
    __fpl_dretinf                            0x080051b9   Thumb Code    12  dretinf.o(x$fpl$dretinf)
    __aeabi_cdrcmple                         0x080051c5   Thumb Code     0  drleqf.o(x$fpl$drleqf)
    _drcmple                                 0x080051c5   Thumb Code   108  drleqf.o(x$fpl$drleqf)
    __aeabi_drsub                            0x08005231   Thumb Code     0  daddsub_clz.o(x$fpl$drsb)
    _drsb                                    0x08005231   Thumb Code    22  daddsub_clz.o(x$fpl$drsb)
    _dsqrt                                   0x08005249   Thumb Code   404  dsqrt_umaal.o(x$fpl$dsqrt)
    __aeabi_dsub                             0x080053e1   Thumb Code     0  daddsub_clz.o(x$fpl$dsub)
    _dsub                                    0x080053e1   Thumb Code   464  daddsub_clz.o(x$fpl$dsub)
    __aeabi_f2d                              0x080055b5   Thumb Code     0  f2d.o(x$fpl$f2d)
    _f2d                                     0x080055b5   Thumb Code    86  f2d.o(x$fpl$f2d)
    __fpl_fnaninf                            0x0800560b   Thumb Code   140  fnaninf.o(x$fpl$fnaninf)
    _fp_init                                 0x08005697   Thumb Code    10  fpinit.o(x$fpl$fpinit)
    __fplib_config_fpu_vfp                   0x0800569f   Thumb Code     0  fpinit.o(x$fpl$fpinit)
    __fplib_config_pureend_doubles           0x0800569f   Thumb Code     0  fpinit.o(x$fpl$fpinit)
    __fpl_fretinf                            0x080056a1   Thumb Code    10  fretinf.o(x$fpl$fretinf)
    __fpl_return_NaN                         0x080056ab   Thumb Code   100  retnan.o(x$fpl$retnan)
    __ARM_scalbn                             0x0800570f   Thumb Code    92  scalbn.o(x$fpl$scalbn)
    __fpl_cmpreturn                          0x0800576b   Thumb Code    48  trapv.o(x$fpl$trapveneer)
    __I$use$fp                               0x0800579a   Number         0  usenofp.o(x$fpl$usenofp)
    __mathlib_zero                           0x08005828   Data           8  qnan.o(.constdata)
    Region$$Table$$Base                      0x08005850   Number         0  anon$$obj.o(Region$$Table)
    Region$$Table$$Limit                     0x08005870   Number         0  anon$$obj.o(Region$$Table)
    cnt                                      0x20000000   Data           2  main.o(.data)
    process_time                             0x20000004   Data           4  main.o(.data)
    SystemCoreClock                          0x20000008   Data           4  system_stm32f4xx.o(.data)
    AHBPrescTable                            0x2000000c   Data          16  system_stm32f4xx.o(.data)
    tick_count                               0x2000001c   Data           4  system_timetick.o(.data)
    tick_flag                                0x20000020   Data           4  system_timetick.o(.data)
    f_front_dis                              0x20000034   Data           4  srf05.o(.data)
    f_rear_dis                               0x20000038   Data           4  srf05.o(.data)
    f_grip_dis                               0x2000003c   Data           4  srf05.o(.data)
    stop_str                                 0x20000040   Data          24  control.o(.data)
    IsTestPID                                0x20000058   Data           1  control.o(.data)
    max_rpm_left                             0x2000005c   Data           4  control.o(.data)
    max_rpm_right                            0x20000060   Data           4  control.o(.data)
    time_test                                0x20000064   Data           4  control.o(.data)
    f_theta1                                 0x20000068   Data           4  control.o(.data)
    f_theta2                                 0x2000006c   Data           4  control.o(.data)
    f_theta3                                 0x20000070   Data           4  control.o(.data)
    enc_dp                                   0x20000074   Data           8  control.o(.data)
    enc_p0                                   0x2000007c   Data           8  control.o(.data)
    enc_p1                                   0x20000084   Data           8  control.o(.data)
    x_axis                                   0x2000008c   Data           4  control.o(.data)
    y_axis                                   0x20000090   Data           4  control.o(.data)
    i_Arm_Pulse_1                            0x20000094   Data           4  control.o(.data)
    i_Arm_Pulse_2                            0x20000098   Data           4  control.o(.data)
    i_Arm_Pulse_3                            0x2000009c   Data           4  control.o(.data)
    f_Gripper_Pulse                          0x200000a0   Data           4  control.o(.data)
    f_left_vel                               0x200000a4   Data           4  control.o(.data)
    f_right_vel                              0x200000a8   Data           4  control.o(.data)
    f_setpoint_left_vel                      0x200000ac   Data           4  control.o(.data)
    f_setpoint_right_vel                     0x200000b0   Data           4  control.o(.data)
    f_pre1_setpoint_left_vel                 0x200000b4   Data           4  control.o(.data)
    f_pre1_setpoint_right_vel                0x200000b8   Data           4  control.o(.data)
    f_setpoint_left_vel_fil                  0x200000bc   Data           4  control.o(.data)
    f_setpoint_right_vel_fil                 0x200000c0   Data           4  control.o(.data)
    f_pre1_setpoint_left_vel_fil             0x200000c4   Data           4  control.o(.data)
    f_pre1_setpoint_right_vel_fil            0x200000c8   Data           4  control.o(.data)
    f_PID_value_left                         0x200000cc   Data           4  control.o(.data)
    f_PID_value_right                        0x200000d0   Data           4  control.o(.data)
    f_pre1_left_vel                          0x200000d4   Data           4  control.o(.data)
    f_pre1_right_vel                         0x200000d8   Data           4  control.o(.data)
    f_left_vel_fil                           0x200000dc   Data           4  control.o(.data)
    f_right_vel_fil                          0x200000e0   Data           4  control.o(.data)
    f_pre1_left_vel_fil                      0x200000e4   Data           4  control.o(.data)
    f_pre1_right_vel_fil                     0x200000e8   Data           4  control.o(.data)
    Kp_l                                     0x200000ec   Data           4  control.o(.data)
    Ki_l                                     0x200000f0   Data           4  control.o(.data)
    Kd_l                                     0x200000f4   Data           4  control.o(.data)
    Kp_r                                     0x200000f8   Data           4  control.o(.data)
    Ki_r                                     0x200000fc   Data           4  control.o(.data)
    Kd_r                                     0x20000100   Data           4  control.o(.data)
    Pre1_error_R                             0x20000104   Data           4  control.o(.data)
    Pre2_error_R                             0x20000108   Data           4  control.o(.data)
    Pre_out_R                                0x2000010c   Data           4  control.o(.data)
    Pre1_error_L                             0x20000110   Data           4  control.o(.data)
    Pre2_error_L                             0x20000114   Data           4  control.o(.data)
    Pre_out_L                                0x20000118   Data           4  control.o(.data)
    Pre_DIR_L                                0x2000011c   Data           1  control.o(.data)
    Pre_DIR_R                                0x2000011d   Data           1  control.o(.data)
    ui8_dma_rx_buff                          0x20000128   Data          24  uart.o(.bss)
    ui8_dma_tx_buff                          0x20000140   Data          64  uart.o(.bss)
    frame                                    0x20000180   Data         100  uart.o(.bss)
    __libspace_start                         0x200001e4   Data          96  libspace.o(.bss)
    __temporary_stack_top$libspace           0x20000244   Data           0  libspace.o(.bss)



==============================================================================

Memory Map of the image

  Image Entry point : 0x08000189

  Load Region LR_IROM1 (Base: 0x08000000, Size: 0x00005998, Max: 0x00100000, ABSOLUTE)

    Execution Region ER_IROM1 (Exec base: 0x08000000, Load base: 0x08000000, Size: 0x00005870, Max: 0x00100000, ABSOLUTE)

    Exec Addr    Load Addr    Size         Type   Attr      Idx    E Section Name        Object

    0x08000000   0x08000000   0x00000188   Data   RO          307    RESET               startup_stm32f40_41xxx.o
    0x08000188   0x08000188   0x00000008   Code   RO         2936  * !!!main             c_w.l(__main.o)
    0x08000190   0x08000190   0x00000034   Code   RO         3249    !!!scatter          c_w.l(__scatter.o)
    0x080001c4   0x080001c4   0x0000001a   Code   RO         3251    !!handler_copy      c_w.l(__scatter_copy.o)
    0x080001de   0x080001de   0x00000002   PAD
    0x080001e0   0x080001e0   0x0000001c   Code   RO         3253    !!handler_zi        c_w.l(__scatter_zi.o)
    0x080001fc   0x080001fc   0x00000002   Code   RO         3116    .ARM.Collect$$libinit$$00000000  c_w.l(libinit.o)
    0x080001fe   0x080001fe   0x00000004   Code   RO         3123    .ARM.Collect$$libinit$$00000001  c_w.l(libinit2.o)
    0x08000202   0x08000202   0x00000000   Code   RO         3126    .ARM.Collect$$libinit$$00000004  c_w.l(libinit2.o)
    0x08000202   0x08000202   0x00000000   Code   RO         3129    .ARM.Collect$$libinit$$0000000A  c_w.l(libinit2.o)
    0x08000202   0x08000202   0x00000000   Code   RO         3131    .ARM.Collect$$libinit$$0000000C  c_w.l(libinit2.o)
    0x08000202   0x08000202   0x00000000   Code   RO         3133    .ARM.Collect$$libinit$$0000000E  c_w.l(libinit2.o)
    0x08000202   0x08000202   0x00000000   Code   RO         3136    .ARM.Collect$$libinit$$00000011  c_w.l(libinit2.o)
    0x08000202   0x08000202   0x00000000   Code   RO         3138    .ARM.Collect$$libinit$$00000013  c_w.l(libinit2.o)
    0x08000202   0x08000202   0x00000000   Code   RO         3140    .ARM.Collect$$libinit$$00000015  c_w.l(libinit2.o)
    0x08000202   0x08000202   0x00000000   Code   RO         3142    .ARM.Collect$$libinit$$00000017  c_w.l(libinit2.o)
    0x08000202   0x08000202   0x00000000   Code   RO         3144    .ARM.Collect$$libinit$$00000019  c_w.l(libinit2.o)
    0x08000202   0x08000202   0x00000000   Code   RO         3146    .ARM.Collect$$libinit$$0000001B  c_w.l(libinit2.o)
    0x08000202   0x08000202   0x00000000   Code   RO         3148    .ARM.Collect$$libinit$$0000001D  c_w.l(libinit2.o)
    0x08000202   0x08000202   0x00000000   Code   RO         3150    .ARM.Collect$$libinit$$0000001F  c_w.l(libinit2.o)
    0x08000202   0x08000202   0x00000000   Code   RO         3152    .ARM.Collect$$libinit$$00000021  c_w.l(libinit2.o)
    0x08000202   0x08000202   0x00000000   Code   RO         3154    .ARM.Collect$$libinit$$00000023  c_w.l(libinit2.o)
    0x08000202   0x08000202   0x00000000   Code   RO         3156    .ARM.Collect$$libinit$$00000025  c_w.l(libinit2.o)
    0x08000202   0x08000202   0x00000000   Code   RO         3160    .ARM.Collect$$libinit$$0000002C  c_w.l(libinit2.o)
    0x08000202   0x08000202   0x00000000   Code   RO         3162    .ARM.Collect$$libinit$$0000002E  c_w.l(libinit2.o)
    0x08000202   0x08000202   0x00000000   Code   RO         3164    .ARM.Collect$$libinit$$00000030  c_w.l(libinit2.o)
    0x08000202   0x08000202   0x00000000   Code   RO         3166    .ARM.Collect$$libinit$$00000032  c_w.l(libinit2.o)
    0x08000202   0x08000202   0x00000002   Code   RO         3167    .ARM.Collect$$libinit$$00000033  c_w.l(libinit2.o)
    0x08000204   0x08000204   0x00000002   Code   RO         3189    .ARM.Collect$$libshutdown$$00000000  c_w.l(libshutdown.o)
    0x08000206   0x08000206   0x00000000   Code   RO         3202    .ARM.Collect$$libshutdown$$00000002  c_w.l(libshutdown2.o)
    0x08000206   0x08000206   0x00000000   Code   RO         3204    .ARM.Collect$$libshutdown$$00000004  c_w.l(libshutdown2.o)
    0x08000206   0x08000206   0x00000000   Code   RO         3207    .ARM.Collect$$libshutdown$$00000007  c_w.l(libshutdown2.o)
    0x08000206   0x08000206   0x00000000   Code   RO         3210    .ARM.Collect$$libshutdown$$0000000A  c_w.l(libshutdown2.o)
    0x08000206   0x08000206   0x00000000   Code   RO         3212    .ARM.Collect$$libshutdown$$0000000C  c_w.l(libshutdown2.o)
    0x08000206   0x08000206   0x00000000   Code   RO         3215    .ARM.Collect$$libshutdown$$0000000F  c_w.l(libshutdown2.o)
    0x08000206   0x08000206   0x00000002   Code   RO         3216    .ARM.Collect$$libshutdown$$00000010  c_w.l(libshutdown2.o)
    0x08000208   0x08000208   0x00000000   Code   RO         3008    .ARM.Collect$$rtentry$$00000000  c_w.l(__rtentry.o)
    0x08000208   0x08000208   0x00000000   Code   RO         3079    .ARM.Collect$$rtentry$$00000002  c_w.l(__rtentry2.o)
    0x08000208   0x08000208   0x00000006   Code   RO         3091    .ARM.Collect$$rtentry$$00000004  c_w.l(__rtentry4.o)
    0x0800020e   0x0800020e   0x00000000   Code   RO         3081    .ARM.Collect$$rtentry$$00000009  c_w.l(__rtentry2.o)
    0x0800020e   0x0800020e   0x00000004   Code   RO         3082    .ARM.Collect$$rtentry$$0000000A  c_w.l(__rtentry2.o)
    0x08000212   0x08000212   0x00000000   Code   RO         3084    .ARM.Collect$$rtentry$$0000000C  c_w.l(__rtentry2.o)
    0x08000212   0x08000212   0x00000008   Code   RO         3085    .ARM.Collect$$rtentry$$0000000D  c_w.l(__rtentry2.o)
    0x0800021a   0x0800021a   0x00000002   Code   RO         3121    .ARM.Collect$$rtexit$$00000000  c_w.l(rtexit.o)
    0x0800021c   0x0800021c   0x00000000   Code   RO         3171    .ARM.Collect$$rtexit$$00000002  c_w.l(rtexit2.o)
    0x0800021c   0x0800021c   0x00000004   Code   RO         3172    .ARM.Collect$$rtexit$$00000003  c_w.l(rtexit2.o)
    0x08000220   0x08000220   0x00000006   Code   RO         3173    .ARM.Collect$$rtexit$$00000004  c_w.l(rtexit2.o)
    0x08000226   0x08000226   0x00000002   PAD
    0x08000228   0x08000228   0x00000040   Code   RO          308    .text               startup_stm32f40_41xxx.o
    0x08000268   0x08000268   0x0000008a   Code   RO         2932    .text               c_w.l(rt_memcpy_v6.o)
    0x080002f2   0x080002f2   0x00000006   Code   RO         2934    .text               c_w.l(heapauxi.o)
    0x080002f8   0x080002f8   0x00000016   Code   RO         3009    .text               c_w.l(_rserrno.o)
    0x0800030e   0x0800030e   0x00000064   Code   RO         3011    .text               c_w.l(rt_memcpy_w.o)
    0x08000372   0x08000372   0x00000002   PAD
    0x08000374   0x08000374   0x00000008   Code   RO         3096    .text               c_w.l(rt_errno_addr_intlibspace.o)
    0x0800037c   0x0800037c   0x00000008   Code   RO         3104    .text               c_w.l(libspace.o)
    0x08000384   0x08000384   0x0000004a   Code   RO         3107    .text               c_w.l(sys_stackheap_outer.o)
    0x080003ce   0x080003ce   0x00000012   Code   RO         3109    .text               c_w.l(exit.o)
    0x080003e0   0x080003e0   0x0000000c   Code   RO         3181    .text               c_w.l(sys_exit.o)
    0x080003ec   0x080003ec   0x00000002   Code   RO         3192    .text               c_w.l(use_no_semi.o)
    0x080003ee   0x080003ee   0x00000000   Code   RO         3194    .text               c_w.l(indicate_semi.o)
    0x080003ee   0x080003ee   0x00000002   PAD
    0x080003f0   0x080003f0   0x0000011c   Code   RO         2815    i.ARM_Servo_Move_To_Defined_Home  control.o
    0x0800050c   0x0800050c   0x00000104   Code   RO         2816    i.ARM_Servo_Move_To_Defined_Home_Start  control.o
    0x08000610   0x08000610   0x00000248   Code   RO         2817    i.Arm_Servo_Move    control.o
    0x08000858   0x08000858   0x00000054   Code   RO         2818    i.Arm_Servo_Write_Pulse  control.o
    0x080008ac   0x080008ac   0x00000004   Code   RO          230    i.BusFault_Handler  system_timetick.o
    0x080008b0   0x080008b0   0x00000038   Code   RO         2445    i.Cal_Arm_Num_Pulse  utils.o
    0x080008e8   0x080008e8   0x0000001e   Code   RO         2446    i.Cal_Gripper_Pulse_Width  utils.o
    0x08000906   0x08000906   0x00000054   Code   RO         2447    i.Cal_Test_Wheel_Speed_Setpoint  utils.o
    0x0800095a   0x0800095a   0x00000002   PAD
    0x0800095c   0x0800095c   0x000000c0   Code   RO         2448    i.Cal_Wheel_Speed_Setpoint  utils.o
    0x08000a1c   0x08000a1c   0x000002ec   Code   RO         2819    i.Calculate_PID_Value_Wheel  control.o
    0x08000d08   0x08000d08   0x00000038   Code   RO         2750    i.DMA1_Stream2_IRQHandler  uart.o
    0x08000d40   0x08000d40   0x00000034   Code   RO          389    i.DMA_ClearFlag     stm32f4xx_dma.o
    0x08000d74   0x08000d74   0x00000034   Code   RO          390    i.DMA_ClearITPendingBit  stm32f4xx_dma.o
    0x08000da8   0x08000da8   0x00000016   Code   RO          391    i.DMA_Cmd           stm32f4xx_dma.o
    0x08000dbe   0x08000dbe   0x0000003a   Code   RO          402    i.DMA_ITConfig      stm32f4xx_dma.o
    0x08000df8   0x08000df8   0x00000058   Code   RO          403    i.DMA_Init          stm32f4xx_dma.o
    0x08000e50   0x08000e50   0x00000002   Code   RO          231    i.DebugMon_Handler  system_timetick.o
    0x08000e52   0x08000e52   0x00000002   PAD
    0x08000e54   0x08000e54   0x00000098   Code   RO         2579    i.EEP_Init          eeprom_i2c.o
    0x08000eec   0x08000eec   0x0000008c   Code   RO         2699    i.EXTI2_IRQHandler  srf05.o
    0x08000f78   0x08000f78   0x0000008c   Code   RO         2700    i.EXTI3_IRQHandler  srf05.o
    0x08001004   0x08001004   0x0000008c   Code   RO         2701    i.EXTI9_5_IRQHandler  srf05.o
    0x08001090   0x08001090   0x0000000c   Code   RO         2278    i.EXTI_ClearITPendingBit  stm32f4xx_exti.o
    0x0800109c   0x0800109c   0x00000018   Code   RO         2282    i.EXTI_GetITStatus  stm32f4xx_exti.o
    0x080010b4   0x080010b4   0x00000094   Code   RO         2283    i.EXTI_Init         stm32f4xx_exti.o
    0x08001148   0x08001148   0x00000210   Code   RO         2627    i.FSMC_Init         fsmc.o
    0x08001358   0x08001358   0x00000034   Code   RO         2156    i.FSMC_NORSRAMCmd   stm32f4xx_fsmc.o
    0x0800138c   0x0800138c   0x000000e6   Code   RO         2158    i.FSMC_NORSRAMInit  stm32f4xx_fsmc.o
    0x08001472   0x08001472   0x00000002   PAD
    0x08001474   0x08001474   0x00000014   Code   RO         2628    i.FSMC_Read         fsmc.o
    0x08001488   0x08001488   0x00000004   Code   RO         2629    i.FSMC_Write        fsmc.o
    0x0800148c   0x0800148c   0x00000090   Code   RO         2344    i.GPIO_Init         stm32f4xx_gpio.o
    0x0800151c   0x0800151c   0x00000046   Code   RO         2345    i.GPIO_PinAFConfig  stm32f4xx_gpio.o
    0x08001562   0x08001562   0x00000012   Code   RO         2348    i.GPIO_ReadInputDataBit  stm32f4xx_gpio.o
    0x08001574   0x08001574   0x00000004   Code   RO         2351    i.GPIO_ResetBits    stm32f4xx_gpio.o
    0x08001578   0x08001578   0x00000004   Code   RO         2352    i.GPIO_SetBits      stm32f4xx_gpio.o
    0x0800157c   0x0800157c   0x0000008c   Code   RO         2820    i.Gripper_RC_Servo_Write_PWM  control.o
    0x08001608   0x08001608   0x00000004   Code   RO          232    i.HardFault_Handler  system_timetick.o
    0x0800160c   0x0800160c   0x00000018   Code   RO         1924    i.I2C_Cmd           stm32f4xx_i2c.o
    0x08001624   0x08001624   0x00000060   Code   RO         1927    i.I2C_DeInit        stm32f4xx_i2c.o
    0x08001684   0x08001684   0x000000e8   Code   RO         1939    i.I2C_Init          stm32f4xx_i2c.o
    0x0800176c   0x0800176c   0x000000a8   Code   RO         2534    i.IO_Init           gpio.o
    0x08001814   0x08001814   0x00000038   Code   RO         2449    i.IntToStr_len      utils.o
    0x0800184c   0x0800184c   0x00000038   Code   RO         2821    i.Is_Connection_Timeout  control.o
    0x08001884   0x08001884   0x000000bc   Code   RO         2822    i.LPF_Vel_Feedback  control.o
    0x08001940   0x08001940   0x000000a0   Code   RO         2823    i.LPF_Wheel_PID_Setpoint  control.o
    0x080019e0   0x080019e0   0x00000004   Code   RO          233    i.MemManage_Handler  system_timetick.o
    0x080019e4   0x080019e4   0x00000002   Code   RO          234    i.NMI_Handler       system_timetick.o
    0x080019e6   0x080019e6   0x00000002   PAD
    0x080019e8   0x080019e8   0x00000078   Code   RO          315    i.NVIC_Init         misc.o
    0x08001a60   0x08001a60   0x000000a4   Code   RO         2663    i.PWM_Gripper_Init  pwm.o
    0x08001b04   0x08001b04   0x000000c4   Code   RO         2664    i.PWM_Left_Wheel_Init  pwm.o
    0x08001bc8   0x08001bc8   0x000000c4   Code   RO         2665    i.PWM_Right_Wheel_Init  pwm.o
    0x08001c8c   0x08001c8c   0x00000002   Code   RO          235    i.PendSV_Handler    system_timetick.o
    0x08001c8e   0x08001c8e   0x00000002   PAD
    0x08001c90   0x08001c90   0x00000020   Code   RO          521    i.RCC_AHB1PeriphClockCmd  stm32f4xx_rcc.o
    0x08001cb0   0x08001cb0   0x00000020   Code   RO          527    i.RCC_AHB3PeriphClockCmd  stm32f4xx_rcc.o
    0x08001cd0   0x08001cd0   0x00000020   Code   RO          530    i.RCC_APB1PeriphClockCmd  stm32f4xx_rcc.o
    0x08001cf0   0x08001cf0   0x00000020   Code   RO          532    i.RCC_APB1PeriphResetCmd  stm32f4xx_rcc.o
    0x08001d10   0x08001d10   0x00000020   Code   RO          533    i.RCC_APB2PeriphClockCmd  stm32f4xx_rcc.o
    0x08001d30   0x08001d30   0x000000e8   Code   RO          542    i.RCC_GetClocksFreq  stm32f4xx_rcc.o
    0x08001e18   0x08001e18   0x000001c0   Code   RO         2702    i.SRF05_Init        srf05.o
    0x08001fd8   0x08001fd8   0x00000002   Code   RO          236    i.SVC_Handler       system_timetick.o
    0x08001fda   0x08001fda   0x00000002   PAD
    0x08001fdc   0x08001fdc   0x00000040   Code   RO         1614    i.SYSCFG_EXTILineConfig  stm32f4xx_syscfg.o
    0x0800201c   0x0800201c   0x000000ec   Code   RO          185    i.SetSysClock       system_stm32f4xx.o
    0x08002108   0x08002108   0x00000070   Code   RO         2824    i.Stop_Process      control.o
    0x08002178   0x08002178   0x00000058   Code   RO         2825    i.Stop_Wheels_Motor  control.o
    0x080021d0   0x080021d0   0x00000124   Code   RO         2450    i.StrToFloat_PID_Para  utils.o
    0x080022f4   0x080022f4   0x000000d0   Code   RO         2451    i.StrToFloat_PID_SetPoint  utils.o
    0x080023c4   0x080023c4   0x0000001c   Code   RO          237    i.SysTick_Handler   system_timetick.o
    0x080023e0   0x080023e0   0x00000068   Code   RO          187    i.SystemInit        system_stm32f4xx.o
    0x08002448   0x08002448   0x0000035c   Code   RO         2826    i.System_Process    control.o
    0x080027a4   0x080027a4   0x00000018   Code   RO         1061    i.TIM_Cmd           stm32f4xx_tim.o
    0x080027bc   0x080027bc   0x00000006   Code   RO         1080    i.TIM_GetCounter    stm32f4xx_tim.o
    0x080027c2   0x080027c2   0x00000002   PAD
    0x080027c4   0x080027c4   0x0000007c   Code   RO         1090    i.TIM_OC1Init       stm32f4xx_tim.o
    0x08002840   0x08002840   0x00000012   Code   RO         1093    i.TIM_OC1PreloadConfig  stm32f4xx_tim.o
    0x08002852   0x08002852   0x00000004   Code   RO         1123    i.TIM_SetCompare1   stm32f4xx_tim.o
    0x08002856   0x08002856   0x00000004   Code   RO         1127    i.TIM_SetCounter    stm32f4xx_tim.o
    0x0800285a   0x0800285a   0x00000002   PAD
    0x0800285c   0x0800285c   0x00000084   Code   RO         1133    i.TIM_TimeBaseInit  stm32f4xx_tim.o
    0x080028e0   0x080028e0   0x00000028   Code   RO         2827    i.Trigger_P_Write_Pin  control.o
    0x08002908   0x08002908   0x000001ac   Code   RO         2751    i.UART_USR_Init     uart.o
    0x08002ab4   0x08002ab4   0x0000003c   Code   RO         2752    i.UART_USR_Send     uart.o
    0x08002af0   0x08002af0   0x00000690   Code   RO         2756    i.UART_USR_Send_Vel  uart.o
    0x08003180   0x08003180   0x00000012   Code   RO          853    i.USART_ClearFlag   stm32f4xx_usart.o
    0x08003192   0x08003192   0x00000018   Code   RO          857    i.USART_Cmd         stm32f4xx_usart.o
    0x080031aa   0x080031aa   0x00000012   Code   RO          858    i.USART_DMACmd      stm32f4xx_usart.o
    0x080031bc   0x080031bc   0x000000d4   Code   RO          864    i.USART_Init        stm32f4xx_usart.o
    0x08003290   0x08003290   0x00000004   Code   RO          238    i.UsageFault_Handler  system_timetick.o
    0x08003294   0x08003294   0x000000c8   Code   RO         2828    i.Wheel_ENC_Update  control.o
    0x0800335c   0x0800335c   0x0000005c   Code   RO         2829    i.Wheel_Get_Velocity  control.o
    0x080033b8   0x080033b8   0x00000130   Code   RO         2830    i.Wheel_Servo_Write_PWM  control.o
    0x080034e8   0x080034e8   0x000000c4   Code   RO         2452    i.XY_Axes_StrToFloat  utils.o
    0x080035ac   0x080035ac   0x00000030   Code   RO         3042    i.__ARM_fpclassify  m_wm.l(fpclassify.o)
    0x080035dc   0x080035dc   0x00000026   Code   RO         3044    i.__ARM_fpclassifyf  m_wm.l(fpclassifyf.o)
    0x08003602   0x08003602   0x00000002   PAD
    0x08003604   0x08003604   0x00000150   Code   RO         2964    i.__hardfp_cosf     m_wm.l(cosf.o)
    0x08003754   0x08003754   0x00000014   Code   RO         2976    i.__hardfp_fabs     m_wm.l(fabs.o)
    0x08003768   0x08003768   0x00000c50   Code   RO         2982    i.__hardfp_pow      m_wm.l(pow.o)
    0x080043b8   0x080043b8   0x00000190   Code   RO         2996    i.__hardfp_sinf     m_wm.l(sinf.o)
    0x08004548   0x08004548   0x000000f8   Code   RO         3060    i.__kernel_poly     m_wm.l(poly.o)
    0x08004640   0x08004640   0x00000030   Code   RO         3028    i.__mathlib_dbl_divzero  m_wm.l(dunder.o)
    0x08004670   0x08004670   0x00000014   Code   RO         3030    i.__mathlib_dbl_infnan2  m_wm.l(dunder.o)
    0x08004684   0x08004684   0x00000004   PAD
    0x08004688   0x08004688   0x00000020   Code   RO         3031    i.__mathlib_dbl_invalid  m_wm.l(dunder.o)
    0x080046a8   0x080046a8   0x00000020   Code   RO         3032    i.__mathlib_dbl_overflow  m_wm.l(dunder.o)
    0x080046c8   0x080046c8   0x00000020   Code   RO         3034    i.__mathlib_dbl_underflow  m_wm.l(dunder.o)
    0x080046e8   0x080046e8   0x00000006   Code   RO         3047    i.__mathlib_flt_infnan  m_wm.l(funder.o)
    0x080046ee   0x080046ee   0x00000002   PAD
    0x080046f0   0x080046f0   0x00000010   Code   RO         3049    i.__mathlib_flt_invalid  m_wm.l(funder.o)
    0x08004700   0x08004700   0x00000010   Code   RO         3052    i.__mathlib_flt_underflow  m_wm.l(funder.o)
    0x08004710   0x08004710   0x00000154   Code   RO         3063    i.__mathlib_rredf2  m_wm.l(rredf.o)
    0x08004864   0x08004864   0x00000048   Code   RO         2453    i.delay_01ms        utils.o
    0x080048ac   0x080048ac   0x00000018   Code   RO         2978    i.fabs              m_wm.l(fabs.o)
    0x080048c4   0x080048c4   0x000000f0   Code   RO            4    i.main              main.o
    0x080049b4   0x080049b4   0x0000006e   Code   RO         3068    i.sqrt              m_wm.l(sqrt.o)
    0x08004a22   0x08004a22   0x00000018   Code   RO         3013    x$fpl$basic         fz_wm.l(basic.o)
    0x08004a3a   0x08004a3a   0x00000002   PAD
    0x08004a3c   0x08004a3c   0x00000062   Code   RO         2938    x$fpl$d2f           fz_wm.l(d2f.o)
    0x08004a9e   0x08004a9e   0x00000002   PAD
    0x08004aa0   0x08004aa0   0x00000150   Code   RO         2940    x$fpl$dadd          fz_wm.l(daddsub_clz.o)
    0x08004bf0   0x08004bf0   0x00000010   Code   RO         3098    x$fpl$dcheck1       fz_wm.l(dcheck1.o)
    0x08004c00   0x08004c00   0x00000018   Code   RO         3117    x$fpl$dcmpinf       fz_wm.l(dcmpi.o)
    0x08004c18   0x08004c18   0x000002b0   Code   RO         2947    x$fpl$ddiv          fz_wm.l(ddiv.o)
    0x08004ec8   0x08004ec8   0x0000005a   Code   RO         2950    x$fpl$dfixu         fz_wm.l(dfixu.o)
    0x08004f22   0x08004f22   0x0000002e   Code   RO         2955    x$fpl$dflt          fz_wm.l(dflt_clz.o)
    0x08004f50   0x08004f50   0x00000078   Code   RO         3100    x$fpl$dleqf         fz_wm.l(dleqf.o)
    0x08004fc8   0x08004fc8   0x00000154   Code   RO         2960    x$fpl$dmul          fz_wm.l(dmul.o)
    0x0800511c   0x0800511c   0x0000009c   Code   RO         3015    x$fpl$dnaninf       fz_wm.l(dnaninf.o)
    0x080051b8   0x080051b8   0x0000000c   Code   RO         3017    x$fpl$dretinf       fz_wm.l(dretinf.o)
    0x080051c4   0x080051c4   0x0000006c   Code   RO         3019    x$fpl$drleqf        fz_wm.l(drleqf.o)
    0x08005230   0x08005230   0x00000016   Code   RO         2941    x$fpl$drsb          fz_wm.l(daddsub_clz.o)
    0x08005246   0x08005246   0x00000002   PAD
    0x08005248   0x08005248   0x00000198   Code   RO         3102    x$fpl$dsqrt         fz_wm.l(dsqrt_umaal.o)
    0x080053e0   0x080053e0   0x000001d4   Code   RO         2942    x$fpl$dsub          fz_wm.l(daddsub_clz.o)
    0x080055b4   0x080055b4   0x00000056   Code   RO         2962    x$fpl$f2d           fz_wm.l(f2d.o)
    0x0800560a   0x0800560a   0x0000008c   Code   RO         3021    x$fpl$fnaninf       fz_wm.l(fnaninf.o)
    0x08005696   0x08005696   0x0000000a   Code   RO         3179    x$fpl$fpinit        fz_wm.l(fpinit.o)
    0x080056a0   0x080056a0   0x0000000a   Code   RO         3023    x$fpl$fretinf       fz_wm.l(fretinf.o)
    0x080056aa   0x080056aa   0x00000064   Code   RO         3119    x$fpl$retnan        fz_wm.l(retnan.o)
    0x0800570e   0x0800570e   0x0000005c   Code   RO         3025    x$fpl$scalbn        fz_wm.l(scalbn.o)
    0x0800576a   0x0800576a   0x00000030   Code   RO         3168    x$fpl$trapveneer    fz_wm.l(trapv.o)
    0x0800579a   0x0800579a   0x00000000   Code   RO         3027    x$fpl$usenofp       fz_wm.l(usenofp.o)
    0x0800579a   0x0800579a   0x00000006   PAD
    0x080057a0   0x080057a0   0x00000088   Data   RO         2985    .constdata          m_wm.l(pow.o)
    0x08005828   0x08005828   0x00000008   Data   RO         3062    .constdata          m_wm.l(qnan.o)
    0x08005830   0x08005830   0x00000020   Data   RO         3064    .constdata          m_wm.l(rredf.o)
    0x08005850   0x08005850   0x00000020   Data   RO         3247    Region$$Table       anon$$obj.o


    Execution Region RW_IRAM1 (Exec base: 0x20000000, Load base: 0x08005870, Size: 0x00000848, Max: 0x00020000, ABSOLUTE)

    Exec Addr    Load Addr    Size         Type   Attr      Idx    E Section Name        Object

    0x20000000   0x08005870   0x00000008   Data   RW            5    .data               main.o
    0x20000008   0x08005878   0x00000014   Data   RW          188    .data               system_stm32f4xx.o
    0x2000001c   0x0800588c   0x00000008   Data   RW          239    .data               system_timetick.o
    0x20000024   0x08005894   0x00000010   Data   RW          573    .data               stm32f4xx_rcc.o
    0x20000034   0x080058a4   0x0000000c   Data   RW         2704    .data               srf05.o
    0x20000040   0x080058b0   0x000000e8   Data   RW         2831    .data               control.o
    0x20000128        -       0x000000bc   Zero   RW         2757    .bss                uart.o
    0x200001e4        -       0x00000060   Zero   RW         3105    .bss                c_w.l(libspace.o)
    0x20000244   0x08005998   0x00000004   PAD
    0x20000248        -       0x00000200   Zero   RW          306    HEAP                startup_stm32f40_41xxx.o
    0x20000448        -       0x00000400   Zero   RW          305    STACK               startup_stm32f40_41xxx.o


==============================================================================

Image component sizes


      Code (inc. data)   RO Data    RW Data    ZI Data      Debug   Object Name

      4200        582          0        232          0      13277   control.o
       152         14          0          0          0        599   eeprom_i2c.o
       552         22          0          0          0       2189   fsmc.o
       168         14          0          0          0        554   gpio.o
       240         30          0          8          0     343609   main.o
       120         14          0          0          0     232248   misc.o
       556         38          0          0          0       1952   pwm.o
       868         92          0         12          0       2572   srf05.o
        64         26        392          0       1536        812   startup_stm32f40_41xxx.o
       272         34          0          0          0       4552   stm32f4xx_dma.o
       184         16          0          0          0       2312   stm32f4xx_exti.o
       282          6          0          0          0       2009   stm32f4xx_fsmc.o
       240          0          0          0          0       3771   stm32f4xx_gpio.o
       352         28          0          0          0       2614   stm32f4xx_i2c.o
       392         48          0         16          0       6065   stm32f4xx_rcc.o
        64          4          0          0          0        672   stm32f4xx_syscfg.o
       312         38          0          0          0       5094   stm32f4xx_tim.o
       272          8          0          0          0       3470   stm32f4xx_usart.o
       340         32          0         20          0       1813   system_stm32f4xx.o
        52         10          0          8          0       4185   system_timetick.o
      2224        116          0          0        188       3927   uart.o
      1186        102          0          0          0      11566   utils.o

    ----------------------------------------------------------------------
     13108       1274        424        296       1724     649862   Object Totals
         0          0         32          0          0          0   (incl. Generated)
        16          0          0          0          0          0   (incl. Padding)

    ----------------------------------------------------------------------

      Code (inc. data)   RO Data    RW Data    ZI Data      Debug   Library Member Name

         8          0          0          0          0         68   __main.o
         0          0          0          0          0          0   __rtentry.o
        12          0          0          0          0          0   __rtentry2.o
         6          0          0          0          0          0   __rtentry4.o
        52          8          0          0          0          0   __scatter.o
        26          0          0          0          0          0   __scatter_copy.o
        28          0          0          0          0          0   __scatter_zi.o
        22          0          0          0          0        100   _rserrno.o
        18          0          0          0          0         80   exit.o
         6          0          0          0          0        152   heapauxi.o
         0          0          0          0          0          0   indicate_semi.o
         2          0          0          0          0          0   libinit.o
         6          0          0          0          0          0   libinit2.o
         2          0          0          0          0          0   libshutdown.o
         2          0          0          0          0          0   libshutdown2.o
         8          4          0          0         96         68   libspace.o
         8          4          0          0          0         68   rt_errno_addr_intlibspace.o
       138          0          0          0          0         68   rt_memcpy_v6.o
       100          0          0          0          0         80   rt_memcpy_w.o
         2          0          0          0          0          0   rtexit.o
        10          0          0          0          0          0   rtexit2.o
        12          4          0          0          0         68   sys_exit.o
        74          0          0          0          0         80   sys_stackheap_outer.o
         2          0          0          0          0         68   use_no_semi.o
        24          0          0          0          0        164   basic.o
        98          4          0          0          0        140   d2f.o
       826         16          0          0          0        492   daddsub_clz.o
        16          4          0          0          0        116   dcheck1.o
        24          0          0          0          0        116   dcmpi.o
       688        140          0          0          0        256   ddiv.o
        90          4          0          0          0        140   dfixu.o
        46          0          0          0          0        116   dflt_clz.o
       120          4          0          0          0        140   dleqf.o
       340         12          0          0          0        152   dmul.o
       156          4          0          0          0        140   dnaninf.o
        12          0          0          0          0        116   dretinf.o
       108          0          0          0          0        128   drleqf.o
       408         56          0          0          0        168   dsqrt_umaal.o
        86          4          0          0          0        132   f2d.o
       140          4          0          0          0        132   fnaninf.o
        10          0          0          0          0        116   fpinit.o
        10          0          0          0          0        116   fretinf.o
       100          0          0          0          0        116   retnan.o
        92          0          0          0          0        116   scalbn.o
        48          0          0          0          0        116   trapv.o
         0          0          0          0          0          0   usenofp.o
       336         56          0          0          0        136   cosf.o
       164         44          0          0          0        620   dunder.o
        44          0          0          0          0        248   fabs.o
        48          0          0          0          0        124   fpclassify.o
        38          0          0          0          0        116   fpclassifyf.o
        38         12          0          0          0        348   funder.o
       248          0          0          0          0        152   poly.o
      3152        296        136          0          0        352   pow.o
         0          0          8          0          0          0   qnan.o
       340         24         32          0          0        160   rredf.o
       400         56          0          0          0        212   sinf.o
       110          0          0          0          0        148   sqrt.o

    ----------------------------------------------------------------------
      8932        760        176          0        100       6744   Library Totals
        28          0          0          0          4          0   (incl. Padding)

    ----------------------------------------------------------------------

      Code (inc. data)   RO Data    RW Data    ZI Data      Debug   Library Name

       544         20          0          0         96        900   c_w.l
      3442        252          0          0          0       3228   fz_wm.l
      4918        488        176          0          0       2616   m_wm.l

    ----------------------------------------------------------------------
      8932        760        176          0        100       6744   Library Totals

    ----------------------------------------------------------------------

==============================================================================


      Code (inc. data)   RO Data    RW Data    ZI Data      Debug   

     22040       2034        600        296       1824     644242   Grand Totals
     22040       2034        600        296       1824     644242   ELF Image Totals
     22040       2034        600        296          0          0   ROM Totals

==============================================================================

    Total RO  Size (Code + RO Data)                22640 (  22.11kB)
    Total RW  Size (RW Data + ZI Data)              2120 (   2.07kB)
    Total ROM Size (Code + RO Data + RW Data)      22936 (  22.40kB)

==============================================================================

