Fitter report for read_encoder
Fri Dec 21 14:39:45 2018
Quartus II Version 9.1 Build 350 03/24/2010 Service Pack 2 SJ Web Edition


---------------------
; Table of Contents ;
---------------------
  1. Legal Notice
  2. Fitter Summary
  3. Fitter Settings
  4. Parallel Compilation
  5. Ignored Assignments
  6. Pin-Out File
  7. Fitter Resource Usage Summary
  8. Input Pins
  9. Output Pins
 10. Bidir Pins
 11. I/O Bank Usage
 12. All Package Pins
 13. Output Pin Default Load For Reported TCO
 14. Fitter Resource Utilization by Entity
 15. Delay Chain Summary
 16. Control Signals
 17. Global & Other Fast Signals
 18. Non-Global High Fan-Out Signals
 19. Interconnect Usage Summary
 20. LAB Logic Elements
 21. LAB-wide Signals
 22. LAB Signals Sourced
 23. LAB Signals Sourced Out
 24. LAB Distinct Inputs
 25. Fitter Device Options
 26. Estimated Delay Added for Hold Timing
 27. Fitter Messages



----------------
; Legal Notice ;
----------------
Copyright (C) 1991-2010 Altera Corporation
Your use of Altera Corporation's design tools, logic functions 
and other software and tools, and its AMPP partner logic 
functions, and any output files from any of the foregoing 
(including device programming or simulation files), and any 
associated documentation or information are expressly subject 
to the terms and conditions of the Altera Program License 
Subscription Agreement, Altera MegaCore Function License 
Agreement, or other applicable license agreement, including, 
without limitation, that your use is for the sole purpose of 
programming logic devices manufactured by Altera and sold by 
Altera or its authorized distributors.  Please refer to the 
applicable agreement for further details.



+----------------------------------------------------------------------+
; Fitter Summary                                                       ;
+-----------------------+----------------------------------------------+
; Fitter Status         ; Successful - Fri Dec 21 14:39:45 2018        ;
; Quartus II Version    ; 9.1 Build 350 03/24/2010 SP 2 SJ Web Edition ;
; Revision Name         ; read_encoder                                 ;
; Top-level Entity Name ; read_encoder                                 ;
; Family                ; MAX II                                       ;
; Device                ; EPM570T100C5                                 ;
; Timing Models         ; Final                                        ;
; Total logic elements  ; 308 / 570 ( 54 % )                           ;
; Total pins            ; 39 / 76 ( 51 % )                             ;
; Total virtual pins    ; 0                                            ;
; UFM blocks            ; 0 / 1 ( 0 % )                                ;
+-----------------------+----------------------------------------------+


+----------------------------------------------------------------------------------------------------------------------------------------------+
; Fitter Settings                                                                                                                              ;
+----------------------------------------------------------------------------+--------------------------------+--------------------------------+
; Option                                                                     ; Setting                        ; Default Value                  ;
+----------------------------------------------------------------------------+--------------------------------+--------------------------------+
; Device                                                                     ; EPM570T100C5                   ;                                ;
; Minimum Core Junction Temperature                                          ; 0                              ;                                ;
; Maximum Core Junction Temperature                                          ; 85                             ;                                ;
; Fit Attempts to Skip                                                       ; 0                              ; 0.0                            ;
; Device I/O Standard                                                        ; 3.3-V LVTTL                    ;                                ;
; Use smart compilation                                                      ; Off                            ; Off                            ;
; Enable parallel Assembler and TimeQuest Timing Analyzer during compilation ; On                             ; On                             ;
; Enable compact report table                                                ; Off                            ; Off                            ;
; Use TimeQuest Timing Analyzer                                              ; Off                            ; Off                            ;
; Router Timing Optimization Level                                           ; Normal                         ; Normal                         ;
; Placement Effort Multiplier                                                ; 1.0                            ; 1.0                            ;
; Router Effort Multiplier                                                   ; 1.0                            ; 1.0                            ;
; Always Enable Input Buffers                                                ; Off                            ; Off                            ;
; Optimize Hold Timing                                                       ; IO Paths and Minimum TPD Paths ; IO Paths and Minimum TPD Paths ;
; Optimize Multi-Corner Timing                                               ; Off                            ; Off                            ;
; Guarantee I/O Paths Have Zero Hold Time at Fast Corner                     ; On                             ; On                             ;
; PowerPlay Power Optimization                                               ; Normal compilation             ; Normal compilation             ;
; Optimize Timing                                                            ; Normal compilation             ; Normal compilation             ;
; Optimize Timing for ECOs                                                   ; Off                            ; Off                            ;
; Regenerate full fit report during ECO compiles                             ; Off                            ; Off                            ;
; Optimize IOC Register Placement for Timing                                 ; On                             ; On                             ;
; Limit to One Fitting Attempt                                               ; Off                            ; Off                            ;
; Final Placement Optimizations                                              ; Automatically                  ; Automatically                  ;
; Fitter Aggressive Routability Optimizations                                ; Automatically                  ; Automatically                  ;
; Fitter Initial Placement Seed                                              ; 1                              ; 1                              ;
; Slow Slew Rate                                                             ; Off                            ; Off                            ;
; PCI I/O                                                                    ; Off                            ; Off                            ;
; Weak Pull-Up Resistor                                                      ; Off                            ; Off                            ;
; Enable Bus-Hold Circuitry                                                  ; Off                            ; Off                            ;
; Auto Delay Chains                                                          ; On                             ; On                             ;
; Perform Physical Synthesis for Combinational Logic for Performance         ; Off                            ; Off                            ;
; Perform Register Duplication for Performance                               ; Off                            ; Off                            ;
; Perform Register Retiming for Performance                                  ; Off                            ; Off                            ;
; Perform Asynchronous Signal Pipelining                                     ; Off                            ; Off                            ;
; Fitter Effort                                                              ; Auto Fit                       ; Auto Fit                       ;
; Physical Synthesis Effort Level                                            ; Normal                         ; Normal                         ;
; Logic Cell Insertion - Logic Duplication                                   ; Auto                           ; Auto                           ;
; Auto Register Duplication                                                  ; Auto                           ; Auto                           ;
; Auto Global Clock                                                          ; On                             ; On                             ;
; Auto Global Register Control Signals                                       ; On                             ; On                             ;
; Stop After Congestion Map Generation                                       ; Off                            ; Off                            ;
; Save Intermediate Fitting Results                                          ; Off                            ; Off                            ;
; Force Fitter to Avoid Periphery Placement Warnings                         ; Off                            ; Off                            ;
; Use Best Effort Settings for Compilation                                   ; Off                            ; Off                            ;
+----------------------------------------------------------------------------+--------------------------------+--------------------------------+


Parallel compilation was disabled, but you have multiple processors available. Enable parallel compilation to reduce compilation time.
+-------------------------------------+
; Parallel Compilation                ;
+----------------------------+--------+
; Processors                 ; Number ;
+----------------------------+--------+
; Number detected on machine ; 2      ;
; Maximum allowed            ; 1      ;
+----------------------------+--------+


+----------------------------------------------------------------------------------------+
; Ignored Assignments                                                                    ;
+----------+----------------+--------------+------------+---------------+----------------+
; Name     ; Ignored Entity ; Ignored From ; Ignored To ; Ignored Value ; Ignored Source ;
+----------+----------------+--------------+------------+---------------+----------------+
; Location ;                ;              ; DIR4       ; PIN_54        ; QSF Assignment ;
; Location ;                ;              ; DIR5       ; PIN_50        ; QSF Assignment ;
; Location ;                ;              ; DIR6       ; PIN_42        ; QSF Assignment ;
; Location ;                ;              ; ENC4[1]    ; PIN_8         ; QSF Assignment ;
; Location ;                ;              ; ENC4[2]    ; PIN_15        ; QSF Assignment ;
; Location ;                ;              ; PULSE4     ; PIN_56        ; QSF Assignment ;
; Location ;                ;              ; PULSE5     ; PIN_52        ; QSF Assignment ;
; Location ;                ;              ; PULSE6     ; PIN_48        ; QSF Assignment ;
+----------+----------------+--------------+------------+---------------+----------------+


+--------------+
; Pin-Out File ;
+--------------+
The pin-out file can be found in D:/AutoLab/SCARA/F7MAX2_CNC4truc_20us/read_encoder.pin.


+------------------------------------------------------------------+
; Fitter Resource Usage Summary                                    ;
+---------------------------------------------+--------------------+
; Resource                                    ; Usage              ;
+---------------------------------------------+--------------------+
; Total logic elements                        ; 308 / 570 ( 54 % ) ;
;     -- Combinational with no register       ; 148                ;
;     -- Register only                        ; 45                 ;
;     -- Combinational with a register        ; 115                ;
;                                             ;                    ;
; Logic element usage by number of LUT inputs ;                    ;
;     -- 4 input functions                    ; 82                 ;
;     -- 3 input functions                    ; 108                ;
;     -- 2 input functions                    ; 63                 ;
;     -- 1 input functions                    ; 10                 ;
;     -- 0 input functions                    ; 0                  ;
;                                             ;                    ;
; Logic elements by mode                      ;                    ;
;     -- normal mode                          ; 202                ;
;     -- arithmetic mode                      ; 106                ;
;     -- qfbk mode                            ; 6                  ;
;     -- register cascade mode                ; 0                  ;
;     -- synchronous clear/load mode          ; 51                 ;
;     -- asynchronous clear/load mode         ; 96                 ;
;                                             ;                    ;
; Total registers                             ; 160 / 570 ( 28 % ) ;
; Total LABs                                  ; 39 / 57 ( 68 % )   ;
; Logic elements in carry chains              ; 119                ;
; User inserted logic elements                ; 0                  ;
; Virtual pins                                ; 0                  ;
; I/O pins                                    ; 39 / 76 ( 51 % )   ;
;     -- Clock pins                           ; 1 / 4 ( 25 % )     ;
; Global signals                              ; 4                  ;
; UFM blocks                                  ; 0 / 1 ( 0 % )      ;
; Global clocks                               ; 4 / 4 ( 100 % )    ;
; JTAGs                                       ; 0 / 1 ( 0 % )      ;
; Average interconnect usage (total/H/V)      ; 24% / 27% / 20%    ;
; Peak interconnect usage (total/H/V)         ; 24% / 27% / 20%    ;
; Maximum fan-out node                        ; P_WRITE            ;
; Maximum fan-out                             ; 76                 ;
; Highest non-global fan-out signal           ; ENC_RST            ;
; Highest non-global fan-out                  ; 48                 ;
; Total fan-out                               ; 1272               ;
; Average fan-out                             ; 3.67               ;
+---------------------------------------------+--------------------+


+----------------------------------------------------------------------------------------------------------------------------------------------------------------------------------------------------------------+
; Input Pins                                                                                                                                                                                                     ;
+---------+-------+----------+--------------+--------------+-------------+-----------------------+--------------------+--------+-----------------+----------+--------------+--------------+----------------------+
; Name    ; Pin # ; I/O Bank ; X coordinate ; Y coordinate ; Cell number ; Combinational Fan-Out ; Registered Fan-Out ; Global ; PCI I/O Enabled ; Bus Hold ; Weak Pull Up ; I/O Standard ; Location assigned by ;
+---------+-------+----------+--------------+--------------+-------------+-----------------------+--------------------+--------+-----------------+----------+--------------+--------------+----------------------+
; CLK_20M ; 12    ; 1        ; 0            ; 5            ; 0           ; 55                    ; 0                  ; yes    ; no              ; no       ; Off          ; 3.3-V LVTTL  ; User                 ;
; ENC1[1] ; 2     ; 1        ; 1            ; 8            ; 0           ; 1                     ; 0                  ; no     ; no              ; no       ; Off          ; 3.3-V LVTTL  ; User                 ;
; ENC1[2] ; 3     ; 1        ; 1            ; 8            ; 2           ; 1                     ; 0                  ; no     ; no              ; no       ; Off          ; 3.3-V LVTTL  ; User                 ;
; ENC2[1] ; 4     ; 1        ; 0            ; 7            ; 0           ; 1                     ; 0                  ; no     ; no              ; no       ; Off          ; 3.3-V LVTTL  ; User                 ;
; ENC2[2] ; 5     ; 1        ; 0            ; 7            ; 2           ; 1                     ; 0                  ; no     ; no              ; no       ; Off          ; 3.3-V LVTTL  ; User                 ;
; ENC3[1] ; 6     ; 1        ; 0            ; 7            ; 3           ; 1                     ; 0                  ; no     ; no              ; no       ; Off          ; 3.3-V LVTTL  ; User                 ;
; ENC3[2] ; 7     ; 1        ; 0            ; 7            ; 4           ; 1                     ; 0                  ; no     ; no              ; no       ; Off          ; 3.3-V LVTTL  ; User                 ;
; ENC_RST ; 76    ; 2        ; 12           ; 8            ; 1           ; 48                    ; 0                  ; no     ; no              ; no       ; Off          ; 3.3-V LVTTL  ; User                 ;
; LSW1    ; 17    ; 1        ; 0            ; 5            ; 4           ; 1                     ; 0                  ; no     ; no              ; no       ; Off          ; 3.3-V LVTTL  ; User                 ;
; LSW2    ; 18    ; 1        ; 0            ; 5            ; 5           ; 1                     ; 0                  ; no     ; no              ; no       ; Off          ; 3.3-V LVTTL  ; User                 ;
; LSW3    ; 20    ; 1        ; 1            ; 3            ; 3           ; 1                     ; 0                  ; no     ; no              ; no       ; Off          ; 3.3-V LVTTL  ; User                 ;
; NADV    ; 57    ; 2        ; 13           ; 2            ; 1           ; 8                     ; 0                  ; no     ; no              ; no       ; Off          ; 3.3-V LVTTL  ; User                 ;
; NE1     ; 58    ; 2        ; 13           ; 2            ; 0           ; 1                     ; 0                  ; no     ; no              ; no       ; Off          ; 3.3-V LVTTL  ; User                 ;
; NOE     ; 67    ; 2        ; 13           ; 4            ; 1           ; 1                     ; 0                  ; no     ; no              ; no       ; Off          ; 3.3-V LVTTL  ; User                 ;
; NWE     ; 66    ; 2        ; 13           ; 4            ; 2           ; 2                     ; 0                  ; no     ; no              ; no       ; Off          ; 3.3-V LVTTL  ; User                 ;
; P_WRITE ; 75    ; 2        ; 13           ; 7            ; 1           ; 76                    ; 0                  ; yes    ; no              ; no       ; Off          ; 3.3-V LVTTL  ; User                 ;
+---------+-------+----------+--------------+--------------+-------------+-----------------------+--------------------+--------+-----------------+----------+--------------+--------------+----------------------+


+--------------------------------------------------------------------------------------------------------------------------------------------------------------------------------------------------------------------------------------------------------------------------------------------------------------------------+
; Output Pins                                                                                                                                                                                                                                                                                                              ;
+--------+-------+----------+--------------+--------------+-------------+-----------------+----------------+-----------------+------------+---------------+----------+--------------+--------------+------------------+------------------------+----------------------+-------+----------------------+---------------------+
; Name   ; Pin # ; I/O Bank ; X coordinate ; Y coordinate ; Cell number ; Output Register ; Slow Slew Rate ; PCI I/O Enabled ; Open Drain ; TRI Primitive ; Bus Hold ; Weak Pull Up ; I/O Standard ; Current Strength ; Fast Output Connection ; Location assigned by ; Load  ; Output Enable Source ; Output Enable Group ;
+--------+-------+----------+--------------+--------------+-------------+-----------------+----------------+-----------------+------------+---------------+----------+--------------+--------------+------------------+------------------------+----------------------+-------+----------------------+---------------------+
; DIR1   ; 53    ; 2        ; 13           ; 1            ; 3           ; no              ; no             ; no              ; no         ; no            ; no       ; Off          ; 3.3-V LVTTL  ; 16mA             ; no                     ; User                 ; 10 pF ; -                    ; -                   ;
; DIR2   ; 49    ; 1        ; 10           ; 0            ; 0           ; no              ; no             ; no              ; no         ; no            ; no       ; Off          ; 3.3-V LVTTL  ; 16mA             ; no                     ; User                 ; 10 pF ; -                    ; -                   ;
; DIR3   ; 41    ; 1        ; 7            ; 3            ; 1           ; no              ; no             ; no              ; no         ; no            ; no       ; Off          ; 3.3-V LVTTL  ; 16mA             ; no                     ; User                 ; 10 pF ; -                    ; -                   ;
; PULSE1 ; 55    ; 2        ; 13           ; 2            ; 4           ; no              ; no             ; no              ; no         ; no            ; no       ; Off          ; 3.3-V LVTTL  ; 16mA             ; no                     ; User                 ; 10 pF ; -                    ; -                   ;
; PULSE2 ; 51    ; 1        ; 12           ; 0            ; 2           ; no              ; no             ; no              ; no         ; no            ; no       ; Off          ; 3.3-V LVTTL  ; 16mA             ; no                     ; User                 ; 10 pF ; -                    ; -                   ;
; PULSE3 ; 47    ; 1        ; 10           ; 0            ; 2           ; no              ; no             ; no              ; no         ; no            ; no       ; Off          ; 3.3-V LVTTL  ; 16mA             ; no                     ; User                 ; 10 pF ; -                    ; -                   ;
; P_BUSY ; 74    ; 2        ; 13           ; 7            ; 3           ; no              ; no             ; no              ; no         ; no            ; no       ; Off          ; 3.3-V LVTTL  ; 16mA             ; no                     ; User                 ; 10 pF ; -                    ; -                   ;
+--------+-------+----------+--------------+--------------+-------------+-----------------+----------------+-----------------+------------+---------------+----------+--------------+--------------+------------------+------------------------+----------------------+-------+----------------------+---------------------+


+-----------------------------------------------------------------------------------------------------------------------------------------------------------------------------------------------------------------------------------------------------------------------------------------------------------------------------------------------------------------------+
; Bidir Pins                                                                                                                                                                                                                                                                                                                                                            ;
+----------+-------+----------+--------------+--------------+-------------+-----------------------+--------------------+--------+-----------------+----------------+-----------------+------------+----------+--------------+--------------+------------------+------------------------+----------------------+-------+---------------------------+---------------------+
; Name     ; Pin # ; I/O Bank ; X coordinate ; Y coordinate ; Cell number ; Combinational Fan-Out ; Registered Fan-Out ; Global ; Output Register ; Slow Slew Rate ; PCI I/O Enabled ; Open Drain ; Bus Hold ; Weak Pull Up ; I/O Standard ; Current Strength ; Fast Output Connection ; Location assigned by ; Load  ; Output Enable Source      ; Output Enable Group ;
+----------+-------+----------+--------------+--------------+-------------+-----------------------+--------------------+--------+-----------------+----------------+-----------------+------------+----------+--------------+--------------+------------------+------------------------+----------------------+-------+---------------------------+---------------------+
; DATA[0]  ; 73    ; 2        ; 13           ; 7            ; 5           ; 4                     ; 0                  ; no     ; no              ; no             ; no              ; no         ; no       ; Off          ; 3.3-V LVTTL  ; 16mA             ; no                     ; User                 ; 10 pF ; enc_module:inst5|inst11~2 ; -                   ;
; DATA[10] ; 84    ; 2        ; 8            ; 8            ; 1           ; 0                     ; 0                  ; no     ; no              ; no             ; no              ; no         ; no       ; Off          ; 3.3-V LVTTL  ; 16mA             ; no                     ; User                 ; 10 pF ; enc_module:inst5|inst11~2 ; -                   ;
; DATA[11] ; 83    ; 2        ; 8            ; 8            ; 0           ; 0                     ; 0                  ; no     ; no              ; no             ; no              ; no         ; no       ; Off          ; 3.3-V LVTTL  ; 16mA             ; no                     ; User                 ; 10 pF ; enc_module:inst5|inst11~2 ; -                   ;
; DATA[12] ; 82    ; 2        ; 9            ; 8            ; 0           ; 0                     ; 0                  ; no     ; no              ; no             ; no              ; no         ; no       ; Off          ; 3.3-V LVTTL  ; 16mA             ; no                     ; User                 ; 10 pF ; enc_module:inst5|inst11~2 ; -                   ;
; DATA[13] ; 81    ; 2        ; 10           ; 8            ; 3           ; 0                     ; 0                  ; no     ; no              ; no             ; no              ; no         ; no       ; Off          ; 3.3-V LVTTL  ; 16mA             ; no                     ; User                 ; 10 pF ; enc_module:inst5|inst11~2 ; -                   ;
; DATA[14] ; 78    ; 2        ; 12           ; 8            ; 3           ; 0                     ; 0                  ; no     ; no              ; no             ; no              ; no         ; no       ; Off          ; 3.3-V LVTTL  ; 16mA             ; no                     ; User                 ; 10 pF ; enc_module:inst5|inst11~2 ; -                   ;
; DATA[15] ; 77    ; 2        ; 12           ; 8            ; 2           ; 3                     ; 0                  ; no     ; no              ; no             ; no              ; no         ; no       ; Off          ; 3.3-V LVTTL  ; 16mA             ; no                     ; User                 ; 10 pF ; enc_module:inst5|inst11~2 ; -                   ;
; DATA[1]  ; 72    ; 2        ; 13           ; 6            ; 1           ; 4                     ; 0                  ; no     ; no              ; no             ; no              ; no         ; no       ; Off          ; 3.3-V LVTTL  ; 16mA             ; no                     ; User                 ; 10 pF ; enc_module:inst5|inst11~2 ; -                   ;
; DATA[2]  ; 71    ; 2        ; 13           ; 6            ; 2           ; 4                     ; 0                  ; no     ; no              ; no             ; no              ; no         ; no       ; Off          ; 3.3-V LVTTL  ; 16mA             ; no                     ; User                 ; 10 pF ; enc_module:inst5|inst11~2 ; -                   ;
; DATA[3]  ; 70    ; 2        ; 13           ; 6            ; 5           ; 4                     ; 0                  ; no     ; no              ; no             ; no              ; no         ; no       ; Off          ; 3.3-V LVTTL  ; 16mA             ; no                     ; User                 ; 10 pF ; enc_module:inst5|inst11~2 ; -                   ;
; DATA[4]  ; 92    ; 2        ; 6            ; 8            ; 3           ; 4                     ; 0                  ; no     ; no              ; no             ; no              ; no         ; no       ; Off          ; 3.3-V LVTTL  ; 16mA             ; no                     ; User                 ; 10 pF ; enc_module:inst5|inst11~2 ; -                   ;
; DATA[5]  ; 91    ; 2        ; 6            ; 8            ; 2           ; 4                     ; 0                  ; no     ; no              ; no             ; no              ; no         ; no       ; Off          ; 3.3-V LVTTL  ; 16mA             ; no                     ; User                 ; 10 pF ; enc_module:inst5|inst11~2 ; -                   ;
; DATA[6]  ; 89    ; 2        ; 7            ; 8            ; 1           ; 4                     ; 0                  ; no     ; no              ; no             ; no              ; no         ; no       ; Off          ; 3.3-V LVTTL  ; 16mA             ; no                     ; User                 ; 10 pF ; enc_module:inst5|inst11~2 ; -                   ;
; DATA[7]  ; 87    ; 2        ; 7            ; 8            ; 0           ; 4                     ; 0                  ; no     ; no              ; no             ; no              ; no         ; no       ; Off          ; 3.3-V LVTTL  ; 16mA             ; no                     ; User                 ; 10 pF ; enc_module:inst5|inst11~2 ; -                   ;
; DATA[8]  ; 86    ; 2        ; 8            ; 8            ; 3           ; 0                     ; 0                  ; no     ; no              ; no             ; no              ; no         ; no       ; Off          ; 3.3-V LVTTL  ; 16mA             ; no                     ; User                 ; 10 pF ; enc_module:inst5|inst11~2 ; -                   ;
; DATA[9]  ; 85    ; 2        ; 8            ; 8            ; 2           ; 0                     ; 0                  ; no     ; no              ; no             ; no              ; no         ; no       ; Off          ; 3.3-V LVTTL  ; 16mA             ; no                     ; User                 ; 10 pF ; enc_module:inst5|inst11~2 ; -                   ;
+----------+-------+----------+--------------+--------------+-------------+-----------------------+--------------------+--------+-----------------+----------------+-----------------+------------+----------+--------------+--------------+------------------+------------------------+----------------------+-------+---------------------------+---------------------+


+------------------------------------------------------------+
; I/O Bank Usage                                             ;
+----------+------------------+---------------+--------------+
; I/O Bank ; Usage            ; VCCIO Voltage ; VREF Voltage ;
+----------+------------------+---------------+--------------+
; 1        ; 14 / 36 ( 39 % ) ; 3.3V          ; --           ;
; 2        ; 25 / 40 ( 63 % ) ; 3.3V          ; --           ;
+----------+------------------+---------------+--------------+


+------------------------------------------------------------------------------------------------------------------------------------------------+
; All Package Pins                                                                                                                               ;
+----------+------------+----------+----------------+--------+--------------+-----------+------------+-----------------+----------+--------------+
; Location ; Pad Number ; I/O Bank ; Pin Name/Usage ; Dir.   ; I/O Standard ; Voltage   ; I/O Type   ; User Assignment ; Bus Hold ; Weak Pull Up ;
+----------+------------+----------+----------------+--------+--------------+-----------+------------+-----------------+----------+--------------+
; 1        ; 161        ; 2        ; RESERVED_INPUT ;        ;              ;           ; Column I/O ;                 ; no       ; Off          ;
; 2        ; 2          ; 1        ; ENC1[1]        ; input  ; 3.3-V LVTTL  ;           ; Column I/O ; Y               ; no       ; Off          ;
; 3        ; 4          ; 1        ; ENC1[2]        ; input  ; 3.3-V LVTTL  ;           ; Column I/O ; Y               ; no       ; Off          ;
; 4        ; 6          ; 1        ; ENC2[1]        ; input  ; 3.3-V LVTTL  ;           ; Row I/O    ; Y               ; no       ; Off          ;
; 5        ; 8          ; 1        ; ENC2[2]        ; input  ; 3.3-V LVTTL  ;           ; Row I/O    ; Y               ; no       ; Off          ;
; 6        ; 9          ; 1        ; ENC3[1]        ; input  ; 3.3-V LVTTL  ;           ; Row I/O    ; Y               ; no       ; Off          ;
; 7        ; 10         ; 1        ; ENC3[2]        ; input  ; 3.3-V LVTTL  ;           ; Row I/O    ; Y               ; no       ; Off          ;
; 8        ; 11         ; 1        ; RESERVED_INPUT ;        ;              ;           ; Row I/O    ;                 ; no       ; Off          ;
; 9        ;            ; 1        ; VCCIO1         ; power  ;              ; 3.3V      ; --         ;                 ; --       ; --           ;
; 10       ;            ;          ; GNDIO          ; gnd    ;              ;           ; --         ;                 ; --       ; --           ;
; 11       ;            ;          ; GNDINT         ; gnd    ;              ;           ; --         ;                 ; --       ; --           ;
; 12       ; 20         ; 1        ; CLK_20M        ; input  ; 3.3-V LVTTL  ;           ; Row I/O    ; Y               ; no       ; Off          ;
; 13       ;            ;          ; VCCINT         ; power  ;              ; 2.5V/3.3V ; --         ;                 ; --       ; --           ;
; 14       ; 21         ; 1        ; RESERVED_INPUT ;        ;              ;           ; Row I/O    ;                 ; no       ; Off          ;
; 15       ; 22         ; 1        ; RESERVED_INPUT ;        ;              ;           ; Row I/O    ;                 ; no       ; Off          ;
; 16       ; 23         ; 1        ; RESERVED_INPUT ;        ;              ;           ; Row I/O    ;                 ; no       ; Off          ;
; 17       ; 24         ; 1        ; LSW1           ; input  ; 3.3-V LVTTL  ;           ; Row I/O    ; Y               ; no       ; Off          ;
; 18       ; 25         ; 1        ; LSW2           ; input  ; 3.3-V LVTTL  ;           ; Row I/O    ; Y               ; no       ; Off          ;
; 19       ; 32         ; 1        ; RESERVED_INPUT ;        ;              ;           ; Row I/O    ;                 ; no       ; Off          ;
; 20       ; 34         ; 1        ; LSW3           ; input  ; 3.3-V LVTTL  ;           ; Column I/O ; Y               ; no       ; Off          ;
; 21       ; 36         ; 1        ; RESERVED_INPUT ;        ;              ;           ; Column I/O ;                 ; no       ; Off          ;
; 22       ; 38         ; 1        ; #TMS           ; input  ;              ;           ; --         ;                 ; --       ; --           ;
; 23       ; 39         ; 1        ; #TDI           ; input  ;              ;           ; --         ;                 ; --       ; --           ;
; 24       ; 40         ; 1        ; #TCK           ; input  ;              ;           ; --         ;                 ; --       ; --           ;
; 25       ; 41         ; 1        ; #TDO           ; output ;              ;           ; --         ;                 ; --       ; --           ;
; 26       ; 47         ; 1        ; RESERVED_INPUT ;        ;              ;           ; Column I/O ;                 ; no       ; Off          ;
; 27       ; 48         ; 1        ; RESERVED_INPUT ;        ;              ;           ; Column I/O ;                 ; no       ; Off          ;
; 28       ; 50         ; 1        ; RESERVED_INPUT ;        ;              ;           ; Column I/O ;                 ; no       ; Off          ;
; 29       ; 51         ; 1        ; RESERVED_INPUT ;        ;              ;           ; Column I/O ;                 ; no       ; Off          ;
; 30       ; 52         ; 1        ; RESERVED_INPUT ;        ;              ;           ; Column I/O ;                 ; no       ; Off          ;
; 31       ;            ; 1        ; VCCIO1         ; power  ;              ; 3.3V      ; --         ;                 ; --       ; --           ;
; 32       ;            ;          ; GNDIO          ; gnd    ;              ;           ; --         ;                 ; --       ; --           ;
; 33       ; 58         ; 1        ; RESERVED_INPUT ;        ;              ;           ; Column I/O ;                 ; no       ; Off          ;
; 34       ; 59         ; 1        ; RESERVED_INPUT ;        ;              ;           ; Column I/O ;                 ; no       ; Off          ;
; 35       ; 60         ; 1        ; RESERVED_INPUT ;        ;              ;           ; Column I/O ;                 ; no       ; Off          ;
; 36       ; 61         ; 1        ; RESERVED_INPUT ;        ;              ;           ; Column I/O ;                 ; no       ; Off          ;
; 37       ;            ;          ; GNDINT         ; gnd    ;              ;           ; --         ;                 ; --       ; --           ;
; 38       ; 62         ; 1        ; RESERVED_INPUT ;        ;              ;           ; Column I/O ;                 ; no       ; Off          ;
; 39       ;            ;          ; VCCINT         ; power  ;              ; 2.5V/3.3V ; --         ;                 ; --       ; --           ;
; 40       ; 63         ; 1        ; RESERVED_INPUT ;        ;              ;           ; Column I/O ;                 ; no       ; Off          ;
; 41       ; 64         ; 1        ; DIR3           ; output ; 3.3-V LVTTL  ;           ; Column I/O ; Y               ; no       ; Off          ;
; 42       ; 65         ; 1        ; RESERVED_INPUT ;        ;              ;           ; Column I/O ;                 ; no       ; Off          ;
; 43       ; 66         ; 1        ; RESERVED_INPUT ;        ;              ;           ; Column I/O ;                 ; no       ; Off          ;
; 44       ; 67         ; 1        ; RESERVED_INPUT ;        ;              ;           ; Column I/O ;                 ; no       ; Off          ;
; 45       ;            ; 1        ; VCCIO1         ; power  ;              ; 3.3V      ; --         ;                 ; --       ; --           ;
; 46       ;            ;          ; GNDIO          ; gnd    ;              ;           ; --         ;                 ; --       ; --           ;
; 47       ; 71         ; 1        ; PULSE3         ; output ; 3.3-V LVTTL  ;           ; Column I/O ; Y               ; no       ; Off          ;
; 48       ; 72         ; 1        ; RESERVED_INPUT ;        ;              ;           ; Column I/O ;                 ; no       ; Off          ;
; 49       ; 73         ; 1        ; DIR2           ; output ; 3.3-V LVTTL  ;           ; Column I/O ; Y               ; no       ; Off          ;
; 50       ; 75         ; 1        ; RESERVED_INPUT ;        ;              ;           ; Column I/O ;                 ; no       ; Off          ;
; 51       ; 79         ; 1        ; PULSE2         ; output ; 3.3-V LVTTL  ;           ; Column I/O ; Y               ; no       ; Off          ;
; 52       ; 83         ; 2        ; RESERVED_INPUT ;        ;              ;           ; Row I/O    ;                 ; no       ; Off          ;
; 53       ; 84         ; 2        ; DIR1           ; output ; 3.3-V LVTTL  ;           ; Row I/O    ; Y               ; no       ; Off          ;
; 54       ; 86         ; 2        ; RESERVED_INPUT ;        ;              ;           ; Row I/O    ;                 ; no       ; Off          ;
; 55       ; 89         ; 2        ; PULSE1         ; output ; 3.3-V LVTTL  ;           ; Row I/O    ; Y               ; no       ; Off          ;
; 56       ; 91         ; 2        ; RESERVED_INPUT ;        ;              ;           ; Row I/O    ;                 ; no       ; Off          ;
; 57       ; 92         ; 2        ; NADV           ; input  ; 3.3-V LVTTL  ;           ; Row I/O    ; Y               ; no       ; Off          ;
; 58       ; 93         ; 2        ; NE1            ; input  ; 3.3-V LVTTL  ;           ; Row I/O    ; Y               ; no       ; Off          ;
; 59       ;            ; 2        ; VCCIO2         ; power  ;              ; 3.3V      ; --         ;                 ; --       ; --           ;
; 60       ;            ;          ; GNDIO          ; gnd    ;              ;           ; --         ;                 ; --       ; --           ;
; 61       ; 98         ; 2        ; RESERVED_INPUT ;        ;              ;           ; Row I/O    ;                 ; no       ; Off          ;
; 62       ; 101        ; 2        ; RESERVED_INPUT ;        ;              ;           ; Row I/O    ;                 ; no       ; Off          ;
; 63       ;            ;          ; VCCINT         ; power  ;              ; 2.5V/3.3V ; --         ;                 ; --       ; --           ;
; 64       ; 102        ; 2        ; RESERVED_INPUT ;        ;              ;           ; Row I/O    ;                 ; no       ; Off          ;
; 65       ;            ;          ; GNDINT         ; gnd    ;              ;           ; --         ;                 ; --       ; --           ;
; 66       ; 103        ; 2        ; NWE            ; input  ; 3.3-V LVTTL  ;           ; Row I/O    ; Y               ; no       ; Off          ;
; 67       ; 104        ; 2        ; NOE            ; input  ; 3.3-V LVTTL  ;           ; Row I/O    ; Y               ; no       ; Off          ;
; 68       ; 105        ; 2        ; RESERVED_INPUT ;        ;              ;           ; Row I/O    ;                 ; no       ; Off          ;
; 69       ; 111        ; 2        ; RESERVED_INPUT ;        ;              ;           ; Row I/O    ;                 ; no       ; Off          ;
; 70       ; 112        ; 2        ; DATA[3]        ; bidir  ; 3.3-V LVTTL  ;           ; Row I/O    ; Y               ; no       ; Off          ;
; 71       ; 115        ; 2        ; DATA[2]        ; bidir  ; 3.3-V LVTTL  ;           ; Row I/O    ; Y               ; no       ; Off          ;
; 72       ; 116        ; 2        ; DATA[1]        ; bidir  ; 3.3-V LVTTL  ;           ; Row I/O    ; Y               ; no       ; Off          ;
; 73       ; 118        ; 2        ; DATA[0]        ; bidir  ; 3.3-V LVTTL  ;           ; Row I/O    ; Y               ; no       ; Off          ;
; 74       ; 120        ; 2        ; P_BUSY         ; output ; 3.3-V LVTTL  ;           ; Row I/O    ; Y               ; no       ; Off          ;
; 75       ; 122        ; 2        ; P_WRITE        ; input  ; 3.3-V LVTTL  ;           ; Row I/O    ; Y               ; no       ; Off          ;
; 76       ; 125        ; 2        ; ENC_RST        ; input  ; 3.3-V LVTTL  ;           ; Column I/O ; Y               ; no       ; Off          ;
; 77       ; 126        ; 2        ; DATA[15]       ; bidir  ; 3.3-V LVTTL  ;           ; Column I/O ; Y               ; no       ; Off          ;
; 78       ; 127        ; 2        ; DATA[14]       ; bidir  ; 3.3-V LVTTL  ;           ; Column I/O ; Y               ; no       ; Off          ;
; 79       ;            ;          ; GNDIO          ; gnd    ;              ;           ; --         ;                 ; --       ; --           ;
; 80       ;            ; 2        ; VCCIO2         ; power  ;              ; 3.3V      ; --         ;                 ; --       ; --           ;
; 81       ; 135        ; 2        ; DATA[13]       ; bidir  ; 3.3-V LVTTL  ;           ; Column I/O ; Y               ; no       ; Off          ;
; 82       ; 136        ; 2        ; DATA[12]       ; bidir  ; 3.3-V LVTTL  ;           ; Column I/O ; Y               ; no       ; Off          ;
; 83       ; 139        ; 2        ; DATA[11]       ; bidir  ; 3.3-V LVTTL  ;           ; Column I/O ; Y               ; no       ; Off          ;
; 84       ; 140        ; 2        ; DATA[10]       ; bidir  ; 3.3-V LVTTL  ;           ; Column I/O ; Y               ; no       ; Off          ;
; 85       ; 141        ; 2        ; DATA[9]        ; bidir  ; 3.3-V LVTTL  ;           ; Column I/O ; Y               ; no       ; Off          ;
; 86       ; 142        ; 2        ; DATA[8]        ; bidir  ; 3.3-V LVTTL  ;           ; Column I/O ; Y               ; no       ; Off          ;
; 87       ; 143        ; 2        ; DATA[7]        ; bidir  ; 3.3-V LVTTL  ;           ; Column I/O ; Y               ; no       ; Off          ;
; 88       ;            ;          ; VCCINT         ; power  ;              ; 2.5V/3.3V ; --         ;                 ; --       ; --           ;
; 89       ; 144        ; 2        ; DATA[6]        ; bidir  ; 3.3-V LVTTL  ;           ; Column I/O ; Y               ; no       ; Off          ;
; 90       ;            ;          ; GNDINT         ; gnd    ;              ;           ; --         ;                 ; --       ; --           ;
; 91       ; 149        ; 2        ; DATA[5]        ; bidir  ; 3.3-V LVTTL  ;           ; Column I/O ; Y               ; no       ; Off          ;
; 92       ; 150        ; 2        ; DATA[4]        ; bidir  ; 3.3-V LVTTL  ;           ; Column I/O ; Y               ; no       ; Off          ;
; 93       ;            ;          ; GNDIO          ; gnd    ;              ;           ; --         ;                 ; --       ; --           ;
; 94       ;            ; 2        ; VCCIO2         ; power  ;              ; 3.3V      ; --         ;                 ; --       ; --           ;
; 95       ; 151        ; 2        ; RESERVED_INPUT ;        ;              ;           ; Column I/O ;                 ; no       ; Off          ;
; 96       ; 152        ; 2        ; RESERVED_INPUT ;        ;              ;           ; Column I/O ;                 ; no       ; Off          ;
; 97       ; 153        ; 2        ; RESERVED_INPUT ;        ;              ;           ; Column I/O ;                 ; no       ; Off          ;
; 98       ; 155        ; 2        ; RESERVED_INPUT ;        ;              ;           ; Column I/O ;                 ; no       ; Off          ;
; 99       ; 156        ; 2        ; RESERVED_INPUT ;        ;              ;           ; Column I/O ;                 ; no       ; Off          ;
; 100      ; 158        ; 2        ; RESERVED_INPUT ;        ;              ;           ; Column I/O ;                 ; no       ; Off          ;
+----------+------------+----------+----------------+--------+--------------+-----------+------------+-----------------+----------+--------------+
Note: Pin directions (input, output or bidir) are based on device operating in user mode.


+-------------------------------------------------------------+
; Output Pin Default Load For Reported TCO                    ;
+----------------------------+-------+------------------------+
; I/O Standard               ; Load  ; Termination Resistance ;
+----------------------------+-------+------------------------+
; 3.3-V LVTTL                ; 10 pF ; Not Available          ;
; 3.3-V LVCMOS               ; 10 pF ; Not Available          ;
; 2.5 V                      ; 10 pF ; Not Available          ;
; 1.8 V                      ; 10 pF ; Not Available          ;
; 1.5 V                      ; 10 pF ; Not Available          ;
; 3.3V Schmitt Trigger Input ; 10 pF ; Not Available          ;
; 2.5V Schmitt Trigger Input ; 10 pF ; Not Available          ;
+----------------------------+-------+------------------------+
Note: User assignments will override these defaults. The user specified values are listed in the Output Pins and Bidir Pins tables.


+------------------------------------------------------------------------------------------------------------------------------------------------------------------------------------------------------------------------------------------------------------------------------------------------------------------------------------------------+
; Fitter Resource Utilization by Entity                                                                                                                                                                                                                                                                                                          ;
+-------------------------------------------------+-------------+--------------+------------+------+--------------+--------------+-------------------+------------------+-----------------+------------+--------------------------------------------------------------------------------------------------------------------------+--------------+
; Compilation Hierarchy Node                      ; Logic Cells ; LC Registers ; UFM Blocks ; Pins ; Virtual Pins ; LUT-Only LCs ; Register-Only LCs ; LUT/Register LCs ; Carry Chain LCs ; Packed LCs ; Full Hierarchy Name                                                                                                      ; Library Name ;
+-------------------------------------------------+-------------+--------------+------------+------+--------------+--------------+-------------------+------------------+-----------------+------------+--------------------------------------------------------------------------------------------------------------------------+--------------+
; |read_encoder                                   ; 308 (3)     ; 160          ; 0          ; 39   ; 0            ; 148 (3)      ; 45 (0)            ; 115 (0)          ; 119 (0)         ; 6 (0)      ; |read_encoder                                                                                                            ; work         ;
;    |74373b:inst2|                               ; 8 (8)       ; 0            ; 0          ; 0    ; 0            ; 8 (8)        ; 0 (0)             ; 0 (0)            ; 0 (0)           ; 0 (0)      ; |read_encoder|74373b:inst2                                                                                               ; work         ;
;    |dda_module:inst1|                           ; 180 (0)     ; 78           ; 0          ; 0    ; 0            ; 102 (0)      ; 27 (0)            ; 51 (0)           ; 67 (0)          ; 0 (0)      ; |read_encoder|dda_module:inst1                                                                                           ; work         ;
;       |74138:inst1|                             ; 5 (5)       ; 0            ; 0          ; 0    ; 0            ; 5 (5)        ; 0 (0)             ; 0 (0)            ; 0 (0)           ; 0 (0)      ; |read_encoder|dda_module:inst1|74138:inst1                                                                               ; work         ;
;       |dda:inst2|                               ; 148 (148)   ; 51           ; 0          ; 0    ; 0            ; 97 (97)      ; 0 (0)             ; 51 (51)          ; 67 (67)         ; 0 (0)      ; |read_encoder|dda_module:inst1|dda:inst2                                                                                 ; work         ;
;       |lpm_dff3:inst11|                         ; 9 (0)       ; 9            ; 0          ; 0    ; 0            ; 0 (0)        ; 9 (0)             ; 0 (0)            ; 0 (0)           ; 0 (0)      ; |read_encoder|dda_module:inst1|lpm_dff3:inst11                                                                           ; work         ;
;          |lpm_ff:lpm_ff_component|              ; 9 (9)       ; 9            ; 0          ; 0    ; 0            ; 0 (0)        ; 9 (9)             ; 0 (0)            ; 0 (0)           ; 0 (0)      ; |read_encoder|dda_module:inst1|lpm_dff3:inst11|lpm_ff:lpm_ff_component                                                   ; work         ;
;       |lpm_dff3:inst12|                         ; 9 (0)       ; 9            ; 0          ; 0    ; 0            ; 0 (0)        ; 9 (0)             ; 0 (0)            ; 0 (0)           ; 0 (0)      ; |read_encoder|dda_module:inst1|lpm_dff3:inst12                                                                           ; work         ;
;          |lpm_ff:lpm_ff_component|              ; 9 (9)       ; 9            ; 0          ; 0    ; 0            ; 0 (0)        ; 9 (9)             ; 0 (0)            ; 0 (0)           ; 0 (0)      ; |read_encoder|dda_module:inst1|lpm_dff3:inst12|lpm_ff:lpm_ff_component                                                   ; work         ;
;       |lpm_dff3:inst13|                         ; 9 (0)       ; 9            ; 0          ; 0    ; 0            ; 0 (0)        ; 9 (0)             ; 0 (0)            ; 0 (0)           ; 0 (0)      ; |read_encoder|dda_module:inst1|lpm_dff3:inst13                                                                           ; work         ;
;          |lpm_ff:lpm_ff_component|              ; 9 (9)       ; 9            ; 0          ; 0    ; 0            ; 0 (0)        ; 9 (9)             ; 0 (0)            ; 0 (0)           ; 0 (0)      ; |read_encoder|dda_module:inst1|lpm_dff3:inst13|lpm_ff:lpm_ff_component                                                   ; work         ;
;    |enc_module:inst5|                           ; 31 (3)      ; 28           ; 0          ; 0    ; 0            ; 3 (3)        ; 6 (0)             ; 22 (0)           ; 18 (0)          ; 2 (0)      ; |read_encoder|enc_module:inst5                                                                                           ; work         ;
;       |encoder:inst1|                           ; 18 (2)      ; 18           ; 0          ; 0    ; 0            ; 0 (0)        ; 0 (0)             ; 18 (2)           ; 16 (0)          ; 2 (1)      ; |read_encoder|enc_module:inst5|encoder:inst1                                                                             ; work         ;
;          |lpm_counter1:inst|                    ; 16 (0)      ; 16           ; 0          ; 0    ; 0            ; 0 (0)        ; 0 (0)             ; 16 (0)           ; 16 (0)          ; 0 (0)      ; |read_encoder|enc_module:inst5|encoder:inst1|lpm_counter1:inst                                                           ; work         ;
;             |lpm_counter:lpm_counter_component| ; 16 (0)      ; 16           ; 0          ; 0    ; 0            ; 0 (0)        ; 0 (0)             ; 16 (0)           ; 16 (0)          ; 0 (0)      ; |read_encoder|enc_module:inst5|encoder:inst1|lpm_counter1:inst|lpm_counter:lpm_counter_component                         ; work         ;
;                |cntr_t2h:auto_generated|        ; 16 (16)     ; 16           ; 0          ; 0    ; 0            ; 0 (0)        ; 0 (0)             ; 16 (16)          ; 16 (16)         ; 0 (0)      ; |read_encoder|enc_module:inst5|encoder:inst1|lpm_counter1:inst|lpm_counter:lpm_counter_component|cntr_t2h:auto_generated ; work         ;
;          |lpm_xor0:inst2|                       ; 0 (0)       ; 0            ; 0          ; 0    ; 0            ; 0 (0)        ; 0 (0)             ; 0 (0)            ; 0 (0)           ; 1 (0)      ; |read_encoder|enc_module:inst5|encoder:inst1|lpm_xor0:inst2                                                              ; work         ;
;             |lpm_xor:lpm_xor_component|         ; 0 (0)       ; 0            ; 0          ; 0    ; 0            ; 0 (0)        ; 0 (0)             ; 0 (0)            ; 0 (0)           ; 1 (1)      ; |read_encoder|enc_module:inst5|encoder:inst1|lpm_xor0:inst2|lpm_xor:lpm_xor_component                                    ; work         ;
;       |encoder_filter:inst7|                    ; 8 (8)       ; 8            ; 0          ; 0    ; 0            ; 0 (0)        ; 6 (6)             ; 2 (2)            ; 0 (0)           ; 0 (0)      ; |read_encoder|enc_module:inst5|encoder_filter:inst7                                                                      ; work         ;
;       |lpm_counter0:inst|                       ; 2 (0)       ; 2            ; 0          ; 0    ; 0            ; 0 (0)        ; 0 (0)             ; 2 (0)            ; 2 (0)           ; 0 (0)      ; |read_encoder|enc_module:inst5|lpm_counter0:inst                                                                         ; work         ;
;          |lpm_counter:lpm_counter_component|    ; 2 (0)       ; 2            ; 0          ; 0    ; 0            ; 0 (0)        ; 0 (0)             ; 2 (0)            ; 2 (0)           ; 0 (0)      ; |read_encoder|enc_module:inst5|lpm_counter0:inst|lpm_counter:lpm_counter_component                                       ; work         ;
;             |cntr_g7h:auto_generated|           ; 2 (2)       ; 2            ; 0          ; 0    ; 0            ; 0 (0)        ; 0 (0)             ; 2 (2)            ; 2 (2)           ; 0 (0)      ; |read_encoder|enc_module:inst5|lpm_counter0:inst|lpm_counter:lpm_counter_component|cntr_g7h:auto_generated               ; work         ;
;    |enc_module:inst|                            ; 86 (0)      ; 54           ; 0          ; 0    ; 0            ; 32 (0)       ; 12 (0)            ; 42 (0)           ; 34 (0)          ; 4 (0)      ; |read_encoder|enc_module:inst                                                                                            ; work         ;
;       |encoder:inst1|                           ; 36 (4)      ; 36           ; 0          ; 0    ; 0            ; 0 (0)        ; 0 (0)             ; 36 (4)           ; 32 (0)          ; 4 (2)      ; |read_encoder|enc_module:inst|encoder:inst1                                                                              ; work         ;
;          |lpm_counter1:inst3|                   ; 16 (0)      ; 16           ; 0          ; 0    ; 0            ; 0 (0)        ; 0 (0)             ; 16 (0)           ; 16 (0)          ; 0 (0)      ; |read_encoder|enc_module:inst|encoder:inst1|lpm_counter1:inst3                                                           ; work         ;
;             |lpm_counter:lpm_counter_component| ; 16 (0)      ; 16           ; 0          ; 0    ; 0            ; 0 (0)        ; 0 (0)             ; 16 (0)           ; 16 (0)          ; 0 (0)      ; |read_encoder|enc_module:inst|encoder:inst1|lpm_counter1:inst3|lpm_counter:lpm_counter_component                         ; work         ;
;                |cntr_t2h:auto_generated|        ; 16 (16)     ; 16           ; 0          ; 0    ; 0            ; 0 (0)        ; 0 (0)             ; 16 (16)          ; 16 (16)         ; 0 (0)      ; |read_encoder|enc_module:inst|encoder:inst1|lpm_counter1:inst3|lpm_counter:lpm_counter_component|cntr_t2h:auto_generated ; work         ;
;          |lpm_counter1:inst|                    ; 16 (0)      ; 16           ; 0          ; 0    ; 0            ; 0 (0)        ; 0 (0)             ; 16 (0)           ; 16 (0)          ; 0 (0)      ; |read_encoder|enc_module:inst|encoder:inst1|lpm_counter1:inst                                                            ; work         ;
;             |lpm_counter:lpm_counter_component| ; 16 (0)      ; 16           ; 0          ; 0    ; 0            ; 0 (0)        ; 0 (0)             ; 16 (0)           ; 16 (0)          ; 0 (0)      ; |read_encoder|enc_module:inst|encoder:inst1|lpm_counter1:inst|lpm_counter:lpm_counter_component                          ; work         ;
;                |cntr_t2h:auto_generated|        ; 16 (16)     ; 16           ; 0          ; 0    ; 0            ; 0 (0)        ; 0 (0)             ; 16 (16)          ; 16 (16)         ; 0 (0)      ; |read_encoder|enc_module:inst|encoder:inst1|lpm_counter1:inst|lpm_counter:lpm_counter_component|cntr_t2h:auto_generated  ; work         ;
;          |lpm_xor0:inst2|                       ; 0 (0)       ; 0            ; 0          ; 0    ; 0            ; 0 (0)        ; 0 (0)             ; 0 (0)            ; 0 (0)           ; 1 (0)      ; |read_encoder|enc_module:inst|encoder:inst1|lpm_xor0:inst2                                                               ; work         ;
;             |lpm_xor:lpm_xor_component|         ; 0 (0)       ; 0            ; 0          ; 0    ; 0            ; 0 (0)        ; 0 (0)             ; 0 (0)            ; 0 (0)           ; 1 (1)      ; |read_encoder|enc_module:inst|encoder:inst1|lpm_xor0:inst2|lpm_xor:lpm_xor_component                                     ; work         ;
;          |lpm_xor0:inst6|                       ; 0 (0)       ; 0            ; 0          ; 0    ; 0            ; 0 (0)        ; 0 (0)             ; 0 (0)            ; 0 (0)           ; 1 (0)      ; |read_encoder|enc_module:inst|encoder:inst1|lpm_xor0:inst6                                                               ; work         ;
;             |lpm_xor:lpm_xor_component|         ; 0 (0)       ; 0            ; 0          ; 0    ; 0            ; 0 (0)        ; 0 (0)             ; 0 (0)            ; 0 (0)           ; 1 (1)      ; |read_encoder|enc_module:inst|encoder:inst1|lpm_xor0:inst6|lpm_xor:lpm_xor_component                                     ; work         ;
;       |encoder_filter:inst7|                    ; 8 (8)       ; 8            ; 0          ; 0    ; 0            ; 0 (0)        ; 6 (6)             ; 2 (2)            ; 0 (0)           ; 0 (0)      ; |read_encoder|enc_module:inst|encoder_filter:inst7                                                                       ; work         ;
;       |encoder_filter:inst8|                    ; 8 (8)       ; 8            ; 0          ; 0    ; 0            ; 0 (0)        ; 6 (6)             ; 2 (2)            ; 0 (0)           ; 0 (0)      ; |read_encoder|enc_module:inst|encoder_filter:inst8                                                                       ; work         ;
;       |lpm_bustri0:inst16|                      ; 32 (0)      ; 0            ; 0          ; 0    ; 0            ; 32 (0)       ; 0 (0)             ; 0 (0)            ; 0 (0)           ; 0 (0)      ; |read_encoder|enc_module:inst|lpm_bustri0:inst16                                                                         ; work         ;
;          |lpm_bustri:lpm_bustri_component|      ; 32 (32)     ; 0            ; 0          ; 0    ; 0            ; 32 (32)      ; 0 (0)             ; 0 (0)            ; 0 (0)           ; 0 (0)      ; |read_encoder|enc_module:inst|lpm_bustri0:inst16|lpm_bustri:lpm_bustri_component                                         ; work         ;
;       |lpm_counter0:inst|                       ; 2 (0)       ; 2            ; 0          ; 0    ; 0            ; 0 (0)        ; 0 (0)             ; 2 (0)            ; 2 (0)           ; 0 (0)      ; |read_encoder|enc_module:inst|lpm_counter0:inst                                                                          ; work         ;
;          |lpm_counter:lpm_counter_component|    ; 2 (0)       ; 2            ; 0          ; 0    ; 0            ; 0 (0)        ; 0 (0)             ; 2 (0)            ; 2 (0)           ; 0 (0)      ; |read_encoder|enc_module:inst|lpm_counter0:inst|lpm_counter:lpm_counter_component                                        ; work         ;
;             |cntr_g7h:auto_generated|           ; 2 (2)       ; 2            ; 0          ; 0    ; 0            ; 0 (0)        ; 0 (0)             ; 2 (2)            ; 2 (2)           ; 0 (0)      ; |read_encoder|enc_module:inst|lpm_counter0:inst|lpm_counter:lpm_counter_component|cntr_g7h:auto_generated                ; work         ;
+-------------------------------------------------+-------------+--------------+------------+------+--------------+--------------+-------------------+------------------+-----------------+------------+--------------------------------------------------------------------------------------------------------------------------+--------------+
Note: For table entries with two numbers listed, the numbers in parentheses indicate the number of resources of the given type used by the specific entity alone. The numbers listed outside of parentheses indicate the total resources of the given type used by the specific entity and all of its sub-entities in the hierarchy.


+-------------------------------------+
; Delay Chain Summary                 ;
+----------+----------+---------------+
; Name     ; Pin Type ; Pad to Core 0 ;
+----------+----------+---------------+
; LSW1     ; Input    ; (0)           ;
; LSW2     ; Input    ; (0)           ;
; LSW3     ; Input    ; (0)           ;
; CLK_20M  ; Input    ; (0)           ;
; P_WRITE  ; Input    ; (0)           ;
; NE1      ; Input    ; (0)           ;
; NOE      ; Input    ; (0)           ;
; ENC_RST  ; Input    ; (1)           ;
; NADV     ; Input    ; (0)           ;
; NWE      ; Input    ; (0)           ;
; ENC3[1]  ; Input    ; (1)           ;
; ENC3[2]  ; Input    ; (1)           ;
; ENC2[1]  ; Input    ; (1)           ;
; ENC2[2]  ; Input    ; (1)           ;
; ENC1[1]  ; Input    ; (1)           ;
; ENC1[2]  ; Input    ; (1)           ;
; PULSE1   ; Output   ; --            ;
; DIR1     ; Output   ; --            ;
; PULSE2   ; Output   ; --            ;
; DIR2     ; Output   ; --            ;
; PULSE3   ; Output   ; --            ;
; DIR3     ; Output   ; --            ;
; P_BUSY   ; Output   ; --            ;
; DATA[15] ; Bidir    ; (1)           ;
; DATA[14] ; Bidir    ; (0)           ;
; DATA[13] ; Bidir    ; (0)           ;
; DATA[12] ; Bidir    ; (0)           ;
; DATA[11] ; Bidir    ; (0)           ;
; DATA[10] ; Bidir    ; (0)           ;
; DATA[9]  ; Bidir    ; (0)           ;
; DATA[8]  ; Bidir    ; (0)           ;
; DATA[7]  ; Bidir    ; (0)           ;
; DATA[6]  ; Bidir    ; (0)           ;
; DATA[5]  ; Bidir    ; (0)           ;
; DATA[4]  ; Bidir    ; (0)           ;
; DATA[3]  ; Bidir    ; (0)           ;
; DATA[2]  ; Bidir    ; (0)           ;
; DATA[1]  ; Bidir    ; (0)           ;
; DATA[0]  ; Bidir    ; (0)           ;
+----------+----------+---------------+


+------------------------------------------------------------------------------------------------------------------------------------------------------------------------------------------------------------------------------+
; Control Signals                                                                                                                                                                                                              ;
+--------------------------------------------------------------------------------------------------------+--------------+---------+-----------------------------------------+--------+----------------------+------------------+
; Name                                                                                                   ; Location     ; Fan-Out ; Usage                                   ; Global ; Global Resource Used ; Global Line Name ;
+--------------------------------------------------------------------------------------------------------+--------------+---------+-----------------------------------------+--------+----------------------+------------------+
; CLK_20M                                                                                                ; PIN_12       ; 55      ; Clock                                   ; yes    ; Global Clock         ; GCLK0            ;
; ENC_RST                                                                                                ; PIN_76       ; 48      ; Async. clear                            ; no     ; --                   ; --               ;
; NADV                                                                                                   ; PIN_57       ; 8       ; Latch enable                            ; no     ; --                   ; --               ;
; P_WRITE                                                                                                ; PIN_75       ; 76      ; Async. clear, Async. load, Latch enable ; yes    ; Global Clock         ; GCLK2            ;
; dda_module:inst1|74138:inst1|15                                                                        ; LC_X8_Y4_N4  ; 9       ; Clock                                   ; no     ; --                   ; --               ;
; dda_module:inst1|74138:inst1|16                                                                        ; LC_X11_Y4_N3 ; 9       ; Clock                                   ; no     ; --                   ; --               ;
; dda_module:inst1|74138:inst1|17                                                                        ; LC_X11_Y4_N9 ; 9       ; Clock                                   ; no     ; --                   ; --               ;
; dda_module:inst1|dda:inst2|LessThan0~2                                                                 ; LC_X12_Y5_N4 ; 11      ; Sync. clear                             ; no     ; --                   ; --               ;
; dda_module:inst1|dda:inst2|acc1[7]~0                                                                   ; LC_X10_Y5_N5 ; 27      ; Clock enable                            ; no     ; --                   ; --               ;
; dda_module:inst1|dda:inst2|dir1~0                                                                      ; LC_X12_Y5_N2 ; 3       ; Clock enable                            ; no     ; --                   ; --               ;
; dda_module:inst1|dda:inst2|pulse1~1                                                                    ; LC_X11_Y5_N8 ; 12      ; Clock enable                            ; no     ; --                   ; --               ;
; enc_module:inst5|encoder:inst1|lpm_xor0:inst2|lpm_xor:lpm_xor_component|xor_cascade[0][3]~0            ; LC_X8_Y6_N6  ; 16      ; Clock enable                            ; no     ; --                   ; --               ;
; enc_module:inst5|inst11~2                                                                              ; LC_X8_Y4_N7  ; 32      ; Output enable                           ; no     ; --                   ; --               ;
; enc_module:inst5|lpm_counter0:inst|lpm_counter:lpm_counter_component|cntr_g7h:auto_generated|safe_q[1] ; LC_X11_Y3_N7 ; 27      ; Clock                                   ; yes    ; Global Clock         ; GCLK3            ;
; enc_module:inst|encoder:inst1|lpm_xor0:inst2|lpm_xor:lpm_xor_component|xor_cascade[0][3]~0             ; LC_X9_Y7_N7  ; 16      ; Clock enable                            ; no     ; --                   ; --               ;
; enc_module:inst|encoder:inst1|lpm_xor0:inst6|lpm_xor:lpm_xor_component|xor_cascade[0][3]~0             ; LC_X3_Y5_N8  ; 16      ; Clock enable                            ; no     ; --                   ; --               ;
; enc_module:inst|lpm_counter0:inst|lpm_counter:lpm_counter_component|cntr_g7h:auto_generated|safe_q[1]  ; LC_X10_Y3_N9 ; 53      ; Clock                                   ; yes    ; Global Clock         ; GCLK1            ;
+--------------------------------------------------------------------------------------------------------+--------------+---------+-----------------------------------------+--------+----------------------+------------------+


+---------------------------------------------------------------------------------------------------------------------------------------------------------------------------+
; Global & Other Fast Signals                                                                                                                                               ;
+--------------------------------------------------------------------------------------------------------+--------------+---------+----------------------+------------------+
; Name                                                                                                   ; Location     ; Fan-Out ; Global Resource Used ; Global Line Name ;
+--------------------------------------------------------------------------------------------------------+--------------+---------+----------------------+------------------+
; CLK_20M                                                                                                ; PIN_12       ; 55      ; Global Clock         ; GCLK0            ;
; P_WRITE                                                                                                ; PIN_75       ; 76      ; Global Clock         ; GCLK2            ;
; enc_module:inst5|lpm_counter0:inst|lpm_counter:lpm_counter_component|cntr_g7h:auto_generated|safe_q[1] ; LC_X11_Y3_N7 ; 27      ; Global Clock         ; GCLK3            ;
; enc_module:inst|lpm_counter0:inst|lpm_counter:lpm_counter_component|cntr_g7h:auto_generated|safe_q[1]  ; LC_X10_Y3_N9 ; 53      ; Global Clock         ; GCLK1            ;
+--------------------------------------------------------------------------------------------------------+--------------+---------+----------------------+------------------+


+------------------------------------------------------------------------------------------------------------------------------------------+
; Non-Global High Fan-Out Signals                                                                                                          ;
+--------------------------------------------------------------------------------------------------------------------------------+---------+
; Name                                                                                                                           ; Fan-Out ;
+--------------------------------------------------------------------------------------------------------------------------------+---------+
; ENC_RST                                                                                                                        ; 48      ;
; 74373b:inst2|13                                                                                                                ; 36      ;
; enc_module:inst5|inst11~2                                                                                                      ; 32      ;
; dda_module:inst1|dda:inst2|acc1[7]~0                                                                                           ; 27      ;
; 74373b:inst2|12                                                                                                                ; 20      ;
; enc_module:inst|encoder:inst1|lpm_xor0:inst2|lpm_xor:lpm_xor_component|xor_cascade[0][3]~0                                     ; 16      ;
; enc_module:inst|encoder:inst1|lpm_xor0:inst6|lpm_xor:lpm_xor_component|xor_cascade[0][3]~0                                     ; 16      ;
; enc_module:inst5|encoder:inst1|lpm_xor0:inst2|lpm_xor:lpm_xor_component|xor_cascade[0][3]~0                                    ; 16      ;
; enc_module:inst|encoder:inst1|inst7~0                                                                                          ; 15      ;
; enc_module:inst|encoder:inst1|inst10~0                                                                                         ; 15      ;
; enc_module:inst5|encoder:inst1|inst7~0                                                                                         ; 15      ;
; dda_module:inst1|dda:inst2|pulse1~1                                                                                            ; 12      ;
; dda_module:inst1|dda:inst2|LessThan0~2                                                                                         ; 11      ;
; dda_module:inst1|74138:inst1|17                                                                                                ; 9       ;
; dda_module:inst1|74138:inst1|16                                                                                                ; 9       ;
; dda_module:inst1|74138:inst1|15                                                                                                ; 9       ;
; dda_module:inst1|dda:inst2|LessThan4~0                                                                                         ; 9       ;
; dda_module:inst1|dda:inst2|LessThan3~0                                                                                         ; 9       ;
; dda_module:inst1|dda:inst2|LessThan2~0                                                                                         ; 9       ;
; NADV                                                                                                                           ; 8       ;
; dda_module:inst1|dda:inst2|Add4~15                                                                                             ; 7       ;
; dda_module:inst1|dda:inst2|Add3~15                                                                                             ; 7       ;
; dda_module:inst1|dda:inst2|Add2~15                                                                                             ; 7       ;
; dda_module:inst1|dda:inst2|clk5u_cnt[0]                                                                                        ; 6       ;
; enc_module:inst|encoder:inst1|lpm_counter1:inst|lpm_counter:lpm_counter_component|cntr_t2h:auto_generated|counter_cella2~COUT  ; 5       ;
; enc_module:inst|encoder:inst1|lpm_counter1:inst3|lpm_counter:lpm_counter_component|cntr_t2h:auto_generated|counter_cella2~COUT ; 5       ;
; enc_module:inst5|encoder:inst1|lpm_counter1:inst|lpm_counter:lpm_counter_component|cntr_t2h:auto_generated|counter_cella2~COUT ; 5       ;
; enc_module:inst|encoder:inst1|lpm_counter1:inst|lpm_counter:lpm_counter_component|cntr_t2h:auto_generated|counter_cella7~COUT  ; 5       ;
; enc_module:inst|encoder:inst1|lpm_counter1:inst3|lpm_counter:lpm_counter_component|cntr_t2h:auto_generated|counter_cella7~COUT ; 5       ;
; enc_module:inst5|encoder:inst1|lpm_counter1:inst|lpm_counter:lpm_counter_component|cntr_t2h:auto_generated|counter_cella7~COUT ; 5       ;
; dda_module:inst1|dda:inst2|LessThan4~1                                                                                         ; 5       ;
; dda_module:inst1|dda:inst2|LessThan3~1                                                                                         ; 5       ;
; dda_module:inst1|dda:inst2|LessThan2~1                                                                                         ; 5       ;
; DATA~15                                                                                                                        ; 4       ;
; DATA~14                                                                                                                        ; 4       ;
; DATA~13                                                                                                                        ; 4       ;
; DATA~12                                                                                                                        ; 4       ;
; DATA~11                                                                                                                        ; 4       ;
; DATA~10                                                                                                                        ; 4       ;
; DATA~9                                                                                                                         ; 4       ;
; DATA~8                                                                                                                         ; 4       ;
; 74373b:inst2|14                                                                                                                ; 4       ;
; 74373b:inst2|16                                                                                                                ; 4       ;
; enc_module:inst|encoder_filter:inst7|inst3                                                                                     ; 4       ;
; enc_module:inst|encoder_filter:inst8|inst3                                                                                     ; 4       ;
; enc_module:inst5|encoder_filter:inst7|inst3                                                                                    ; 4       ;
; dda_module:inst1|dda:inst2|LessThan4~3                                                                                         ; 4       ;
; dda_module:inst1|dda:inst2|LessThan3~3                                                                                         ; 4       ;
; dda_module:inst1|dda:inst2|LessThan2~3                                                                                         ; 4       ;
; dda_module:inst1|dda:inst2|Add4~35                                                                                             ; 4       ;
+--------------------------------------------------------------------------------------------------------------------------------+---------+


+---------------------------------------------------+
; Interconnect Usage Summary                        ;
+----------------------------+----------------------+
; Interconnect Resource Type ; Usage                ;
+----------------------------+----------------------+
; C4s                        ; 267 / 1,624 ( 16 % ) ;
; Direct links               ; 48 / 1,930 ( 2 % )   ;
; Global clocks              ; 4 / 4 ( 100 % )      ;
; LAB clocks                 ; 24 / 56 ( 43 % )     ;
; LUT chains                 ; 16 / 513 ( 3 % )     ;
; Local interconnects        ; 420 / 1,930 ( 22 % ) ;
; R4s                        ; 330 / 1,472 ( 22 % ) ;
+----------------------------+----------------------+


+---------------------------------------------------------------------------+
; LAB Logic Elements                                                        ;
+--------------------------------------------+------------------------------+
; Number of Logic Elements  (Average = 7.90) ; Number of LABs  (Total = 39) ;
+--------------------------------------------+------------------------------+
; 1                                          ; 3                            ;
; 2                                          ; 5                            ;
; 3                                          ; 1                            ;
; 4                                          ; 1                            ;
; 5                                          ; 0                            ;
; 6                                          ; 0                            ;
; 7                                          ; 0                            ;
; 8                                          ; 1                            ;
; 9                                          ; 0                            ;
; 10                                         ; 28                           ;
+--------------------------------------------+------------------------------+


+-------------------------------------------------------------------+
; LAB-wide Signals                                                  ;
+------------------------------------+------------------------------+
; LAB-wide Signals  (Average = 1.64) ; Number of LABs  (Total = 39) ;
+------------------------------------+------------------------------+
; 1 Async. clear                     ; 17                           ;
; 1 Async. load                      ; 1                            ;
; 1 Clock                            ; 24                           ;
; 1 Clock enable                     ; 14                           ;
; 2 Clock enables                    ; 3                            ;
; 2 Clocks                           ; 5                            ;
+------------------------------------+------------------------------+


+----------------------------------------------------------------------------+
; LAB Signals Sourced                                                        ;
+---------------------------------------------+------------------------------+
; Number of Signals Sourced  (Average = 8.05) ; Number of LABs  (Total = 39) ;
+---------------------------------------------+------------------------------+
; 0                                           ; 0                            ;
; 1                                           ; 3                            ;
; 2                                           ; 5                            ;
; 3                                           ; 1                            ;
; 4                                           ; 1                            ;
; 5                                           ; 0                            ;
; 6                                           ; 0                            ;
; 7                                           ; 0                            ;
; 8                                           ; 1                            ;
; 9                                           ; 0                            ;
; 10                                          ; 24                           ;
; 11                                          ; 3                            ;
; 12                                          ; 0                            ;
; 13                                          ; 1                            ;
+---------------------------------------------+------------------------------+


+--------------------------------------------------------------------------------+
; LAB Signals Sourced Out                                                        ;
+-------------------------------------------------+------------------------------+
; Number of Signals Sourced Out  (Average = 5.31) ; Number of LABs  (Total = 39) ;
+-------------------------------------------------+------------------------------+
; 0                                               ; 0                            ;
; 1                                               ; 5                            ;
; 2                                               ; 7                            ;
; 3                                               ; 1                            ;
; 4                                               ; 2                            ;
; 5                                               ; 4                            ;
; 6                                               ; 1                            ;
; 7                                               ; 3                            ;
; 8                                               ; 15                           ;
; 9                                               ; 0                            ;
; 10                                              ; 1                            ;
+-------------------------------------------------+------------------------------+


+----------------------------------------------------------------------------+
; LAB Distinct Inputs                                                        ;
+---------------------------------------------+------------------------------+
; Number of Distinct Inputs  (Average = 9.44) ; Number of LABs  (Total = 39) ;
+---------------------------------------------+------------------------------+
; 0                                           ; 0                            ;
; 1                                           ; 2                            ;
; 2                                           ; 3                            ;
; 3                                           ; 3                            ;
; 4                                           ; 6                            ;
; 5                                           ; 0                            ;
; 6                                           ; 0                            ;
; 7                                           ; 4                            ;
; 8                                           ; 2                            ;
; 9                                           ; 3                            ;
; 10                                          ; 3                            ;
; 11                                          ; 0                            ;
; 12                                          ; 0                            ;
; 13                                          ; 3                            ;
; 14                                          ; 0                            ;
; 15                                          ; 2                            ;
; 16                                          ; 1                            ;
; 17                                          ; 0                            ;
; 18                                          ; 1                            ;
; 19                                          ; 3                            ;
; 20                                          ; 0                            ;
; 21                                          ; 0                            ;
; 22                                          ; 3                            ;
+---------------------------------------------+------------------------------+


+--------------------------------------------------------------------+
; Fitter Device Options                                              ;
+----------------------------------------------+---------------------+
; Option                                       ; Setting             ;
+----------------------------------------------+---------------------+
; Enable user-supplied start-up clock (CLKUSR) ; Off                 ;
; Enable device-wide reset (DEV_CLRn)          ; Off                 ;
; Enable device-wide output enable (DEV_OE)    ; Off                 ;
; Enable INIT_DONE output                      ; Off                 ;
; Configuration scheme                         ; Passive Serial      ;
; Reserve all unused pins                      ; As input tri-stated ;
; Base pin-out file on sameframe device        ; Off                 ;
+----------------------------------------------+---------------------+


+------------------------------------------------------------+
; Estimated Delay Added for Hold Timing                      ;
+-----------------+----------------------+-------------------+
; Source Clock(s) ; Destination Clock(s) ; Delay Added in ns ;
+-----------------+----------------------+-------------------+
; NADV            ; NADV,NWE,NE1         ; 30.8256           ;
+-----------------+----------------------+-------------------+
Note: For more information on problematic transfers, consider running the Fitter again with the Optimize hold timing option (Settings Menu) turned off.
This will disable optimization of problematic paths and expose them for further analysis using either the TimeQuest Timing Analyzer or the Classic Timing Analyzer.


+-----------------+
; Fitter Messages ;
+-----------------+
Info: *******************************************************************
Info: Running Quartus II Fitter
    Info: Version 9.1 Build 350 03/24/2010 Service Pack 2 SJ Web Edition
    Info: Processing started: Fri Dec 21 14:39:44 2018
Info: Command: quartus_fit --read_settings_files=off --write_settings_files=off read_encoder -c read_encoder
Info: Selected device EPM570T100C5 for design "read_encoder"
Info: Low junction temperature is 0 degrees C
Info: High junction temperature is 85 degrees C
Info: Fitter is performing an Auto Fit compilation, which may decrease Fitter effort to reduce compilation time
Warning: Feature LogicLock is only available with a valid subscription license. Please purchase a software subscription to gain full access to this feature.
Info: Device migration not selected. If you intend to use device migration later, you may need to change the pin assignments as they may be incompatible with other devices
    Info: Device EPM240T100C5 is compatible
    Info: Device EPM240T100I5 is compatible
    Info: Device EPM240T100A5 is compatible
    Info: Device EPM570T100I5 is compatible
    Info: Device EPM570T100A5 is compatible
Info: Timing-driven compilation is using the Classic Timing Analyzer
Info: Timing requirements not specified -- optimizing circuit to achieve the following default global requirements
    Info: Assuming a global fmax requirement of 1000 MHz
    Info: Assuming a global tsu requirement of 2.0 ns
    Info: Assuming a global tco requirement of 1.0 ns
    Info: Assuming a global tpd requirement of 1.0 ns
Extra Info: Performing register packing on registers with non-logic cell location assignments
Extra Info: Completed register packing on registers with non-logic cell location assignments
Info: Completed User Assigned Global Signals Promotion Operation
Info: Automatically promoted signal "CLK_20M" to use Global clock in PIN 12
Info: Automatically promoted some destinations of signal "enc_module:inst|lpm_counter0:inst|lpm_counter:lpm_counter_component|cntr_g7h:auto_generated|safe_q[1]" to use Global clock
    Info: Destination "enc_module:inst|lpm_counter0:inst|lpm_counter:lpm_counter_component|cntr_g7h:auto_generated|counter_cella1" may be non-global or may not use global clock
Info: Automatically promoted some destinations of signal "P_WRITE" to use Global clock
    Info: Destination "dda_module:inst1|dda:inst2|dir1~0" may be non-global or may not use global clock
Info: Pin "P_WRITE" drives global clock, but is not placed in a dedicated clock pin position
Info: Automatically promoted some destinations of signal "enc_module:inst5|lpm_counter0:inst|lpm_counter:lpm_counter_component|cntr_g7h:auto_generated|safe_q[1]" to use Global clock
    Info: Destination "enc_module:inst5|lpm_counter0:inst|lpm_counter:lpm_counter_component|cntr_g7h:auto_generated|counter_cella1" may be non-global or may not use global clock
Info: Completed Auto Global Promotion Operation
Info: Starting register packing
Info: Fitter is using Normal packing mode for logic elements with Auto setting for Auto Packed Registers logic option
Extra Info: Moving registers into LUTs to improve timing and density
Info: Started processing fast register assignments
Info: Finished processing fast register assignments
Extra Info: Finished moving registers into LUTs: elapsed time is 00:00:00
Info: Finished register packing
Warning: Ignored locations or region assignments to the following nodes
    Warning: Node "DIR4" is assigned to location or region, but does not exist in design
    Warning: Node "DIR5" is assigned to location or region, but does not exist in design
    Warning: Node "DIR6" is assigned to location or region, but does not exist in design
    Warning: Node "ENC4[1]" is assigned to location or region, but does not exist in design
    Warning: Node "ENC4[2]" is assigned to location or region, but does not exist in design
    Warning: Node "PULSE4" is assigned to location or region, but does not exist in design
    Warning: Node "PULSE5" is assigned to location or region, but does not exist in design
    Warning: Node "PULSE6" is assigned to location or region, but does not exist in design
Info: Fitter preparation operations ending: elapsed time is 00:00:00
Info: Fitter placement preparation operations beginning
Info: Fitter placement preparation operations ending: elapsed time is 00:00:00
Info: Fitter placement operations beginning
Info: Fitter placement was successful
Info: Fitter placement operations ending: elapsed time is 00:00:00
Info: Estimated most critical path is register to pin delay of 8.230 ns
    Info: 1: + IC(0.000 ns) + CELL(0.000 ns) = 0.000 ns; Loc. = LAB_X7_Y7; Fanout = 4; REG Node = 'enc_module:inst5|encoder:inst1|lpm_counter1:inst|lpm_counter:lpm_counter_component|cntr_t2h:auto_generated|safe_q[0]'
    Info: 2: + IC(2.133 ns) + CELL(0.914 ns) = 3.047 ns; Loc. = LAB_X5_Y6; Fanout = 1; COMB Node = 'enc_module:inst|lpm_bustri0:inst16|lpm_bustri:lpm_bustri_component|dout[0]~47'
    Info: 3: + IC(2.861 ns) + CELL(2.322 ns) = 8.230 ns; Loc. = PIN_73; Fanout = 0; PIN Node = 'DATA[0]'
    Info: Total cell delay = 3.236 ns ( 39.32 % )
    Info: Total interconnect delay = 4.994 ns ( 60.68 % )
Info: Fitter routing operations beginning
Info: Average interconnect usage is 20% of the available device resources
    Info: Peak interconnect usage is 20% of the available device resources in the region that extends from location X0_Y0 to location X13_Y8
Info: Fitter routing operations ending: elapsed time is 00:00:00
Info: The Fitter performed an Auto Fit compilation.  Optimizations were skipped to reduce compilation time.
    Info: Optimizations that may affect the design's routability were skipped
    Info: Optimizations that may affect the design's timing were skipped
Warning: Found invalid Fitter assignments. See the Ignored Assignments panel in the Fitter Compilation Report for more information.
Info: Quartus II Fitter was successful. 0 errors, 11 warnings
    Info: Peak virtual memory: 259 megabytes
    Info: Processing ended: Fri Dec 21 14:39:45 2018
    Info: Elapsed time: 00:00:01
    Info: Total CPU time (on all processors): 00:00:01


