Analysis & Synthesis report for test
Wed Jun 05 19:42:44 2019
Quartus II Version 9.1 Build 350 03/24/2010 Service Pack 2 SJ Web Edition


---------------------
; Table of Contents ;
---------------------
  1. Legal Notice
  2. Analysis & Synthesis Summary
  3. Analysis & Synthesis Settings
  4. Parallel Compilation
  5. Analysis & Synthesis Source Files Read
  6. Analysis & Synthesis Resource Usage Summary
  7. Analysis & Synthesis Resource Utilization by Entity
  8. User-Specified and Inferred Latches
  9. Registers Removed During Synthesis
 10. General Register Statistics
 11. Inverted Register Statistics
 12. Multiplexer Restructuring Statistics (Restructuring Performed)
 13. Source assignments for encoder:inst33|encoder_module:inst1|lpm_counter2:inst5|lpm_counter:lpm_counter_component
 14. Source assignments for encoder:inst33|lpm_counter0:inst3|lpm_counter:lpm_counter_component
 15. Source assignments for encoder:inst18|encoder_module:inst1|lpm_counter2:inst5|lpm_counter:lpm_counter_component
 16. Source assignments for encoder:inst18|lpm_counter0:inst3|lpm_counter:lpm_counter_component
 17. Parameter Settings for User Entity Instance: dda_module:inst|test:inst
 18. Parameter Settings for User Entity Instance: dda_module:inst|test:inst4
 19. Parameter Settings for User Entity Instance: dda_module:inst|test:inst5
 20. Parameter Settings for User Entity Instance: encoder:inst33|lpm_bustri0:inst2|lpm_bustri:lpm_bustri_component
 21. Parameter Settings for User Entity Instance: encoder:inst33|encoder_module:inst1|lpm_counter2:inst5|lpm_counter:lpm_counter_component
 22. Parameter Settings for User Entity Instance: encoder:inst33|encoder_module:inst1|lpm_xor0:inst|lpm_xor:lpm_xor_component
 23. Parameter Settings for User Entity Instance: encoder:inst33|lpm_counter0:inst3|lpm_counter:lpm_counter_component
 24. Parameter Settings for User Entity Instance: encoder:inst18|lpm_bustri0:inst2|lpm_bustri:lpm_bustri_component
 25. Parameter Settings for User Entity Instance: encoder:inst18|encoder_module:inst1|lpm_counter2:inst5|lpm_counter:lpm_counter_component
 26. Parameter Settings for User Entity Instance: encoder:inst18|encoder_module:inst1|lpm_xor0:inst|lpm_xor:lpm_xor_component
 27. Parameter Settings for User Entity Instance: encoder:inst18|lpm_counter0:inst3|lpm_counter:lpm_counter_component
 28. Analysis & Synthesis Messages
 29. Analysis & Synthesis Suppressed Messages



----------------
; Legal Notice ;
----------------
Copyright (C) 1991-2010 Altera Corporation
Your use of Altera Corporation's design tools, logic functions 
and other software and tools, and its AMPP partner logic 
functions, and any output files from any of the foregoing 
(including device programming or simulation files), and any 
associated documentation or information are expressly subject 
to the terms and conditions of the Altera Program License 
Subscription Agreement, Altera MegaCore Function License 
Agreement, or other applicable license agreement, including, 
without limitation, that your use is for the sole purpose of 
programming logic devices manufactured by Altera and sold by 
Altera or its authorized distributors.  Please refer to the 
applicable agreement for further details.



+----------------------------------------------------------------------------+
; Analysis & Synthesis Summary                                               ;
+-----------------------------+----------------------------------------------+
; Analysis & Synthesis Status ; Successful - Wed Jun 05 19:42:44 2019        ;
; Quartus II Version          ; 9.1 Build 350 03/24/2010 SP 2 SJ Web Edition ;
; Revision Name               ; test                                         ;
; Top-level Entity Name       ; xuat_xung                                    ;
; Family                      ; MAX II                                       ;
; Total logic elements        ; 273                                          ;
; Total pins                  ; 49                                           ;
; Total virtual pins          ; 0                                            ;
; UFM blocks                  ; 0 / 1 ( 0 % )                                ;
+-----------------------------+----------------------------------------------+


+----------------------------------------------------------------------------------------------------------------------+
; Analysis & Synthesis Settings                                                                                        ;
+----------------------------------------------------------------------------+--------------------+--------------------+
; Option                                                                     ; Setting            ; Default Value      ;
+----------------------------------------------------------------------------+--------------------+--------------------+
; Device                                                                     ; EPM570T100C5       ;                    ;
; Top-level entity name                                                      ; xuat_xung          ; test               ;
; Family name                                                                ; MAX II             ; Stratix II         ;
; Use smart compilation                                                      ; Off                ; Off                ;
; Enable parallel Assembler and TimeQuest Timing Analyzer during compilation ; On                 ; On                 ;
; Enable compact report table                                                ; Off                ; Off                ;
; Restructure Multiplexers                                                   ; Auto               ; Auto               ;
; Create Debugging Nodes for IP Cores                                        ; Off                ; Off                ;
; Preserve fewer node names                                                  ; On                 ; On                 ;
; Disable OpenCore Plus hardware evaluation                                  ; Off                ; Off                ;
; Verilog Version                                                            ; Verilog_2001       ; Verilog_2001       ;
; VHDL Version                                                               ; VHDL_1993          ; VHDL_1993          ;
; State Machine Processing                                                   ; Auto               ; Auto               ;
; Safe State Machine                                                         ; Off                ; Off                ;
; Extract Verilog State Machines                                             ; On                 ; On                 ;
; Extract VHDL State Machines                                                ; On                 ; On                 ;
; Ignore Verilog initial constructs                                          ; Off                ; Off                ;
; Iteration limit for constant Verilog loops                                 ; 5000               ; 5000               ;
; Iteration limit for non-constant Verilog loops                             ; 250                ; 250                ;
; Add Pass-Through Logic to Inferred RAMs                                    ; On                 ; On                 ;
; Parallel Synthesis                                                         ; On                 ; On                 ;
; NOT Gate Push-Back                                                         ; On                 ; On                 ;
; Power-Up Don't Care                                                        ; On                 ; On                 ;
; Remove Redundant Logic Cells                                               ; Off                ; Off                ;
; Remove Duplicate Registers                                                 ; On                 ; On                 ;
; Ignore CARRY Buffers                                                       ; Off                ; Off                ;
; Ignore CASCADE Buffers                                                     ; Off                ; Off                ;
; Ignore GLOBAL Buffers                                                      ; Off                ; Off                ;
; Ignore ROW GLOBAL Buffers                                                  ; Off                ; Off                ;
; Ignore LCELL Buffers                                                       ; Off                ; Off                ;
; Ignore SOFT Buffers                                                        ; On                 ; On                 ;
; Limit AHDL Integers to 32 Bits                                             ; Off                ; Off                ;
; Optimization Technique                                                     ; Balanced           ; Balanced           ;
; Carry Chain Length                                                         ; 70                 ; 70                 ;
; Auto Carry Chains                                                          ; On                 ; On                 ;
; Auto Open-Drain Pins                                                       ; On                 ; On                 ;
; Perform WYSIWYG Primitive Resynthesis                                      ; Off                ; Off                ;
; Auto Shift Register Replacement                                            ; Auto               ; Auto               ;
; Auto Clock Enable Replacement                                              ; On                 ; On                 ;
; Allow Synchronous Control Signals                                          ; On                 ; On                 ;
; Force Use of Synchronous Clear Signals                                     ; Off                ; Off                ;
; Auto Resource Sharing                                                      ; Off                ; Off                ;
; Use LogicLock Constraints during Resource Balancing                        ; On                 ; On                 ;
; Ignore translate_off and synthesis_off directives                          ; Off                ; Off                ;
; Show Parameter Settings Tables in Synthesis Report                         ; On                 ; On                 ;
; Ignore Maximum Fan-Out Assignments                                         ; Off                ; Off                ;
; Synchronization Register Chain Length                                      ; 2                  ; 2                  ;
; PowerPlay Power Optimization                                               ; Normal compilation ; Normal compilation ;
; HDL message level                                                          ; Level2             ; Level2             ;
; Suppress Register Optimization Related Messages                            ; Off                ; Off                ;
; Number of Removed Registers Reported in Synthesis Report                   ; 5000               ; 5000               ;
; Number of Inverted Registers Reported in Synthesis Report                  ; 100                ; 100                ;
; Clock MUX Protection                                                       ; On                 ; On                 ;
; Block Design Naming                                                        ; Auto               ; Auto               ;
; Synthesis Effort                                                           ; Auto               ; Auto               ;
; Shift Register Replacement - Allow Asynchronous Clear Signal               ; On                 ; On                 ;
; Analysis & Synthesis Message Level                                         ; Medium             ; Medium             ;
; Disable Register Merging Across Hierarchies                                ; Auto               ; Auto               ;
+----------------------------------------------------------------------------+--------------------+--------------------+


Parallel compilation was disabled, but you have multiple processors available. Enable parallel compilation to reduce compilation time.
+-------------------------------------+
; Parallel Compilation                ;
+----------------------------+--------+
; Processors                 ; Number ;
+----------------------------+--------+
; Number detected on machine ; 4      ;
; Maximum allowed            ; 1      ;
+----------------------------+--------+


+-----------------------------------------------------------------------------------------------------------------------------------------------------------------+
; Analysis & Synthesis Source Files Read                                                                                                                          ;
+----------------------------------+-----------------+------------------------------------------+-----------------------------------------------------------------+
; File Name with User-Entered Path ; Used in Netlist ; File Type                                ; File Name with Absolute Path                                    ;
+----------------------------------+-----------------+------------------------------------------+-----------------------------------------------------------------+
; xuat_xung.bdf                    ; yes             ; User Block Diagram/Schematic File        ; D:/Thesis/Hardware-CPLD MAXII/xuat_xung.bdf                     ;
; test.v                           ; yes             ; User Verilog HDL File                    ; D:/Thesis/Hardware-CPLD MAXII/test.v                            ;
; enc_filter.bdf                   ; yes             ; User Block Diagram/Schematic File        ; D:/Thesis/Hardware-CPLD MAXII/enc_filter.bdf                    ;
; encoder_module.bdf               ; yes             ; User Block Diagram/Schematic File        ; D:/Thesis/Hardware-CPLD MAXII/encoder_module.bdf                ;
; encoder.bdf                      ; yes             ; User Block Diagram/Schematic File        ; D:/Thesis/Hardware-CPLD MAXII/encoder.bdf                       ;
; lpm_bustri0.v                    ; yes             ; User Wizard-Generated File               ; D:/Thesis/Hardware-CPLD MAXII/lpm_bustri0.v                     ;
; lpm_xor0.v                       ; yes             ; User Wizard-Generated File               ; D:/Thesis/Hardware-CPLD MAXII/lpm_xor0.v                        ;
; lpm_counter0.v                   ; yes             ; User Wizard-Generated File               ; D:/Thesis/Hardware-CPLD MAXII/lpm_counter0.v                    ;
; dda_module.bdf                   ; yes             ; Auto-Found Block Diagram/Schematic File  ; D:/Thesis/Hardware-CPLD MAXII/dda_module.bdf                    ;
; 74373b.bdf                       ; yes             ; Megafunction                             ; e:/altera/91sp2/quartus/libraries/others/maxplus2/74373b.bdf    ;
; 74138.bdf                        ; yes             ; Megafunction                             ; e:/altera/91sp2/quartus/libraries/others/maxplus2/74138.bdf     ;
; lpm_bustri.tdf                   ; yes             ; Megafunction                             ; e:/altera/91sp2/quartus/libraries/megafunctions/lpm_bustri.tdf  ;
; lpm_counter2.tdf                 ; yes             ; Auto-Found Wizard-Generated File         ; D:/Thesis/Hardware-CPLD MAXII/lpm_counter2.tdf                  ;
; lpm_counter.inc                  ; yes             ; Megafunction                             ; e:/altera/91sp2/quartus/libraries/megafunctions/lpm_counter.inc ;
; lpm_counter.tdf                  ; yes             ; Megafunction                             ; e:/altera/91sp2/quartus/libraries/megafunctions/lpm_counter.tdf ;
; db/cntr_t2h.tdf                  ; yes             ; Auto-Generated Megafunction              ; D:/Thesis/Hardware-CPLD MAXII/db/cntr_t2h.tdf                   ;
; lpm_xor.tdf                      ; yes             ; Megafunction                             ; e:/altera/91sp2/quartus/libraries/megafunctions/lpm_xor.tdf     ;
; db/cntr_g7h.tdf                  ; yes             ; Auto-Generated Megafunction              ; D:/Thesis/Hardware-CPLD MAXII/db/cntr_g7h.tdf                   ;
+----------------------------------+-----------------+------------------------------------------+-----------------------------------------------------------------+


+-----------------------------------------------------+
; Analysis & Synthesis Resource Usage Summary         ;
+---------------------------------------------+-------+
; Resource                                    ; Usage ;
+---------------------------------------------+-------+
; Total logic elements                        ; 273   ;
;     -- Combinational with no register       ; 138   ;
;     -- Register only                        ; 41    ;
;     -- Combinational with a register        ; 94    ;
;                                             ;       ;
; Logic element usage by number of LUT inputs ;       ;
;     -- 4 input functions                    ; 70    ;
;     -- 3 input functions                    ; 97    ;
;     -- 2 input functions                    ; 59    ;
;     -- 1 input functions                    ; 6     ;
;     -- 0 input functions                    ; 0     ;
;                                             ;       ;
; Logic elements by mode                      ;       ;
;     -- normal mode                          ; 178   ;
;     -- arithmetic mode                      ; 95    ;
;     -- qfbk mode                            ; 0     ;
;     -- register cascade mode                ; 0     ;
;     -- synchronous clear/load mode          ; 11    ;
;     -- asynchronous clear/load mode         ; 32    ;
;                                             ;       ;
; Total registers                             ; 135   ;
; Total logic cells in carry chains           ; 107   ;
; I/O pins                                    ; 49    ;
; Maximum fan-out node                        ; CLK   ;
; Maximum fan-out                             ; 83    ;
; Total fan-out                               ; 1053  ;
; Average fan-out                             ; 3.27  ;
+---------------------------------------------+-------+


+---------------------------------------------------------------------------------------------------------------------------------------------------------------------------------------------------------------------------------------------------------------------------------------------------------------------------------------------------+
; Analysis & Synthesis Resource Utilization by Entity                                                                                                                                                                                                                                                                                               ;
+-------------------------------------------------+-------------+--------------+------------+------+--------------+--------------+-------------------+------------------+-----------------+------------+-----------------------------------------------------------------------------------------------------------------------------+--------------+
; Compilation Hierarchy Node                      ; Logic Cells ; LC Registers ; UFM Blocks ; Pins ; Virtual Pins ; LUT-Only LCs ; Register-Only LCs ; LUT/Register LCs ; Carry Chain LCs ; Packed LCs ; Full Hierarchy Name                                                                                                         ; Library Name ;
+-------------------------------------------------+-------------+--------------+------------+------+--------------+--------------+-------------------+------------------+-----------------+------------+-----------------------------------------------------------------------------------------------------------------------------+--------------+
; |xuat_xung                                      ; 273 (3)     ; 135          ; 0          ; 49   ; 0            ; 138 (3)      ; 41 (0)            ; 94 (0)           ; 107 (0)         ; 0 (0)      ; |xuat_xung                                                                                                                  ; work         ;
;    |74373b:inst1|                               ; 6 (6)       ; 0            ; 0          ; 0    ; 0            ; 6 (6)        ; 0 (0)             ; 0 (0)            ; 0 (0)           ; 0 (0)      ; |xuat_xung|74373b:inst1                                                                                                     ; work         ;
;    |dda_module:inst|                            ; 187 (5)     ; 79           ; 0          ; 0    ; 0            ; 108 (5)      ; 25 (0)            ; 54 (0)           ; 71 (0)          ; 0 (0)      ; |xuat_xung|dda_module:inst                                                                                                  ; work         ;
;       |74373b:inst18|                           ; 8 (8)       ; 0            ; 0          ; 0    ; 0            ; 8 (8)        ; 0 (0)             ; 0 (0)            ; 0 (0)           ; 0 (0)      ; |xuat_xung|dda_module:inst|74373b:inst18                                                                                    ; work         ;
;       |74373b:inst2|                            ; 8 (8)       ; 0            ; 0          ; 0    ; 0            ; 8 (8)        ; 0 (0)             ; 0 (0)            ; 0 (0)           ; 0 (0)      ; |xuat_xung|dda_module:inst|74373b:inst2                                                                                     ; work         ;
;       |74373b:inst7|                            ; 8 (8)       ; 0            ; 0          ; 0    ; 0            ; 8 (8)        ; 0 (0)             ; 0 (0)            ; 0 (0)           ; 0 (0)      ; |xuat_xung|dda_module:inst|74373b:inst7                                                                                     ; work         ;
;       |test:inst4|                              ; 59 (59)     ; 17           ; 0          ; 0    ; 0            ; 42 (42)      ; 8 (8)             ; 9 (9)            ; 30 (30)         ; 0 (0)      ; |xuat_xung|dda_module:inst|test:inst4                                                                                       ; work         ;
;       |test:inst5|                              ; 63 (63)     ; 45           ; 0          ; 0    ; 0            ; 18 (18)      ; 9 (9)             ; 36 (36)          ; 26 (26)         ; 0 (0)      ; |xuat_xung|dda_module:inst|test:inst5                                                                                       ; work         ;
;       |test:inst|                               ; 36 (36)     ; 17           ; 0          ; 0    ; 0            ; 19 (19)      ; 8 (8)             ; 9 (9)            ; 15 (15)         ; 0 (0)      ; |xuat_xung|dda_module:inst|test:inst                                                                                        ; work         ;
;    |encoder:inst18|                             ; 30 (0)      ; 28           ; 0          ; 0    ; 0            ; 2 (0)        ; 8 (0)             ; 20 (0)           ; 18 (0)          ; 0 (0)      ; |xuat_xung|encoder:inst18                                                                                                   ; work         ;
;       |enc_filter:inst|                         ; 8 (8)       ; 8            ; 0          ; 0    ; 0            ; 0 (0)        ; 6 (6)             ; 2 (2)            ; 0 (0)           ; 0 (0)      ; |xuat_xung|encoder:inst18|enc_filter:inst                                                                                   ; work         ;
;       |encoder_module:inst1|                    ; 20 (3)      ; 18           ; 0          ; 0    ; 0            ; 2 (1)        ; 2 (2)             ; 16 (0)           ; 16 (0)          ; 0 (0)      ; |xuat_xung|encoder:inst18|encoder_module:inst1                                                                              ; work         ;
;          |lpm_counter2:inst5|                   ; 16 (0)      ; 16           ; 0          ; 0    ; 0            ; 0 (0)        ; 0 (0)             ; 16 (0)           ; 16 (0)          ; 0 (0)      ; |xuat_xung|encoder:inst18|encoder_module:inst1|lpm_counter2:inst5                                                           ; work         ;
;             |lpm_counter:lpm_counter_component| ; 16 (0)      ; 16           ; 0          ; 0    ; 0            ; 0 (0)        ; 0 (0)             ; 16 (0)           ; 16 (0)          ; 0 (0)      ; |xuat_xung|encoder:inst18|encoder_module:inst1|lpm_counter2:inst5|lpm_counter:lpm_counter_component                         ; work         ;
;                |cntr_t2h:auto_generated|        ; 16 (16)     ; 16           ; 0          ; 0    ; 0            ; 0 (0)        ; 0 (0)             ; 16 (16)          ; 16 (16)         ; 0 (0)      ; |xuat_xung|encoder:inst18|encoder_module:inst1|lpm_counter2:inst5|lpm_counter:lpm_counter_component|cntr_t2h:auto_generated ; work         ;
;          |lpm_xor0:inst|                        ; 1 (0)       ; 0            ; 0          ; 0    ; 0            ; 1 (0)        ; 0 (0)             ; 0 (0)            ; 0 (0)           ; 0 (0)      ; |xuat_xung|encoder:inst18|encoder_module:inst1|lpm_xor0:inst                                                                ; work         ;
;             |lpm_xor:lpm_xor_component|         ; 1 (1)       ; 0            ; 0          ; 0    ; 0            ; 1 (1)        ; 0 (0)             ; 0 (0)            ; 0 (0)           ; 0 (0)      ; |xuat_xung|encoder:inst18|encoder_module:inst1|lpm_xor0:inst|lpm_xor:lpm_xor_component                                      ; work         ;
;       |lpm_counter0:inst3|                      ; 2 (0)       ; 2            ; 0          ; 0    ; 0            ; 0 (0)        ; 0 (0)             ; 2 (0)            ; 2 (0)           ; 0 (0)      ; |xuat_xung|encoder:inst18|lpm_counter0:inst3                                                                                ; work         ;
;          |lpm_counter:lpm_counter_component|    ; 2 (0)       ; 2            ; 0          ; 0    ; 0            ; 0 (0)        ; 0 (0)             ; 2 (0)            ; 2 (0)           ; 0 (0)      ; |xuat_xung|encoder:inst18|lpm_counter0:inst3|lpm_counter:lpm_counter_component                                              ; work         ;
;             |cntr_g7h:auto_generated|           ; 2 (2)       ; 2            ; 0          ; 0    ; 0            ; 0 (0)        ; 0 (0)             ; 2 (2)            ; 2 (2)           ; 0 (0)      ; |xuat_xung|encoder:inst18|lpm_counter0:inst3|lpm_counter:lpm_counter_component|cntr_g7h:auto_generated                      ; work         ;
;    |encoder:inst33|                             ; 47 (1)      ; 28           ; 0          ; 0    ; 0            ; 19 (1)       ; 8 (0)             ; 20 (0)           ; 18 (0)          ; 0 (0)      ; |xuat_xung|encoder:inst33                                                                                                   ; work         ;
;       |enc_filter:inst|                         ; 8 (8)       ; 8            ; 0          ; 0    ; 0            ; 0 (0)        ; 6 (6)             ; 2 (2)            ; 0 (0)           ; 0 (0)      ; |xuat_xung|encoder:inst33|enc_filter:inst                                                                                   ; work         ;
;       |encoder_module:inst1|                    ; 20 (3)      ; 18           ; 0          ; 0    ; 0            ; 2 (1)        ; 2 (2)             ; 16 (0)           ; 16 (0)          ; 0 (0)      ; |xuat_xung|encoder:inst33|encoder_module:inst1                                                                              ; work         ;
;          |lpm_counter2:inst5|                   ; 16 (0)      ; 16           ; 0          ; 0    ; 0            ; 0 (0)        ; 0 (0)             ; 16 (0)           ; 16 (0)          ; 0 (0)      ; |xuat_xung|encoder:inst33|encoder_module:inst1|lpm_counter2:inst5                                                           ; work         ;
;             |lpm_counter:lpm_counter_component| ; 16 (0)      ; 16           ; 0          ; 0    ; 0            ; 0 (0)        ; 0 (0)             ; 16 (0)           ; 16 (0)          ; 0 (0)      ; |xuat_xung|encoder:inst33|encoder_module:inst1|lpm_counter2:inst5|lpm_counter:lpm_counter_component                         ; work         ;
;                |cntr_t2h:auto_generated|        ; 16 (16)     ; 16           ; 0          ; 0    ; 0            ; 0 (0)        ; 0 (0)             ; 16 (16)          ; 16 (16)         ; 0 (0)      ; |xuat_xung|encoder:inst33|encoder_module:inst1|lpm_counter2:inst5|lpm_counter:lpm_counter_component|cntr_t2h:auto_generated ; work         ;
;          |lpm_xor0:inst|                        ; 1 (0)       ; 0            ; 0          ; 0    ; 0            ; 1 (0)        ; 0 (0)             ; 0 (0)            ; 0 (0)           ; 0 (0)      ; |xuat_xung|encoder:inst33|encoder_module:inst1|lpm_xor0:inst                                                                ; work         ;
;             |lpm_xor:lpm_xor_component|         ; 1 (1)       ; 0            ; 0          ; 0    ; 0            ; 1 (1)        ; 0 (0)             ; 0 (0)            ; 0 (0)           ; 0 (0)      ; |xuat_xung|encoder:inst33|encoder_module:inst1|lpm_xor0:inst|lpm_xor:lpm_xor_component                                      ; work         ;
;       |lpm_bustri0:inst2|                       ; 16 (0)      ; 0            ; 0          ; 0    ; 0            ; 16 (0)       ; 0 (0)             ; 0 (0)            ; 0 (0)           ; 0 (0)      ; |xuat_xung|encoder:inst33|lpm_bustri0:inst2                                                                                 ; work         ;
;          |lpm_bustri:lpm_bustri_component|      ; 16 (16)     ; 0            ; 0          ; 0    ; 0            ; 16 (16)      ; 0 (0)             ; 0 (0)            ; 0 (0)           ; 0 (0)      ; |xuat_xung|encoder:inst33|lpm_bustri0:inst2|lpm_bustri:lpm_bustri_component                                                 ; work         ;
;       |lpm_counter0:inst3|                      ; 2 (0)       ; 2            ; 0          ; 0    ; 0            ; 0 (0)        ; 0 (0)             ; 2 (0)            ; 2 (0)           ; 0 (0)      ; |xuat_xung|encoder:inst33|lpm_counter0:inst3                                                                                ; work         ;
;          |lpm_counter:lpm_counter_component|    ; 2 (0)       ; 2            ; 0          ; 0    ; 0            ; 0 (0)        ; 0 (0)             ; 2 (0)            ; 2 (0)           ; 0 (0)      ; |xuat_xung|encoder:inst33|lpm_counter0:inst3|lpm_counter:lpm_counter_component                                              ; work         ;
;             |cntr_g7h:auto_generated|           ; 2 (2)       ; 2            ; 0          ; 0    ; 0            ; 0 (0)        ; 0 (0)             ; 2 (2)            ; 2 (2)           ; 0 (0)      ; |xuat_xung|encoder:inst33|lpm_counter0:inst3|lpm_counter:lpm_counter_component|cntr_g7h:auto_generated                      ; work         ;
+-------------------------------------------------+-------------+--------------+------------+------+--------------+--------------+-------------------+------------------+-----------------+------------+-----------------------------------------------------------------------------------------------------------------------------+--------------+
Note: For table entries with two numbers listed, the numbers in parentheses indicate the number of resources of the given type used by the specific entity alone. The numbers listed outside of parentheses indicate the total resources of the given type used by the specific entity and all of its sub-entities in the hierarchy.


+-------------------------------------------------------------------------------------------------------+
; User-Specified and Inferred Latches                                                                   ;
+-----------------------------------------------------+------------------------+------------------------+
; Latch Name                                          ; Latch Enable Signal    ; Free of Timing Hazards ;
+-----------------------------------------------------+------------------------+------------------------+
; dda_module:inst|74373b:inst2|19                     ; dda_module:inst|inst8  ; yes                    ;
; dda_module:inst|74373b:inst7|19                     ; dda_module:inst|inst10 ; yes                    ;
; dda_module:inst|74373b:inst18|19                    ; dda_module:inst|inst21 ; yes                    ;
; 74373b:inst1|18                                     ; NADV                   ; yes                    ;
; 74373b:inst1|17                                     ; NADV                   ; yes                    ;
; 74373b:inst1|16                                     ; NADV                   ; yes                    ;
; 74373b:inst1|14                                     ; NADV                   ; yes                    ;
; 74373b:inst1|13                                     ; NADV                   ; yes                    ;
; 74373b:inst1|12                                     ; NADV                   ; yes                    ;
; dda_module:inst|74373b:inst2|13                     ; dda_module:inst|inst8  ; yes                    ;
; dda_module:inst|74373b:inst2|14                     ; dda_module:inst|inst8  ; yes                    ;
; dda_module:inst|74373b:inst2|15                     ; dda_module:inst|inst8  ; yes                    ;
; dda_module:inst|74373b:inst2|16                     ; dda_module:inst|inst8  ; yes                    ;
; dda_module:inst|74373b:inst2|17                     ; dda_module:inst|inst8  ; yes                    ;
; dda_module:inst|74373b:inst2|18                     ; dda_module:inst|inst8  ; yes                    ;
; dda_module:inst|74373b:inst7|13                     ; dda_module:inst|inst10 ; yes                    ;
; dda_module:inst|74373b:inst7|14                     ; dda_module:inst|inst10 ; yes                    ;
; dda_module:inst|74373b:inst7|15                     ; dda_module:inst|inst10 ; yes                    ;
; dda_module:inst|74373b:inst7|16                     ; dda_module:inst|inst10 ; yes                    ;
; dda_module:inst|74373b:inst7|17                     ; dda_module:inst|inst10 ; yes                    ;
; dda_module:inst|74373b:inst7|18                     ; dda_module:inst|inst10 ; yes                    ;
; dda_module:inst|74373b:inst18|13                    ; dda_module:inst|inst21 ; yes                    ;
; dda_module:inst|74373b:inst18|14                    ; dda_module:inst|inst21 ; yes                    ;
; dda_module:inst|74373b:inst18|15                    ; dda_module:inst|inst21 ; yes                    ;
; dda_module:inst|74373b:inst18|16                    ; dda_module:inst|inst21 ; yes                    ;
; dda_module:inst|74373b:inst18|17                    ; dda_module:inst|inst21 ; yes                    ;
; dda_module:inst|74373b:inst18|18                    ; dda_module:inst|inst21 ; yes                    ;
; dda_module:inst|74373b:inst2|12                     ; dda_module:inst|inst8  ; yes                    ;
; dda_module:inst|74373b:inst7|12                     ; dda_module:inst|inst10 ; yes                    ;
; dda_module:inst|74373b:inst18|12                    ; dda_module:inst|inst21 ; yes                    ;
; Number of user-specified and inferred latches = 30  ;                        ;                        ;
+-----------------------------------------------------+------------------------+------------------------+
Note: All latches listed above may not be present at the end of synthesis due to various synthesis optimizations.


+---------------------------------------------------------------------------------------------------------------------------------------------------------------+
; Registers Removed During Synthesis                                                                                                                            ;
+-------------------------------------------------------------------------------------------------------+-------------------------------------------------------+
; Register name                                                                                         ; Reason for Removal                                    ;
+-------------------------------------------------------------------------------------------------------+-------------------------------------------------------+
; dda_module:inst|test:inst5|Ntemp[7]                                                                   ; Stuck at GND due to stuck port data_in                ;
; dda_module:inst|test:inst4|Ntemp[7]                                                                   ; Stuck at GND due to stuck port data_in                ;
; dda_module:inst|test:inst|Ntemp[7]                                                                    ; Stuck at GND due to stuck port data_in                ;
; encoder:inst18|lpm_counter0:inst3|lpm_counter:lpm_counter_component|cntr_g7h:auto_generated|safe_q[2] ; Lost fanout                                           ;
; encoder:inst33|lpm_counter0:inst3|lpm_counter:lpm_counter_component|cntr_g7h:auto_generated|safe_q[2] ; Lost fanout                                           ;
; dda_module:inst|test:inst|pre_WR                                                                      ; Merged with dda_module:inst|test:inst5|pre_WR         ;
; dda_module:inst|test:inst4|pre_WR                                                                     ; Merged with dda_module:inst|test:inst5|pre_WR         ;
; dda_module:inst|test:inst4|clk20u                                                                     ; Merged with dda_module:inst|test:inst5|clk20u         ;
; dda_module:inst|test:inst|clk20u                                                                      ; Merged with dda_module:inst|test:inst5|clk20u         ;
; dda_module:inst|test:inst4|clk20u_cnt[0]                                                              ; Merged with dda_module:inst|test:inst5|clk20u_cnt[0]  ;
; dda_module:inst|test:inst|clk20u_cnt[0]                                                               ; Merged with dda_module:inst|test:inst5|clk20u_cnt[0]  ;
; dda_module:inst|test:inst4|clk20u_cnt[1]                                                              ; Merged with dda_module:inst|test:inst5|clk20u_cnt[1]  ;
; dda_module:inst|test:inst|clk20u_cnt[1]                                                               ; Merged with dda_module:inst|test:inst5|clk20u_cnt[1]  ;
; dda_module:inst|test:inst4|clk20u_cnt[2]                                                              ; Merged with dda_module:inst|test:inst5|clk20u_cnt[2]  ;
; dda_module:inst|test:inst|clk20u_cnt[2]                                                               ; Merged with dda_module:inst|test:inst5|clk20u_cnt[2]  ;
; dda_module:inst|test:inst4|clk20u_cnt[3]                                                              ; Merged with dda_module:inst|test:inst5|clk20u_cnt[3]  ;
; dda_module:inst|test:inst|clk20u_cnt[3]                                                               ; Merged with dda_module:inst|test:inst5|clk20u_cnt[3]  ;
; dda_module:inst|test:inst4|clk20u_cnt[4]                                                              ; Merged with dda_module:inst|test:inst5|clk20u_cnt[4]  ;
; dda_module:inst|test:inst|clk20u_cnt[4]                                                               ; Merged with dda_module:inst|test:inst5|clk20u_cnt[4]  ;
; dda_module:inst|test:inst4|clk20u_cnt[5]                                                              ; Merged with dda_module:inst|test:inst5|clk20u_cnt[5]  ;
; dda_module:inst|test:inst|clk20u_cnt[5]                                                               ; Merged with dda_module:inst|test:inst5|clk20u_cnt[5]  ;
; dda_module:inst|test:inst4|clk20u_cnt[6]                                                              ; Merged with dda_module:inst|test:inst5|clk20u_cnt[6]  ;
; dda_module:inst|test:inst|clk20u_cnt[6]                                                               ; Merged with dda_module:inst|test:inst5|clk20u_cnt[6]  ;
; dda_module:inst|test:inst4|clk20u_cnt[7]                                                              ; Merged with dda_module:inst|test:inst5|clk20u_cnt[7]  ;
; dda_module:inst|test:inst|clk20u_cnt[7]                                                               ; Merged with dda_module:inst|test:inst5|clk20u_cnt[7]  ;
; dda_module:inst|test:inst4|clk20u_cnt[8]                                                              ; Merged with dda_module:inst|test:inst5|clk20u_cnt[8]  ;
; dda_module:inst|test:inst|clk20u_cnt[8]                                                               ; Merged with dda_module:inst|test:inst5|clk20u_cnt[8]  ;
; dda_module:inst|test:inst4|clk20u_cnt[9]                                                              ; Merged with dda_module:inst|test:inst5|clk20u_cnt[9]  ;
; dda_module:inst|test:inst|clk20u_cnt[9]                                                               ; Merged with dda_module:inst|test:inst5|clk20u_cnt[9]  ;
; dda_module:inst|test:inst4|clk20u_cnt[10]                                                             ; Merged with dda_module:inst|test:inst5|clk20u_cnt[10] ;
; dda_module:inst|test:inst|clk20u_cnt[10]                                                              ; Merged with dda_module:inst|test:inst5|clk20u_cnt[10] ;
; dda_module:inst|test:inst4|clk20u_cnt[11]                                                             ; Merged with dda_module:inst|test:inst5|clk20u_cnt[11] ;
; dda_module:inst|test:inst|clk20u_cnt[11]                                                              ; Merged with dda_module:inst|test:inst5|clk20u_cnt[11] ;
; dda_module:inst|test:inst4|clk20u_cnt[12]                                                             ; Merged with dda_module:inst|test:inst5|clk20u_cnt[12] ;
; dda_module:inst|test:inst|clk20u_cnt[12]                                                              ; Merged with dda_module:inst|test:inst5|clk20u_cnt[12] ;
; dda_module:inst|test:inst4|clk20u_cnt[13]                                                             ; Merged with dda_module:inst|test:inst5|clk20u_cnt[13] ;
; dda_module:inst|test:inst|clk20u_cnt[13]                                                              ; Merged with dda_module:inst|test:inst5|clk20u_cnt[13] ;
; dda_module:inst|test:inst4|clk20u_cnt[14]                                                             ; Merged with dda_module:inst|test:inst5|clk20u_cnt[14] ;
; dda_module:inst|test:inst|clk20u_cnt[14]                                                              ; Merged with dda_module:inst|test:inst5|clk20u_cnt[14] ;
; dda_module:inst|test:inst4|clk_cnt[0]                                                                 ; Merged with dda_module:inst|test:inst5|clk_cnt[0]     ;
; dda_module:inst|test:inst|clk_cnt[0]                                                                  ; Merged with dda_module:inst|test:inst5|clk_cnt[0]     ;
; dda_module:inst|test:inst4|clk_cnt[1]                                                                 ; Merged with dda_module:inst|test:inst5|clk_cnt[1]     ;
; dda_module:inst|test:inst|clk_cnt[1]                                                                  ; Merged with dda_module:inst|test:inst5|clk_cnt[1]     ;
; dda_module:inst|test:inst4|clk_cnt[2]                                                                 ; Merged with dda_module:inst|test:inst5|clk_cnt[2]     ;
; dda_module:inst|test:inst|clk_cnt[2]                                                                  ; Merged with dda_module:inst|test:inst5|clk_cnt[2]     ;
; dda_module:inst|test:inst4|clk_cnt[3]                                                                 ; Merged with dda_module:inst|test:inst5|clk_cnt[3]     ;
; dda_module:inst|test:inst|clk_cnt[3]                                                                  ; Merged with dda_module:inst|test:inst5|clk_cnt[3]     ;
; dda_module:inst|test:inst4|clk_cnt[4]                                                                 ; Merged with dda_module:inst|test:inst5|clk_cnt[4]     ;
; dda_module:inst|test:inst|clk_cnt[4]                                                                  ; Merged with dda_module:inst|test:inst5|clk_cnt[4]     ;
; dda_module:inst|test:inst4|clk_cnt[5]                                                                 ; Merged with dda_module:inst|test:inst5|clk_cnt[5]     ;
; dda_module:inst|test:inst|clk_cnt[5]                                                                  ; Merged with dda_module:inst|test:inst5|clk_cnt[5]     ;
; dda_module:inst|test:inst4|clk_cnt[6]                                                                 ; Merged with dda_module:inst|test:inst5|clk_cnt[6]     ;
; dda_module:inst|test:inst|clk_cnt[6]                                                                  ; Merged with dda_module:inst|test:inst5|clk_cnt[6]     ;
; dda_module:inst|test:inst4|clk_cnt[7]                                                                 ; Merged with dda_module:inst|test:inst5|clk_cnt[7]     ;
; dda_module:inst|test:inst|clk_cnt[7]                                                                  ; Merged with dda_module:inst|test:inst5|clk_cnt[7]     ;
; dda_module:inst|test:inst4|clk_cnt[8]                                                                 ; Merged with dda_module:inst|test:inst5|clk_cnt[8]     ;
; dda_module:inst|test:inst|clk_cnt[8]                                                                  ; Merged with dda_module:inst|test:inst5|clk_cnt[8]     ;
; dda_module:inst|test:inst4|clk_cnt[9]                                                                 ; Merged with dda_module:inst|test:inst5|clk_cnt[9]     ;
; dda_module:inst|test:inst|clk_cnt[9]                                                                  ; Merged with dda_module:inst|test:inst5|clk_cnt[9]     ;
; dda_module:inst|test:inst4|clk_cnt[10]                                                                ; Merged with dda_module:inst|test:inst5|clk_cnt[10]    ;
; dda_module:inst|test:inst|clk_cnt[10]                                                                 ; Merged with dda_module:inst|test:inst5|clk_cnt[10]    ;
; dda_module:inst|test:inst4|busy                                                                       ; Merged with dda_module:inst|test:inst5|busy           ;
; dda_module:inst|test:inst|busy                                                                        ; Merged with dda_module:inst|test:inst5|busy           ;
; dda_module:inst|test:inst5|clk20u_cnt[0]                                                              ; Merged with dda_module:inst|test:inst5|clk20u         ;
; Total Number of Removed Registers = 64                                                                ;                                                       ;
+-------------------------------------------------------------------------------------------------------+-------------------------------------------------------+


+------------------------------------------------------+
; General Register Statistics                          ;
+----------------------------------------------+-------+
; Statistic                                    ; Value ;
+----------------------------------------------+-------+
; Total registers                              ; 135   ;
; Number of registers using Synchronous Clear  ; 11    ;
; Number of registers using Synchronous Load   ; 0     ;
; Number of registers using Asynchronous Clear ; 32    ;
; Number of registers using Asynchronous Load  ; 0     ;
; Number of registers using Clock Enable       ; 97    ;
; Number of registers using Preset             ; 0     ;
+----------------------------------------------+-------+


+--------------------------------------------------+
; Inverted Register Statistics                     ;
+----------------------------------------+---------+
; Inverted Register                      ; Fan out ;
+----------------------------------------+---------+
; dda_module:inst|test:inst|acc[5]       ; 1       ;
; dda_module:inst|test:inst|acc[4]       ; 1       ;
; dda_module:inst|test:inst4|acc[5]      ; 1       ;
; dda_module:inst|test:inst4|acc[4]      ; 1       ;
; dda_module:inst|test:inst5|acc[5]      ; 1       ;
; dda_module:inst|test:inst5|acc[4]      ; 1       ;
; Total number of inverted registers = 6 ;         ;
+----------------------------------------+---------+


+--------------------------------------------------------------------------------------------------------------------------------------------------------------------+
; Multiplexer Restructuring Statistics (Restructuring Performed)                                                                                                     ;
+--------------------+-----------+---------------+----------------------+------------------------+------------+------------------------------------------------------+
; Multiplexer Inputs ; Bus Width ; Baseline Area ; Area if Restructured ; Saving if Restructured ; Registered ; Example Multiplexer Output                           ;
+--------------------+-----------+---------------+----------------------+------------------------+------------+------------------------------------------------------+
; 3:1                ; 11 bits   ; 22 LEs        ; 11 LEs               ; 11 LEs                 ; Yes        ; |xuat_xung|dda_module:inst|test:inst5|clk_cnt[3]     ;
; 3:1                ; 14 bits   ; 28 LEs        ; 14 LEs               ; 14 LEs                 ; Yes        ; |xuat_xung|dda_module:inst|test:inst5|clk20u_cnt[11] ;
; 5:1                ; 3 bits    ; 9 LEs         ; 3 LEs                ; 6 LEs                  ; Yes        ; |xuat_xung|dda_module:inst|test:inst|pulse           ;
; 5:1                ; 3 bits    ; 9 LEs         ; 3 LEs                ; 6 LEs                  ; Yes        ; |xuat_xung|dda_module:inst|test:inst|acc[0]          ;
; 6:1                ; 5 bits    ; 20 LEs        ; 10 LEs               ; 10 LEs                 ; Yes        ; |xuat_xung|dda_module:inst|test:inst|acc[6]          ;
; 6:1                ; 5 bits    ; 20 LEs        ; 10 LEs               ; 10 LEs                 ; Yes        ; |xuat_xung|dda_module:inst|test:inst4|acc[6]         ;
; 6:1                ; 5 bits    ; 20 LEs        ; 10 LEs               ; 10 LEs                 ; Yes        ; |xuat_xung|dda_module:inst|test:inst5|acc[6]         ;
; 6:1                ; 2 bits    ; 8 LEs         ; 4 LEs                ; 4 LEs                  ; Yes        ; |xuat_xung|dda_module:inst|test:inst|acc[5]          ;
; 6:1                ; 2 bits    ; 8 LEs         ; 4 LEs                ; 4 LEs                  ; Yes        ; |xuat_xung|dda_module:inst|test:inst4|acc[5]         ;
; 6:1                ; 2 bits    ; 8 LEs         ; 4 LEs                ; 4 LEs                  ; Yes        ; |xuat_xung|dda_module:inst|test:inst5|acc[5]         ;
+--------------------+-----------+---------------+----------------------+------------------------+------------+------------------------------------------------------+


+-----------------------------------------------------------------------------------------------------------------+
; Source assignments for encoder:inst33|encoder_module:inst1|lpm_counter2:inst5|lpm_counter:lpm_counter_component ;
+---------------------------+-------+------+----------------------------------------------------------------------+
; Assignment                ; Value ; From ; To                                                                   ;
+---------------------------+-------+------+----------------------------------------------------------------------+
; SUPPRESS_DA_RULE_INTERNAL ; a101  ; -    ; -                                                                    ;
; SUPPRESS_DA_RULE_INTERNAL ; s102  ; -    ; -                                                                    ;
; SUPPRESS_DA_RULE_INTERNAL ; s103  ; -    ; -                                                                    ;
+---------------------------+-------+------+----------------------------------------------------------------------+


+--------------------------------------------------------------------------------------------+
; Source assignments for encoder:inst33|lpm_counter0:inst3|lpm_counter:lpm_counter_component ;
+---------------------------+-------+------+-------------------------------------------------+
; Assignment                ; Value ; From ; To                                              ;
+---------------------------+-------+------+-------------------------------------------------+
; SUPPRESS_DA_RULE_INTERNAL ; a101  ; -    ; -                                               ;
; SUPPRESS_DA_RULE_INTERNAL ; s102  ; -    ; -                                               ;
; SUPPRESS_DA_RULE_INTERNAL ; s103  ; -    ; -                                               ;
+---------------------------+-------+------+-------------------------------------------------+


+-----------------------------------------------------------------------------------------------------------------+
; Source assignments for encoder:inst18|encoder_module:inst1|lpm_counter2:inst5|lpm_counter:lpm_counter_component ;
+---------------------------+-------+------+----------------------------------------------------------------------+
; Assignment                ; Value ; From ; To                                                                   ;
+---------------------------+-------+------+----------------------------------------------------------------------+
; SUPPRESS_DA_RULE_INTERNAL ; a101  ; -    ; -                                                                    ;
; SUPPRESS_DA_RULE_INTERNAL ; s102  ; -    ; -                                                                    ;
; SUPPRESS_DA_RULE_INTERNAL ; s103  ; -    ; -                                                                    ;
+---------------------------+-------+------+----------------------------------------------------------------------+


+--------------------------------------------------------------------------------------------+
; Source assignments for encoder:inst18|lpm_counter0:inst3|lpm_counter:lpm_counter_component ;
+---------------------------+-------+------+-------------------------------------------------+
; Assignment                ; Value ; From ; To                                              ;
+---------------------------+-------+------+-------------------------------------------------+
; SUPPRESS_DA_RULE_INTERNAL ; a101  ; -    ; -                                               ;
; SUPPRESS_DA_RULE_INTERNAL ; s102  ; -    ; -                                               ;
; SUPPRESS_DA_RULE_INTERNAL ; s103  ; -    ; -                                               ;
+---------------------------+-------+------+-------------------------------------------------+


+------------------------------------------------------------------------+
; Parameter Settings for User Entity Instance: dda_module:inst|test:inst ;
+----------------+-------+-----------------------------------------------+
; Parameter Name ; Value ; Type                                          ;
+----------------+-------+-----------------------------------------------+
; Nmax           ; 50    ; Signed Integer                                ;
; Nmax1          ; 48    ; Signed Integer                                ;
; Nmax2          ; 100   ; Signed Integer                                ;
+----------------+-------+-----------------------------------------------+
Note: In order to hide this table in the UI and the text report file, please set the "Show Parameter Settings Tables in Synthesis Report" option in "Analysis and Synthesis Settings -> More Settings" to "Off".


+-------------------------------------------------------------------------+
; Parameter Settings for User Entity Instance: dda_module:inst|test:inst4 ;
+----------------+-------+------------------------------------------------+
; Parameter Name ; Value ; Type                                           ;
+----------------+-------+------------------------------------------------+
; Nmax           ; 50    ; Signed Integer                                 ;
; Nmax1          ; 48    ; Signed Integer                                 ;
; Nmax2          ; 100   ; Signed Integer                                 ;
+----------------+-------+------------------------------------------------+
Note: In order to hide this table in the UI and the text report file, please set the "Show Parameter Settings Tables in Synthesis Report" option in "Analysis and Synthesis Settings -> More Settings" to "Off".


+-------------------------------------------------------------------------+
; Parameter Settings for User Entity Instance: dda_module:inst|test:inst5 ;
+----------------+-------+------------------------------------------------+
; Parameter Name ; Value ; Type                                           ;
+----------------+-------+------------------------------------------------+
; Nmax           ; 50    ; Signed Integer                                 ;
; Nmax1          ; 48    ; Signed Integer                                 ;
; Nmax2          ; 100   ; Signed Integer                                 ;
+----------------+-------+------------------------------------------------+
Note: In order to hide this table in the UI and the text report file, please set the "Show Parameter Settings Tables in Synthesis Report" option in "Analysis and Synthesis Settings -> More Settings" to "Off".


+---------------------------------------------------------------------------------------------------------------+
; Parameter Settings for User Entity Instance: encoder:inst33|lpm_bustri0:inst2|lpm_bustri:lpm_bustri_component ;
+----------------+-------+--------------------------------------------------------------------------------------+
; Parameter Name ; Value ; Type                                                                                 ;
+----------------+-------+--------------------------------------------------------------------------------------+
; LPM_WIDTH      ; 16    ; Signed Integer                                                                       ;
+----------------+-------+--------------------------------------------------------------------------------------+
Note: In order to hide this table in the UI and the text report file, please set the "Show Parameter Settings Tables in Synthesis Report" option in "Analysis and Synthesis Settings -> More Settings" to "Off".


+---------------------------------------------------------------------------------------------------------------------------------------+
; Parameter Settings for User Entity Instance: encoder:inst33|encoder_module:inst1|lpm_counter2:inst5|lpm_counter:lpm_counter_component ;
+------------------------+-----------+--------------------------------------------------------------------------------------------------+
; Parameter Name         ; Value     ; Type                                                                                             ;
+------------------------+-----------+--------------------------------------------------------------------------------------------------+
; AUTO_CARRY_CHAINS      ; ON        ; AUTO_CARRY                                                                                       ;
; IGNORE_CARRY_BUFFERS   ; OFF       ; IGNORE_CARRY                                                                                     ;
; AUTO_CASCADE_CHAINS    ; ON        ; AUTO_CASCADE                                                                                     ;
; IGNORE_CASCADE_BUFFERS ; OFF       ; IGNORE_CASCADE                                                                                   ;
; LPM_WIDTH              ; 16        ; Untyped                                                                                          ;
; LPM_DIRECTION          ; DEFAULT   ; Untyped                                                                                          ;
; LPM_MODULUS            ; 0         ; Untyped                                                                                          ;
; LPM_AVALUE             ; UNUSED    ; Untyped                                                                                          ;
; LPM_SVALUE             ; UNUSED    ; Untyped                                                                                          ;
; LPM_PORT_UPDOWN        ; PORT_USED ; Untyped                                                                                          ;
; DEVICE_FAMILY          ; MAX II    ; Untyped                                                                                          ;
; CARRY_CHAIN            ; MANUAL    ; Untyped                                                                                          ;
; CARRY_CHAIN_LENGTH     ; 48        ; CARRY_CHAIN_LENGTH                                                                               ;
; NOT_GATE_PUSH_BACK     ; ON        ; NOT_GATE_PUSH_BACK                                                                               ;
; CARRY_CNT_EN           ; SMART     ; Untyped                                                                                          ;
; LABWIDE_SCLR           ; ON        ; Untyped                                                                                          ;
; USE_NEW_VERSION        ; TRUE      ; Untyped                                                                                          ;
; CBXI_PARAMETER         ; cntr_t2h  ; Untyped                                                                                          ;
+------------------------+-----------+--------------------------------------------------------------------------------------------------+
Note: In order to hide this table in the UI and the text report file, please set the "Show Parameter Settings Tables in Synthesis Report" option in "Analysis and Synthesis Settings -> More Settings" to "Off".


+--------------------------------------------------------------------------------------------------------------------------+
; Parameter Settings for User Entity Instance: encoder:inst33|encoder_module:inst1|lpm_xor0:inst|lpm_xor:lpm_xor_component ;
+----------------+-------+-------------------------------------------------------------------------------------------------+
; Parameter Name ; Value ; Type                                                                                            ;
+----------------+-------+-------------------------------------------------------------------------------------------------+
; LPM_WIDTH      ; 1     ; Signed Integer                                                                                  ;
; LPM_SIZE       ; 4     ; Signed Integer                                                                                  ;
+----------------+-------+-------------------------------------------------------------------------------------------------+
Note: In order to hide this table in the UI and the text report file, please set the "Show Parameter Settings Tables in Synthesis Report" option in "Analysis and Synthesis Settings -> More Settings" to "Off".


+------------------------------------------------------------------------------------------------------------------+
; Parameter Settings for User Entity Instance: encoder:inst33|lpm_counter0:inst3|lpm_counter:lpm_counter_component ;
+------------------------+-------------+---------------------------------------------------------------------------+
; Parameter Name         ; Value       ; Type                                                                      ;
+------------------------+-------------+---------------------------------------------------------------------------+
; AUTO_CARRY_CHAINS      ; ON          ; AUTO_CARRY                                                                ;
; IGNORE_CARRY_BUFFERS   ; OFF         ; IGNORE_CARRY                                                              ;
; AUTO_CASCADE_CHAINS    ; ON          ; AUTO_CASCADE                                                              ;
; IGNORE_CASCADE_BUFFERS ; OFF         ; IGNORE_CASCADE                                                            ;
; LPM_WIDTH              ; 3           ; Signed Integer                                                            ;
; LPM_DIRECTION          ; UP          ; Untyped                                                                   ;
; LPM_MODULUS            ; 0           ; Untyped                                                                   ;
; LPM_AVALUE             ; UNUSED      ; Untyped                                                                   ;
; LPM_SVALUE             ; UNUSED      ; Untyped                                                                   ;
; LPM_PORT_UPDOWN        ; PORT_UNUSED ; Untyped                                                                   ;
; DEVICE_FAMILY          ; MAX II      ; Untyped                                                                   ;
; CARRY_CHAIN            ; MANUAL      ; Untyped                                                                   ;
; CARRY_CHAIN_LENGTH     ; 48          ; CARRY_CHAIN_LENGTH                                                        ;
; NOT_GATE_PUSH_BACK     ; ON          ; NOT_GATE_PUSH_BACK                                                        ;
; CARRY_CNT_EN           ; SMART       ; Untyped                                                                   ;
; LABWIDE_SCLR           ; ON          ; Untyped                                                                   ;
; USE_NEW_VERSION        ; TRUE        ; Untyped                                                                   ;
; CBXI_PARAMETER         ; cntr_g7h    ; Untyped                                                                   ;
+------------------------+-------------+---------------------------------------------------------------------------+
Note: In order to hide this table in the UI and the text report file, please set the "Show Parameter Settings Tables in Synthesis Report" option in "Analysis and Synthesis Settings -> More Settings" to "Off".


+---------------------------------------------------------------------------------------------------------------+
; Parameter Settings for User Entity Instance: encoder:inst18|lpm_bustri0:inst2|lpm_bustri:lpm_bustri_component ;
+----------------+-------+--------------------------------------------------------------------------------------+
; Parameter Name ; Value ; Type                                                                                 ;
+----------------+-------+--------------------------------------------------------------------------------------+
; LPM_WIDTH      ; 16    ; Signed Integer                                                                       ;
+----------------+-------+--------------------------------------------------------------------------------------+
Note: In order to hide this table in the UI and the text report file, please set the "Show Parameter Settings Tables in Synthesis Report" option in "Analysis and Synthesis Settings -> More Settings" to "Off".


+---------------------------------------------------------------------------------------------------------------------------------------+
; Parameter Settings for User Entity Instance: encoder:inst18|encoder_module:inst1|lpm_counter2:inst5|lpm_counter:lpm_counter_component ;
+------------------------+-----------+--------------------------------------------------------------------------------------------------+
; Parameter Name         ; Value     ; Type                                                                                             ;
+------------------------+-----------+--------------------------------------------------------------------------------------------------+
; AUTO_CARRY_CHAINS      ; ON        ; AUTO_CARRY                                                                                       ;
; IGNORE_CARRY_BUFFERS   ; OFF       ; IGNORE_CARRY                                                                                     ;
; AUTO_CASCADE_CHAINS    ; ON        ; AUTO_CASCADE                                                                                     ;
; IGNORE_CASCADE_BUFFERS ; OFF       ; IGNORE_CASCADE                                                                                   ;
; LPM_WIDTH              ; 16        ; Untyped                                                                                          ;
; LPM_DIRECTION          ; DEFAULT   ; Untyped                                                                                          ;
; LPM_MODULUS            ; 0         ; Untyped                                                                                          ;
; LPM_AVALUE             ; UNUSED    ; Untyped                                                                                          ;
; LPM_SVALUE             ; UNUSED    ; Untyped                                                                                          ;
; LPM_PORT_UPDOWN        ; PORT_USED ; Untyped                                                                                          ;
; DEVICE_FAMILY          ; MAX II    ; Untyped                                                                                          ;
; CARRY_CHAIN            ; MANUAL    ; Untyped                                                                                          ;
; CARRY_CHAIN_LENGTH     ; 48        ; CARRY_CHAIN_LENGTH                                                                               ;
; NOT_GATE_PUSH_BACK     ; ON        ; NOT_GATE_PUSH_BACK                                                                               ;
; CARRY_CNT_EN           ; SMART     ; Untyped                                                                                          ;
; LABWIDE_SCLR           ; ON        ; Untyped                                                                                          ;
; USE_NEW_VERSION        ; TRUE      ; Untyped                                                                                          ;
; CBXI_PARAMETER         ; cntr_t2h  ; Untyped                                                                                          ;
+------------------------+-----------+--------------------------------------------------------------------------------------------------+
Note: In order to hide this table in the UI and the text report file, please set the "Show Parameter Settings Tables in Synthesis Report" option in "Analysis and Synthesis Settings -> More Settings" to "Off".


+--------------------------------------------------------------------------------------------------------------------------+
; Parameter Settings for User Entity Instance: encoder:inst18|encoder_module:inst1|lpm_xor0:inst|lpm_xor:lpm_xor_component ;
+----------------+-------+-------------------------------------------------------------------------------------------------+
; Parameter Name ; Value ; Type                                                                                            ;
+----------------+-------+-------------------------------------------------------------------------------------------------+
; LPM_WIDTH      ; 1     ; Signed Integer                                                                                  ;
; LPM_SIZE       ; 4     ; Signed Integer                                                                                  ;
+----------------+-------+-------------------------------------------------------------------------------------------------+
Note: In order to hide this table in the UI and the text report file, please set the "Show Parameter Settings Tables in Synthesis Report" option in "Analysis and Synthesis Settings -> More Settings" to "Off".


+------------------------------------------------------------------------------------------------------------------+
; Parameter Settings for User Entity Instance: encoder:inst18|lpm_counter0:inst3|lpm_counter:lpm_counter_component ;
+------------------------+-------------+---------------------------------------------------------------------------+
; Parameter Name         ; Value       ; Type                                                                      ;
+------------------------+-------------+---------------------------------------------------------------------------+
; AUTO_CARRY_CHAINS      ; ON          ; AUTO_CARRY                                                                ;
; IGNORE_CARRY_BUFFERS   ; OFF         ; IGNORE_CARRY                                                              ;
; AUTO_CASCADE_CHAINS    ; ON          ; AUTO_CASCADE                                                              ;
; IGNORE_CASCADE_BUFFERS ; OFF         ; IGNORE_CASCADE                                                            ;
; LPM_WIDTH              ; 3           ; Signed Integer                                                            ;
; LPM_DIRECTION          ; UP          ; Untyped                                                                   ;
; LPM_MODULUS            ; 0           ; Untyped                                                                   ;
; LPM_AVALUE             ; UNUSED      ; Untyped                                                                   ;
; LPM_SVALUE             ; UNUSED      ; Untyped                                                                   ;
; LPM_PORT_UPDOWN        ; PORT_UNUSED ; Untyped                                                                   ;
; DEVICE_FAMILY          ; MAX II      ; Untyped                                                                   ;
; CARRY_CHAIN            ; MANUAL      ; Untyped                                                                   ;
; CARRY_CHAIN_LENGTH     ; 48          ; CARRY_CHAIN_LENGTH                                                        ;
; NOT_GATE_PUSH_BACK     ; ON          ; NOT_GATE_PUSH_BACK                                                        ;
; CARRY_CNT_EN           ; SMART       ; Untyped                                                                   ;
; LABWIDE_SCLR           ; ON          ; Untyped                                                                   ;
; USE_NEW_VERSION        ; TRUE        ; Untyped                                                                   ;
; CBXI_PARAMETER         ; cntr_g7h    ; Untyped                                                                   ;
+------------------------+-------------+---------------------------------------------------------------------------+
Note: In order to hide this table in the UI and the text report file, please set the "Show Parameter Settings Tables in Synthesis Report" option in "Analysis and Synthesis Settings -> More Settings" to "Off".


+-------------------------------+
; Analysis & Synthesis Messages ;
+-------------------------------+
Info: *******************************************************************
Info: Running Quartus II Analysis & Synthesis
    Info: Version 9.1 Build 350 03/24/2010 Service Pack 2 SJ Web Edition
    Info: Processing started: Wed Jun 05 19:42:42 2019
Info: Command: quartus_map --read_settings_files=on --write_settings_files=off test -c test
Warning: Tcl Script File ../../Hexapod_K14/CPLD_New/CPLD_New/lpm_counter4.qip not found
    Info: set_global_assignment -name QIP_FILE ../../Hexapod_K14/CPLD_New/CPLD_New/lpm_counter4.qip
Info: Found 1 design units, including 1 entities, in source file xuat_xung.bdf
    Info: Found entity 1: xuat_xung
Info: Found 1 design units, including 1 entities, in source file test.v
    Info: Found entity 1: test
Info: Found 1 design units, including 1 entities, in source file enc_filter.bdf
    Info: Found entity 1: enc_filter
Info: Found 1 design units, including 1 entities, in source file encoder_module.bdf
    Info: Found entity 1: encoder_module
Info: Found 1 design units, including 1 entities, in source file encoder.bdf
    Info: Found entity 1: encoder
Info: Found 1 design units, including 1 entities, in source file lpm_bustri0.v
    Info: Found entity 1: lpm_bustri0
Info: Found 1 design units, including 1 entities, in source file lpm_xor0.v
    Info: Found entity 1: lpm_xor0
Info: Found 1 design units, including 1 entities, in source file lpm_counter0.v
    Info: Found entity 1: lpm_counter0
Info: Elaborating entity "xuat_xung" for the top level hierarchy
Warning: Pin "ENC_1A" not connected
Warning: Pin "ENC_1B" not connected
Warning: Pin "ENC_2A" not connected
Warning: Pin "ENC_2B" not connected
Warning: Pin "ENC_3A" not connected
Warning: Pin "ENC_3B" not connected
Warning: Using design file dda_module.bdf, which is not specified as a design file for the current project, but contains definitions for 1 design units and 1 entities in project
    Info: Found entity 1: dda_module
Info: Elaborating entity "dda_module" for hierarchy "dda_module:inst"
Info: Elaborating entity "test" for hierarchy "dda_module:inst|test:inst"
Warning (10036): Verilog HDL or VHDL warning at test.v(22): object "temp" assigned a value but never read
Warning (10230): Verilog HDL assignment warning at test.v(17): truncated value with size 32 to match size of target (8)
Warning (10230): Verilog HDL assignment warning at test.v(51): truncated value with size 32 to match size of target (8)
Warning (10230): Verilog HDL assignment warning at test.v(57): truncated value with size 32 to match size of target (11)
Warning (10230): Verilog HDL assignment warning at test.v(64): truncated value with size 32 to match size of target (15)
Warning (10230): Verilog HDL assignment warning at test.v(72): truncated value with size 32 to match size of target (8)
Info: Elaborating entity "74373b" for hierarchy "dda_module:inst|74373b:inst2"
Info: Elaborated megafunction instantiation "dda_module:inst|74373b:inst2"
Info: Elaborating entity "74138" for hierarchy "dda_module:inst|74138:inst41"
Info: Elaborated megafunction instantiation "dda_module:inst|74138:inst41"
Info: Elaborating entity "encoder" for hierarchy "encoder:inst33"
Info: Elaborating entity "lpm_bustri0" for hierarchy "encoder:inst33|lpm_bustri0:inst2"
Info: Elaborating entity "lpm_bustri" for hierarchy "encoder:inst33|lpm_bustri0:inst2|lpm_bustri:lpm_bustri_component"
Info: Elaborated megafunction instantiation "encoder:inst33|lpm_bustri0:inst2|lpm_bustri:lpm_bustri_component"
Info: Instantiated megafunction "encoder:inst33|lpm_bustri0:inst2|lpm_bustri:lpm_bustri_component" with the following parameter:
    Info: Parameter "lpm_type" = "LPM_BUSTRI"
    Info: Parameter "lpm_width" = "16"
Info: Elaborating entity "encoder_module" for hierarchy "encoder:inst33|encoder_module:inst1"
Warning: Using design file lpm_counter2.tdf, which is not specified as a design file for the current project, but contains definitions for 1 design units and 1 entities in project
    Info: Found entity 1: lpm_counter2
Info: Elaborating entity "lpm_counter2" for hierarchy "encoder:inst33|encoder_module:inst1|lpm_counter2:inst5"
Info: Elaborating entity "lpm_counter" for hierarchy "encoder:inst33|encoder_module:inst1|lpm_counter2:inst5|lpm_counter:lpm_counter_component"
Info: Elaborated megafunction instantiation "encoder:inst33|encoder_module:inst1|lpm_counter2:inst5|lpm_counter:lpm_counter_component"
Info: Instantiated megafunction "encoder:inst33|encoder_module:inst1|lpm_counter2:inst5|lpm_counter:lpm_counter_component" with the following parameter:
    Info: Parameter "LPM_TYPE" = "LPM_COUNTER"
    Info: Parameter "LPM_WIDTH" = "16"
    Info: Parameter "LPM_DIRECTION" = "UNUSED"
    Info: Parameter "LPM_PORT_UPDOWN" = "PORT_USED"
Info: Found 1 design units, including 1 entities, in source file db/cntr_t2h.tdf
    Info: Found entity 1: cntr_t2h
Info: Elaborating entity "cntr_t2h" for hierarchy "encoder:inst33|encoder_module:inst1|lpm_counter2:inst5|lpm_counter:lpm_counter_component|cntr_t2h:auto_generated"
Info: Elaborating entity "lpm_xor0" for hierarchy "encoder:inst33|encoder_module:inst1|lpm_xor0:inst"
Info: Elaborating entity "lpm_xor" for hierarchy "encoder:inst33|encoder_module:inst1|lpm_xor0:inst|lpm_xor:lpm_xor_component"
Info: Elaborated megafunction instantiation "encoder:inst33|encoder_module:inst1|lpm_xor0:inst|lpm_xor:lpm_xor_component"
Info: Instantiated megafunction "encoder:inst33|encoder_module:inst1|lpm_xor0:inst|lpm_xor:lpm_xor_component" with the following parameter:
    Info: Parameter "lpm_size" = "4"
    Info: Parameter "lpm_type" = "LPM_XOR"
    Info: Parameter "lpm_width" = "1"
Info: Elaborating entity "enc_filter" for hierarchy "encoder:inst33|enc_filter:inst"
Info: Elaborating entity "lpm_counter0" for hierarchy "encoder:inst33|lpm_counter0:inst3"
Info: Elaborating entity "lpm_counter" for hierarchy "encoder:inst33|lpm_counter0:inst3|lpm_counter:lpm_counter_component"
Info: Elaborated megafunction instantiation "encoder:inst33|lpm_counter0:inst3|lpm_counter:lpm_counter_component"
Info: Instantiated megafunction "encoder:inst33|lpm_counter0:inst3|lpm_counter:lpm_counter_component" with the following parameter:
    Info: Parameter "lpm_direction" = "UP"
    Info: Parameter "lpm_port_updown" = "PORT_UNUSED"
    Info: Parameter "lpm_type" = "LPM_COUNTER"
    Info: Parameter "lpm_width" = "3"
Info: Found 1 design units, including 1 entities, in source file db/cntr_g7h.tdf
    Info: Found entity 1: cntr_g7h
Info: Elaborating entity "cntr_g7h" for hierarchy "encoder:inst33|lpm_counter0:inst3|lpm_counter:lpm_counter_component|cntr_g7h:auto_generated"
Warning: Tri-state node(s) do not directly drive top-level pin(s)
    Warning: Converted tri-state buffer "74373b:inst1|73" feeding internal logic into a wire
    Warning: Converted tri-state buffer "74373b:inst1|72" feeding internal logic into a wire
    Warning: Converted tri-state buffer "74373b:inst1|71" feeding internal logic into a wire
    Warning: Converted tri-state buffer "74373b:inst1|69" feeding internal logic into a wire
    Warning: Converted tri-state buffer "74373b:inst1|68" feeding internal logic into a wire
    Warning: Converted tri-state buffer "74373b:inst1|67" feeding internal logic into a wire
    Warning: Converted tri-state buffer "dda_module:inst|74373b:inst18|74" feeding internal logic into a wire
    Warning: Converted tri-state buffer "dda_module:inst|74373b:inst18|73" feeding internal logic into a wire
    Warning: Converted tri-state buffer "dda_module:inst|74373b:inst18|72" feeding internal logic into a wire
    Warning: Converted tri-state buffer "dda_module:inst|74373b:inst18|71" feeding internal logic into a wire
    Warning: Converted tri-state buffer "dda_module:inst|74373b:inst18|70" feeding internal logic into a wire
    Warning: Converted tri-state buffer "dda_module:inst|74373b:inst18|69" feeding internal logic into a wire
    Warning: Converted tri-state buffer "dda_module:inst|74373b:inst18|68" feeding internal logic into a wire
    Warning: Converted tri-state buffer "dda_module:inst|74373b:inst18|67" feeding internal logic into a wire
    Warning: Converted tri-state buffer "dda_module:inst|74373b:inst7|74" feeding internal logic into a wire
    Warning: Converted tri-state buffer "dda_module:inst|74373b:inst7|73" feeding internal logic into a wire
    Warning: Converted tri-state buffer "dda_module:inst|74373b:inst7|72" feeding internal logic into a wire
    Warning: Converted tri-state buffer "dda_module:inst|74373b:inst7|71" feeding internal logic into a wire
    Warning: Converted tri-state buffer "dda_module:inst|74373b:inst7|70" feeding internal logic into a wire
    Warning: Converted tri-state buffer "dda_module:inst|74373b:inst7|69" feeding internal logic into a wire
    Warning: Converted tri-state buffer "dda_module:inst|74373b:inst7|68" feeding internal logic into a wire
    Warning: Converted tri-state buffer "dda_module:inst|74373b:inst7|67" feeding internal logic into a wire
    Warning: Converted tri-state buffer "dda_module:inst|74373b:inst2|74" feeding internal logic into a wire
    Warning: Converted tri-state buffer "dda_module:inst|74373b:inst2|73" feeding internal logic into a wire
    Warning: Converted tri-state buffer "dda_module:inst|74373b:inst2|72" feeding internal logic into a wire
    Warning: Converted tri-state buffer "dda_module:inst|74373b:inst2|71" feeding internal logic into a wire
    Warning: Converted tri-state buffer "dda_module:inst|74373b:inst2|70" feeding internal logic into a wire
    Warning: Converted tri-state buffer "dda_module:inst|74373b:inst2|69" feeding internal logic into a wire
    Warning: Converted tri-state buffer "dda_module:inst|74373b:inst2|68" feeding internal logic into a wire
    Warning: Converted tri-state buffer "dda_module:inst|74373b:inst2|67" feeding internal logic into a wire
Info: 2 registers lost all their fanouts during netlist optimizations. The first 2 are displayed below.
    Info: Register "encoder:inst18|lpm_counter0:inst3|lpm_counter:lpm_counter_component|cntr_g7h:auto_generated|safe_q[2]" lost all its fanouts during netlist optimizations.
    Info: Register "encoder:inst33|lpm_counter0:inst3|lpm_counter:lpm_counter_component|cntr_g7h:auto_generated|safe_q[2]" lost all its fanouts during netlist optimizations.
Warning: Design contains 6 input pin(s) that do not drive logic
    Warning (15610): No output dependent on input pin "ENC_1A"
    Warning (15610): No output dependent on input pin "ENC_1B"
    Warning (15610): No output dependent on input pin "ENC_2A"
    Warning (15610): No output dependent on input pin "ENC_2B"
    Warning (15610): No output dependent on input pin "ENC_3A"
    Warning (15610): No output dependent on input pin "ENC_3B"
Info: Implemented 322 device resources after synthesis - the final resource count might be different
    Info: Implemented 23 input pins
    Info: Implemented 10 output pins
    Info: Implemented 16 bidirectional pins
    Info: Implemented 273 logic cells
Info: Generated suppressed messages file D:/Thesis/Hardware-CPLD MAXII/test.map.smsg
Info: Quartus II Analysis & Synthesis was successful. 0 errors, 53 warnings
    Info: Peak virtual memory: 232 megabytes
    Info: Processing ended: Wed Jun 05 19:42:44 2019
    Info: Elapsed time: 00:00:02
    Info: Total CPU time (on all processors): 00:00:01


+------------------------------------------+
; Analysis & Synthesis Suppressed Messages ;
+------------------------------------------+
The suppressed messages can be found in D:/Thesis/Hardware-CPLD MAXII/test.map.smsg.


