--------------------------------------------------------------------------------------
Timing Analyzer Summary
--------------------------------------------------------------------------------------

Type           : Worst-case tsu
Slack          : N/A
Required Time  : None
Actual Time    : 6.837 ns
From           : PULSE_WR
To             : dda_module:inst|test:inst4|Ntemp[0]
From Clock     : --
To Clock       : CLK
Failed Paths   : 0

Type           : Worst-case tco
Slack          : N/A
Required Time  : None
Actual Time    : 18.226 ns
From           : encoder:inst33|encoder_module:inst1|lpm_counter2:inst5|lpm_counter:lpm_counter_component|cntr_t2h:auto_generated|safe_q[12]
To             : Data[12]
From Clock     : CLK
To Clock       : --
Failed Paths   : 0

Type           : Worst-case tpd
Slack          : N/A
Required Time  : None
Actual Time    : 13.672 ns
From           : NE1
To             : Data[0]
From Clock     : --
To Clock       : --
Failed Paths   : 0

Type           : Worst-case th
Slack          : N/A
Required Time  : None
Actual Time    : 9.162 ns
From           : Data[6]
To             : dda_module:inst|74373b:inst7|18
From Clock     : --
To Clock       : NADV
Failed Paths   : 0

Type           : Clock Setup: 'CLK'
Slack          : N/A
Required Time  : None
Actual Time    : 63.39 MHz ( period = 15.776 ns )
From           : encoder:inst18|enc_filter:inst|inst12
To             : encoder:inst18|encoder_module:inst1|lpm_counter2:inst5|lpm_counter:lpm_counter_component|cntr_t2h:auto_generated|safe_q[8]
From Clock     : CLK
To Clock       : CLK
Failed Paths   : 0

Type           : Total number of failed paths
Slack          : 
Required Time  : 
Actual Time    : 
From           : 
To             : 
From Clock     : 
To Clock       : 
Failed Paths   : 0

--------------------------------------------------------------------------------------

